0 verbose cli /usr/local/bin/node /usr/local/bin/npm
1 info using npm@8.19.4
2 info using node@v16.20.0
3 timing npm:load:whichnode Completed in 0ms
4 timing config:load:defaults Completed in 2ms
5 timing config:load:file:/usr/local/lib/node_modules/npm/npmrc Completed in 1ms
6 timing config:load:builtin Completed in 1ms
7 timing config:load:cli Completed in 1ms
8 timing config:load:env Completed in 1ms
9 timing config:load:file:/Users/enyata/Downloads/Implement File Instructions/.npmrc Completed in 1ms
10 timing config:load:project Completed in 4ms
11 timing config:load:file:/Users/enyata/.npmrc Completed in 0ms
12 timing config:load:user Completed in 0ms
13 timing config:load:file:/usr/local/etc/npmrc Completed in 0ms
14 timing config:load:global Completed in 0ms
15 timing config:load:validate Completed in 1ms
16 timing config:load:credentials Completed in 1ms
17 timing config:load:setEnvs Completed in 0ms
18 timing config:load Completed in 11ms
19 timing npm:load:configload Completed in 11ms
20 timing npm:load:mkdirpcache Completed in 4ms
21 timing npm:load:mkdirplogs Completed in 0ms
22 verbose title npm install
23 verbose argv "install"
24 timing npm:load:setTitle Completed in 25ms
25 timing config:load:flatten Completed in 2ms
26 timing npm:load:display Completed in 4ms
27 verbose logfile logs-max:10 dir:/Users/enyata/Downloads/Implement File Instructions/.npm-cache/_logs
28 verbose logfile /Users/enyata/Downloads/Implement File Instructions/.npm-cache/_logs/2026-04-13T22_08_46_914Z-debug-0.log
29 timing npm:load:logFile Completed in 4ms
30 timing npm:load:timers Completed in 0ms
31 timing npm:load:configScope Completed in 0ms
32 timing npm:load Completed in 49ms
33 timing arborist:ctor Completed in 0ms
34 silly logfile done cleaning log files
35 timing idealTree:init Completed in 251ms
36 timing idealTree:userRequests Completed in 0ms
37 silly idealTree buildDeps
38 silly fetch manifest react-router@7.14.1
39 timing arborist:ctor Completed in 0ms
40 http fetch GET 200 https://registry.npmjs.org/react-router 177ms (cache hit)
41 silly fetch manifest react@18.3.1
42 http fetch GET 200 https://registry.npmjs.org/react 13ms (cache hit)
43 silly fetch manifest react-dom@18.3.1
44 http fetch GET 200 https://registry.npmjs.org/react-dom 15ms (cache hit)
45 silly placeDep ROOT react-router@7.14.1 REPLACE for: @figma/my-make-file@0.0.1 want: 7.14.1
46 timing idealTree:#root Completed in 254ms
47 timing idealTree:node_modules/@tailwindcss/oxide-wasm32-wasi Completed in 0ms
48 timing idealTree:node_modules/react-router Completed in 0ms
49 timing idealTree:buildDeps Completed in 255ms
50 timing idealTree:fixDepFlags Completed in 4ms
51 warn EBADENGINE Unsupported engine {
51 warn EBADENGINE   package: '@figma/my-make-file@0.0.1',
51 warn EBADENGINE   required: { node: '>=20.0.0' },
51 warn EBADENGINE   current: { node: 'v16.20.0', npm: '8.19.4' }
51 warn EBADENGINE }
52 warn EBADENGINE Unsupported engine {
52 warn EBADENGINE   package: '@isaacs/fs-minipass@4.0.1',
52 warn EBADENGINE   required: { node: '>=18.0.0' },
52 warn EBADENGINE   current: { node: 'v16.20.0', npm: '8.19.4' }
52 warn EBADENGINE }
53 warn EBADENGINE Unsupported engine {
53 warn EBADENGINE   package: 'chownr@3.0.0',
53 warn EBADENGINE   required: { node: '>=18' },
53 warn EBADENGINE   current: { node: 'v16.20.0', npm: '8.19.4' }
53 warn EBADENGINE }
54 warn EBADENGINE Unsupported engine {
54 warn EBADENGINE   package: 'cookie@1.1.1',
54 warn EBADENGINE   required: { node: '>=18' },
54 warn EBADENGINE   current: { node: 'v16.20.0', npm: '8.19.4' }
54 warn EBADENGINE }
55 warn EBADENGINE Unsupported engine {
55 warn EBADENGINE   package: 'esbuild@0.25.12',
55 warn EBADENGINE   required: { node: '>=18' },
55 warn EBADENGINE   current: { node: 'v16.20.0', npm: '8.19.4' }
55 warn EBADENGINE }
56 warn EBADENGINE Unsupported engine {
56 warn EBADENGINE   package: 'minizlib@3.1.0',
56 warn EBADENGINE   required: { node: '>= 18' },
56 warn EBADENGINE   current: { node: 'v16.20.0', npm: '8.19.4' }
56 warn EBADENGINE }
57 warn EBADENGINE Unsupported engine {
57 warn EBADENGINE   package: 'react-hook-form@7.55.0',
57 warn EBADENGINE   required: { node: '>=18.0.0' },
57 warn EBADENGINE   current: { node: 'v16.20.0', npm: '8.19.4' }
57 warn EBADENGINE }
58 warn EBADENGINE Unsupported engine {
58 warn EBADENGINE   package: 'react-router-dom@7.14.1',
58 warn EBADENGINE   required: { node: '>=20.0.0' },
58 warn EBADENGINE   current: { node: 'v16.20.0', npm: '8.19.4' }
58 warn EBADENGINE }
59 warn EBADENGINE Unsupported engine {
59 warn EBADENGINE   package: 'rollup@4.60.1',
59 warn EBADENGINE   required: { node: '>=18.0.0', npm: '>=8.0.0' },
59 warn EBADENGINE   current: { node: 'v16.20.0', npm: '8.19.4' }
59 warn EBADENGINE }
60 warn EBADENGINE Unsupported engine {
60 warn EBADENGINE   package: 'tar@7.5.13',
60 warn EBADENGINE   required: { node: '>=18' },
60 warn EBADENGINE   current: { node: 'v16.20.0', npm: '8.19.4' }
60 warn EBADENGINE }
61 warn EBADENGINE Unsupported engine {
61 warn EBADENGINE   package: 'yallist@5.0.0',
61 warn EBADENGINE   required: { node: '>=18' },
61 warn EBADENGINE   current: { node: 'v16.20.0', npm: '8.19.4' }
61 warn EBADENGINE }
62 warn EBADENGINE Unsupported engine {
62 warn EBADENGINE   package: 'vite@6.3.5',
62 warn EBADENGINE   required: { node: '^18.0.0 || ^20.0.0 || >=22.0.0' },
62 warn EBADENGINE   current: { node: 'v16.20.0', npm: '8.19.4' }
62 warn EBADENGINE }
63 warn EBADENGINE Unsupported engine {
63 warn EBADENGINE   package: 'react-router@7.14.1',
63 warn EBADENGINE   required: { node: '>=20.0.0' },
63 warn EBADENGINE   current: { node: 'v16.20.0', npm: '8.19.4' }
63 warn EBADENGINE }
64 timing idealTree Completed in 530ms
65 timing reify:loadTrees Completed in 531ms
66 timing reify:diffTrees Completed in 19ms
67 silly reify mark retired [
67 silly reify   '/Users/enyata/Downloads/Implement File Instructions/node_modules/react-router'
67 silly reify ]
68 silly reify mark retired [
68 silly reify   '/Users/enyata/Downloads/Implement File Instructions/node_modules/react-router-dom/node_modules/react-router'
68 silly reify ]
69 silly reify moves {
69 silly reify   '/Users/enyata/Downloads/Implement File Instructions/node_modules/react-router': '/Users/enyata/Downloads/Implement File Instructions/node_modules/.react-router-olugynkf',
69 silly reify   '/Users/enyata/Downloads/Implement File Instructions/node_modules/react-router-dom/node_modules/react-router': '/Users/enyata/Downloads/Implement File Instructions/node_modules/react-router-dom/node_modules/.react-router-VbCUAkGk'
69 silly reify }
70 timing reify:rollback:retireShallow Completed in 1ms
71 timing command:install Completed in 566ms
72 verbose stack Error: EACCES: permission denied, rename '/Users/enyata/Downloads/Implement File Instructions/node_modules/react-router-dom/node_modules/react-router' -> '/Users/enyata/Downloads/Implement File Instructions/node_modules/react-router-dom/node_modules/.react-router-VbCUAkGk'
73 verbose cwd /Users/enyata/Downloads/Implement File Instructions
74 verbose Darwin 23.6.0
75 verbose node v16.20.0
76 verbose npm  v8.19.4
77 error code EACCES
78 error syscall rename
79 error path /Users/enyata/Downloads/Implement File Instructions/node_modules/react-router-dom/node_modules/react-router
80 error dest /Users/enyata/Downloads/Implement File Instructions/node_modules/react-router-dom/node_modules/.react-router-VbCUAkGk
81 error errno -13
82 error [Error: EACCES: permission denied, rename '/Users/enyata/Downloads/Implement File Instructions/node_modules/react-router-dom/node_modules/react-router' -> '/Users/enyata/Downloads/Implement File Instructions/node_modules/react-router-dom/node_modules/.react-router-VbCUAkGk'] {
82 error   errno: -13,
82 error   code: 'EACCES',
82 error   syscall: 'rename',
82 error   path: '/Users/enyata/Downloads/Implement File Instructions/node_modules/react-router-dom/node_modules/react-router',
82 error   dest: '/Users/enyata/Downloads/Implement File Instructions/node_modules/react-router-dom/node_modules/.react-router-VbCUAkGk'
82 error }
83 error
83 error The operation was rejected by your operating system.
83 error It is likely you do not have the permissions to access this file as the current user
83 error
83 error If you believe this might be a permissions issue, please double-check the
83 error permissions of the file and its containing directories, or try running
83 error the command again as root/Administrator.
84 verbose exit -13
85 timing npm Completed in 751ms
86 verbose unfinished npm timer reify 1776118127096
87 verbose unfinished npm timer reify:retireShallow 1776118127654
88 verbose code -13
89 error A complete log of this run can be found in:
89 error     /Users/enyata/Downloads/Implement File Instructions/.npm-cache/_logs/2026-04-13T22_08_46_914Z-debug-0.log
