0 verbose cli /usr/local/bin/node /usr/local/bin/npm
1 info using npm@8.19.4
2 info using node@v16.20.0
3 timing npm:load:whichnode Completed in 0ms
4 timing config:load:defaults Completed in 1ms
5 timing config:load:file:/usr/local/lib/node_modules/npm/npmrc Completed in 1ms
6 timing config:load:builtin Completed in 1ms
7 timing config:load:cli Completed in 1ms
8 timing config:load:env Completed in 1ms
9 timing config:load:file:/Users/enyata/Downloads/Implement File Instructions/.npmrc Completed in 0ms
10 timing config:load:project Completed in 12ms
11 timing config:load:file:/Users/enyata/.npmrc Completed in 0ms
12 timing config:load:user Completed in 0ms
13 timing config:load:file:/usr/local/etc/npmrc Completed in 0ms
14 timing config:load:global Completed in 0ms
15 timing config:load:validate Completed in 1ms
16 timing config:load:credentials Completed in 1ms
17 timing config:load:setEnvs Completed in 0ms
18 timing config:load Completed in 19ms
19 timing npm:load:configload Completed in 19ms
20 timing npm:load:mkdirpcache Completed in 1ms
21 timing npm:load:mkdirplogs Completed in 1ms
22 verbose title npm outdated
23 verbose argv "outdated"
24 timing npm:load:setTitle Completed in 22ms
25 timing config:load:flatten Completed in 3ms
26 timing npm:load:display Completed in 4ms
27 verbose logfile logs-max:10 dir:/Users/enyata/Downloads/Implement File Instructions/.npm-cache/_logs
28 verbose logfile /Users/enyata/Downloads/Implement File Instructions/.npm-cache/_logs/2026-04-13T22_05_18_996Z-debug-0.log
29 timing npm:load:logFile Completed in 5ms
30 timing npm:load:timers Completed in 0ms
31 timing npm:load:configScope Completed in 0ms
32 timing npm:load Completed in 55ms
33 timing arborist:ctor Completed in 0ms
34 silly logfile done cleaning log files
35 timing arborist:ctor Completed in 0ms
36 http fetch GET 200 https://registry.npmjs.org/@emotion%2freact 1058ms (cache miss)
37 http fetch GET 200 https://registry.npmjs.org/@emotion%2fstyled 1209ms (cache miss)
38 http fetch GET 200 https://registry.npmjs.org/@mui%2fmaterial 1225ms (cache miss)
39 http fetch GET 200 https://registry.npmjs.org/@radix-ui%2freact-collapsible 1260ms (cache miss)
40 http fetch GET 200 https://registry.npmjs.org/@popperjs%2fcore 1273ms (cache miss)
41 http fetch GET 200 https://registry.npmjs.org/@radix-ui%2freact-hover-card 1274ms (cache miss)
42 http fetch GET 200 https://registry.npmjs.org/@radix-ui%2freact-dropdown-menu 1310ms (cache miss)
43 http fetch GET 200 https://registry.npmjs.org/@radix-ui%2freact-context-menu 1339ms (cache miss)
44 http fetch GET 200 https://registry.npmjs.org/@radix-ui%2freact-dialog 1345ms (cache miss)
45 http fetch GET 200 https://registry.npmjs.org/@radix-ui%2freact-avatar 1359ms (cache miss)
46 http fetch GET 200 https://registry.npmjs.org/@radix-ui%2freact-aspect-ratio 1364ms (cache miss)
47 http fetch GET 200 https://registry.npmjs.org/@radix-ui%2freact-accordion 1369ms (cache miss)
48 http fetch GET 200 https://registry.npmjs.org/@radix-ui%2freact-alert-dialog 1446ms (cache miss)
49 http fetch GET 200 https://registry.npmjs.org/@radix-ui%2freact-menubar 1450ms (cache miss)
50 http fetch GET 200 https://registry.npmjs.org/@radix-ui%2freact-navigation-menu 1482ms (cache miss)
51 http fetch GET 200 https://registry.npmjs.org/@radix-ui%2freact-progress 1510ms (cache miss)
52 http fetch GET 200 https://registry.npmjs.org/@radix-ui%2freact-label 1574ms (cache miss)
53 http fetch GET 200 https://registry.npmjs.org/@radix-ui%2freact-radio-group 1577ms (cache miss)
54 http fetch GET 200 https://registry.npmjs.org/@mui%2ficons-material 1649ms (cache miss)
55 http fetch GET 200 https://registry.npmjs.org/@radix-ui%2freact-popover 1727ms (cache miss)
56 http fetch GET 200 https://registry.npmjs.org/@radix-ui%2freact-separator 1782ms (cache miss)
57 http fetch GET 200 https://registry.npmjs.org/@radix-ui%2freact-switch 1833ms (cache miss)
58 http fetch GET 200 https://registry.npmjs.org/@radix-ui%2freact-slider 1890ms (cache miss)
59 http fetch GET 200 https://registry.npmjs.org/@radix-ui%2freact-slot 1906ms (cache miss)
60 http fetch GET 200 https://registry.npmjs.org/@radix-ui%2freact-select 1921ms (cache miss)
61 http fetch GET 200 https://registry.npmjs.org/@radix-ui%2freact-toggle 1951ms (cache miss)
62 http fetch GET 200 https://registry.npmjs.org/@radix-ui%2freact-tabs 1955ms (cache miss)
63 http fetch GET 200 https://registry.npmjs.org/input-otp 1955ms (cache miss)
64 http fetch GET 200 https://registry.npmjs.org/canvas-confetti 1964ms (cache miss)
65 http fetch GET 200 https://registry.npmjs.org/@radix-ui%2freact-checkbox 1976ms (cache miss)
66 http fetch GET 200 https://registry.npmjs.org/class-variance-authority 1971ms (cache miss)
67 http fetch GET 200 https://registry.npmjs.org/@radix-ui%2freact-scroll-area 1979ms (cache miss)
68 http fetch GET 200 https://registry.npmjs.org/axios 1982ms (cache miss)
69 http fetch GET 200 https://registry.npmjs.org/embla-carousel-react 2008ms (cache miss)
70 http fetch GET 200 https://registry.npmjs.org/@radix-ui%2freact-tooltip 2026ms (cache miss)
71 http fetch GET 200 https://registry.npmjs.org/@radix-ui%2freact-toggle-group 2042ms (cache miss)
72 http fetch GET 200 https://registry.npmjs.org/date-fns 2044ms (cache miss)
73 http fetch GET 200 https://registry.npmjs.org/next-themes 2059ms (cache miss)
74 http fetch GET 200 https://registry.npmjs.org/clsx 2063ms (cache miss)
75 http fetch GET 200 https://registry.npmjs.org/react-dnd 2216ms (cache miss)
76 http fetch GET 200 https://registry.npmjs.org/react-dnd-html5-backend 2232ms (cache miss)
77 http fetch GET 200 https://registry.npmjs.org/sonner 2236ms (cache miss)
78 http fetch GET 200 https://registry.npmjs.org/react-responsive-masonry 2241ms (cache miss)
79 http fetch GET 200 https://registry.npmjs.org/motion 2250ms (cache miss)
80 http fetch GET 200 https://registry.npmjs.org/tw-animate-css 2250ms (cache miss)
81 http fetch GET 200 https://registry.npmjs.org/react-popper 2263ms (cache miss)
82 http fetch GET 200 https://registry.npmjs.org/react-day-picker 2275ms (cache miss)
83 http fetch GET 200 https://registry.npmjs.org/react-resizable-panels 2287ms (cache miss)
84 http fetch GET 200 https://registry.npmjs.org/vite 2350ms (cache revalidated)
85 http fetch GET 200 https://registry.npmjs.org/xlsx 2381ms (cache revalidated)
86 http fetch GET 200 https://registry.npmjs.org/cmdk 2395ms (cache miss)
87 http fetch GET 200 https://registry.npmjs.org/vaul 2384ms (cache miss)
88 http fetch GET 200 https://registry.npmjs.org/@tailwindcss%2fvite 2391ms (cache revalidated)
89 http fetch GET 200 https://registry.npmjs.org/@vitejs%2fplugin-react 2401ms (cache revalidated)
90 http fetch GET 200 https://registry.npmjs.org/recharts 2430ms (cache miss)
91 http fetch GET 200 https://registry.npmjs.org/lucide-react 2447ms (cache miss)
92 http fetch GET 200 https://registry.npmjs.org/tailwind-merge 2450ms (cache miss)
93 http fetch GET 200 https://registry.npmjs.org/lodash-es 2525ms (cache miss)
94 http fetch GET 200 https://registry.npmjs.org/react-hook-form 2536ms (cache miss)
95 http fetch GET 200 https://registry.npmjs.org/react-slick 2574ms (cache miss)
96 http fetch GET 200 https://registry.npmjs.org/react-router-dom 2616ms (cache updated)
97 http fetch GET 200 https://registry.npmjs.org/react-router 2709ms (cache updated)
98 http fetch GET 200 https://registry.npmjs.org/react 2888ms (cache updated)
99 http fetch GET 200 https://registry.npmjs.org/react-dom 3021ms (cache updated)
100 http fetch GET 200 https://registry.npmjs.org/tailwindcss 8727ms (cache miss)
101 timing command:outdated Completed in 9374ms
102 verbose exit 0
103 timing npm Completed in 9536ms
104 verbose code 1
