0 verbose cli /Users/enyata/.nvm/versions/node/v20.19.4/bin/node /Users/enyata/.nvm/versions/node/v20.19.4/bin/npm
1 info using npm@10.8.2
2 info using node@v20.19.4
3 silly config load:file:/Users/enyata/.nvm/versions/node/v20.19.4/lib/node_modules/npm/npmrc
4 silly config load:file:/Users/enyata/Downloads/Implement File Instructions/.npmrc
5 silly config load:file:/Users/enyata/.npmrc
6 silly config load:file:/Users/enyata/.nvm/versions/node/v20.19.4/etc/npmrc
7 verbose title npm install lodash-es
8 verbose argv "install" "lodash-es" "--cache" ".npm-cache"
9 verbose logfile logs-max:10 dir:/Users/enyata/Downloads/Implement File Instructions/.npm-cache/_logs/2026-04-11T18_44_00_604Z-
10 verbose logfile /Users/enyata/Downloads/Implement File Instructions/.npm-cache/_logs/2026-04-11T18_44_00_604Z-debug-0.log
11 silly packumentCache heap:2197815296 maxSize:549453824 maxEntrySize:274726912
12 silly logfile done cleaning log files
13 silly idealTree buildDeps
14 silly fetch manifest react-router-dom@^7.13.0
15 silly packumentCache full:https://registry.npmjs.org/react-router-dom cache-miss
16 verbose shrinkwrap failed to load node_modules/.package-lock.json out of date, updated: node_modules
17 http fetch GET 200 https://registry.npmjs.org/react-router-dom 5695ms (cache updated)
18 silly packumentCache full:https://registry.npmjs.org/react-router-dom set size:undefined disposed:false
19 silly fetch manifest react@18.3.1
20 silly packumentCache full:https://registry.npmjs.org/react cache-miss
21 http fetch GET 200 https://registry.npmjs.org/react 10455ms (cache updated)
22 silly packumentCache full:https://registry.npmjs.org/react set size:undefined disposed:false
23 silly fetch manifest react-dom@18.3.1
24 silly packumentCache full:https://registry.npmjs.org/react-dom cache-miss
25 http fetch GET 200 https://registry.npmjs.org/react-dom 6263ms (cache updated)
26 silly packumentCache full:https://registry.npmjs.org/react-dom set size:undefined disposed:false
27 silly fetch manifest xlsx@0.18.5
28 silly packumentCache full:https://registry.npmjs.org/xlsx cache-miss
29 http fetch GET 200 https://registry.npmjs.org/xlsx 333ms (cache miss)
30 silly packumentCache full:https://registry.npmjs.org/xlsx set size:undefined disposed:false
31 silly fetch manifest lodash-es@*
32 silly packumentCache full:https://registry.npmjs.org/lodash-es cache-miss
33 http fetch GET 200 https://registry.npmjs.org/lodash-es 227ms (cache miss)
34 silly packumentCache full:https://registry.npmjs.org/lodash-es set size:undefined disposed:false
35 silly placeDep ROOT lodash-es@4.18.1 OK for: @figma/my-make-file@0.0.1 want: *
36 silly placeDep ROOT react-router-dom@7.14.0 OK for: @figma/my-make-file@0.0.1 want: ^7.13.0
37 silly placeDep ROOT xlsx@0.18.5 OK for: @figma/my-make-file@0.0.1 want: 0.18.5
38 silly fetch manifest react-router@7.14.0
39 silly packumentCache full:https://registry.npmjs.org/react-router cache-miss
40 silly fetch manifest cfb@~1.2.1
41 silly packumentCache full:https://registry.npmjs.org/cfb cache-miss
42 silly fetch manifest ssf@~0.11.2
43 silly packumentCache full:https://registry.npmjs.org/ssf cache-miss
44 silly fetch manifest wmf@~1.0.1
45 silly packumentCache full:https://registry.npmjs.org/wmf cache-miss
46 silly fetch manifest word@~0.3.0
47 silly packumentCache full:https://registry.npmjs.org/word cache-miss
48 silly fetch manifest crc-32@~1.2.1
49 silly packumentCache full:https://registry.npmjs.org/crc-32 cache-miss
50 silly fetch manifest adler-32@~1.3.0
51 silly packumentCache full:https://registry.npmjs.org/adler-32 cache-miss
52 http fetch GET 200 https://registry.npmjs.org/crc-32 823ms (cache miss)
53 silly packumentCache full:https://registry.npmjs.org/crc-32 set size:undefined disposed:false
54 silly fetch manifest codepage@~1.15.0
55 silly packumentCache full:https://registry.npmjs.org/codepage cache-miss
56 http fetch GET 200 https://registry.npmjs.org/react-router 1020ms (cache miss)
57 silly packumentCache full:https://registry.npmjs.org/react-router set size:undefined disposed:false
58 http fetch GET 200 https://registry.npmjs.org/word 1080ms (cache miss)
59 silly packumentCache full:https://registry.npmjs.org/word set size:undefined disposed:false
60 http fetch GET 200 https://registry.npmjs.org/ssf 1127ms (cache miss)
61 silly packumentCache full:https://registry.npmjs.org/ssf set size:undefined disposed:false
62 http fetch GET 200 https://registry.npmjs.org/wmf 1220ms (cache miss)
63 silly packumentCache full:https://registry.npmjs.org/wmf set size:undefined disposed:false
64 http fetch GET 200 https://registry.npmjs.org/adler-32 1526ms (cache miss)
65 silly packumentCache full:https://registry.npmjs.org/adler-32 set size:undefined disposed:false
66 http fetch GET 200 https://registry.npmjs.org/cfb 1562ms (cache miss)
67 silly packumentCache full:https://registry.npmjs.org/cfb set size:undefined disposed:false
68 http fetch GET 200 https://registry.npmjs.org/codepage 1053ms (cache miss)
69 silly packumentCache full:https://registry.npmjs.org/codepage set size:undefined disposed:false
70 silly fetch manifest react@>=18
71 silly packumentCache full:https://registry.npmjs.org/react cache-miss
72 http fetch GET 200 https://registry.npmjs.org/react 27ms (cache hit)
73 silly packumentCache full:https://registry.npmjs.org/react set size:6598084 disposed:false
74 silly fetch manifest react-dom@>=18
75 silly packumentCache full:https://registry.npmjs.org/react-dom cache-miss
76 http fetch GET 200 https://registry.npmjs.org/react-dom 25ms (cache hit)
77 silly packumentCache full:https://registry.npmjs.org/react-dom set size:8778661 disposed:false
78 silly placeDep node_modules/react-router-dom react-router@7.14.0 OK for: react-router-dom@7.14.0 want: 7.14.0
79 silly placeDep ROOT adler-32@1.3.1 OK for: xlsx@0.18.5 want: ~1.3.0
80 silly placeDep ROOT cfb@1.2.2 OK for: xlsx@0.18.5 want: ~1.2.1
81 silly placeDep ROOT codepage@1.15.0 OK for: xlsx@0.18.5 want: ~1.15.0
82 silly placeDep ROOT crc-32@1.2.2 OK for: xlsx@0.18.5 want: ~1.2.1
83 silly placeDep ROOT ssf@0.11.2 OK for: xlsx@0.18.5 want: ~0.11.2
84 silly placeDep ROOT wmf@1.0.2 OK for: xlsx@0.18.5 want: ~1.0.1
85 silly placeDep ROOT word@0.3.0 OK for: xlsx@0.18.5 want: ~0.3.0
86 silly fetch manifest crc-32@~1.2.0
87 silly packumentCache full:https://registry.npmjs.org/crc-32 cache-miss
88 silly fetch manifest frac@~1.1.2
89 silly packumentCache full:https://registry.npmjs.org/frac cache-miss
90 http fetch GET 200 https://registry.npmjs.org/crc-32 6ms (cache hit)
91 silly packumentCache full:https://registry.npmjs.org/crc-32 set size:32170 disposed:false
92 http fetch GET 200 https://registry.npmjs.org/frac 197ms (cache miss)
93 silly packumentCache full:https://registry.npmjs.org/frac set size:undefined disposed:false
94 silly placeDep ROOT frac@1.1.2 OK for: ssf@0.11.2 want: ~1.1.2
95 silly reify mark retired [
95 silly reify   '/Users/enyata/Downloads/Implement File Instructions/node_modules/adler-32'
95 silly reify ]
96 silly reify mark retired [
96 silly reify   '/Users/enyata/Downloads/Implement File Instructions/node_modules/cfb'
96 silly reify ]
97 silly reify mark retired [
97 silly reify   '/Users/enyata/Downloads/Implement File Instructions/node_modules/codepage'
97 silly reify ]
98 silly reify mark retired [
98 silly reify   '/Users/enyata/Downloads/Implement File Instructions/node_modules/crc-32',
98 silly reify   '/Users/enyata/Downloads/Implement File Instructions/node_modules/.bin/crc32'
98 silly reify ]
99 silly reify mark retired [
99 silly reify   '/Users/enyata/Downloads/Implement File Instructions/node_modules/frac'
99 silly reify ]
100 silly reify mark retired [
100 silly reify   '/Users/enyata/Downloads/Implement File Instructions/node_modules/react-router-dom'
100 silly reify ]
101 silly reify mark retired [
101 silly reify   '/Users/enyata/Downloads/Implement File Instructions/node_modules/ssf'
101 silly reify ]
102 silly reify mark retired [
102 silly reify   '/Users/enyata/Downloads/Implement File Instructions/node_modules/wmf'
102 silly reify ]
103 silly reify mark retired [
103 silly reify   '/Users/enyata/Downloads/Implement File Instructions/node_modules/word'
103 silly reify ]
104 silly reify mark retired [
104 silly reify   '/Users/enyata/Downloads/Implement File Instructions/node_modules/xlsx',
104 silly reify   '/Users/enyata/Downloads/Implement File Instructions/node_modules/.bin/xlsx'
104 silly reify ]
105 silly reify moves {
105 silly reify   '/Users/enyata/Downloads/Implement File Instructions/node_modules/adler-32': '/Users/enyata/Downloads/Implement File Instructions/node_modules/.adler-32-0WmS2ROp',
105 silly reify   '/Users/enyata/Downloads/Implement File Instructions/node_modules/cfb': '/Users/enyata/Downloads/Implement File Instructions/node_modules/.cfb-jftnceAl',
105 silly reify   '/Users/enyata/Downloads/Implement File Instructions/node_modules/codepage': '/Users/enyata/Downloads/Implement File Instructions/node_modules/.codepage-DLnDhAkd',
105 silly reify   '/Users/enyata/Downloads/Implement File Instructions/node_modules/crc-32': '/Users/enyata/Downloads/Implement File Instructions/node_modules/.crc-32-ndQyJoJv',
105 silly reify   '/Users/enyata/Downloads/Implement File Instructions/node_modules/.bin/crc32': '/Users/enyata/Downloads/Implement File Instructions/node_modules/.bin/.crc32-OmKGTqLW',
105 silly reify   '/Users/enyata/Downloads/Implement File Instructions/node_modules/frac': '/Users/enyata/Downloads/Implement File Instructions/node_modules/.frac-0bDReejF',
105 silly reify   '/Users/enyata/Downloads/Implement File Instructions/node_modules/react-router-dom': '/Users/enyata/Downloads/Implement File Instructions/node_modules/.react-router-dom-6IeK6Yx0',
105 silly reify   '/Users/enyata/Downloads/Implement File Instructions/node_modules/ssf': '/Users/enyata/Downloads/Implement File Instructions/node_modules/.ssf-p8TXlUUh',
105 silly reify   '/Users/enyata/Downloads/Implement File Instructions/node_modules/wmf': '/Users/enyata/Downloads/Implement File Instructions/node_modules/.wmf-XlLjGdJ6',
105 silly reify   '/Users/enyata/Downloads/Implement File Instructions/node_modules/word': '/Users/enyata/Downloads/Implement File Instructions/node_modules/.word-o4Wu6D7Q',
105 silly reify   '/Users/enyata/Downloads/Implement File Instructions/node_modules/xlsx': '/Users/enyata/Downloads/Implement File Instructions/node_modules/.xlsx-SpJ8C2Cs',
105 silly reify   '/Users/enyata/Downloads/Implement File Instructions/node_modules/.bin/xlsx': '/Users/enyata/Downloads/Implement File Instructions/node_modules/.bin/.xlsx-Bcb9pcfI'
105 silly reify }
106 verbose reify failed optional dependency /Users/enyata/Downloads/Implement File Instructions/node_modules/@tailwindcss/oxide-wasm32-wasi
107 silly reify mark deleted [
107 silly reify   '/Users/enyata/Downloads/Implement File Instructions/node_modules/@tailwindcss/oxide-wasm32-wasi'
107 silly reify ]
108 silly audit bulk request {
108 silly audit   '@babel/code-frame': [ '7.29.0' ],
108 silly audit   '@babel/compat-data': [ '7.29.0' ],
108 silly audit   '@babel/core': [ '7.29.0' ],
108 silly audit   'convert-source-map': [ '2.0.0', '1.9.0' ],
108 silly audit   '@babel/generator': [ '7.29.1' ],
108 silly audit   '@babel/helper-compilation-targets': [ '7.28.6' ],
108 silly audit   '@babel/helper-globals': [ '7.28.0' ],
108 silly audit   '@babel/helper-module-imports': [ '7.28.6' ],
108 silly audit   '@babel/helper-module-transforms': [ '7.28.6' ],
108 silly audit   '@babel/helper-plugin-utils': [ '7.28.6' ],
108 silly audit   '@babel/helper-string-parser': [ '7.27.1' ],
108 silly audit   '@babel/helper-validator-identifier': [ '7.28.5' ],
108 silly audit   '@babel/helper-validator-option': [ '7.27.1' ],
108 silly audit   '@babel/helpers': [ '7.29.2' ],
108 silly audit   '@babel/parser': [ '7.29.2' ],
108 silly audit   '@babel/plugin-transform-react-jsx-self': [ '7.27.1' ],
108 silly audit   '@babel/plugin-transform-react-jsx-source': [ '7.27.1' ],
108 silly audit   '@babel/runtime': [ '7.29.2' ],
108 silly audit   '@babel/template': [ '7.28.6' ],
108 silly audit   '@babel/traverse': [ '7.29.0' ],
108 silly audit   '@babel/types': [ '7.29.0' ],
108 silly audit   '@emotion/babel-plugin': [ '11.13.5' ],
108 silly audit   '@emotion/cache': [ '11.14.0' ],
108 silly audit   '@emotion/hash': [ '0.9.2' ],
108 silly audit   '@emotion/is-prop-valid': [ '1.4.0' ],
108 silly audit   '@emotion/memoize': [ '0.9.0' ],
108 silly audit   '@emotion/react': [ '11.14.0' ],
108 silly audit   '@emotion/serialize': [ '1.3.3' ],
108 silly audit   '@emotion/sheet': [ '1.4.0' ],
108 silly audit   '@emotion/styled': [ '11.14.1' ],
108 silly audit   '@emotion/unitless': [ '0.10.0' ],
108 silly audit   '@emotion/use-insertion-effect-with-fallbacks': [ '1.2.0' ],
108 silly audit   '@emotion/utils': [ '1.4.2' ],
108 silly audit   '@emotion/weak-memoize': [ '0.4.0' ],
108 silly audit   '@esbuild/aix-ppc64': [ '0.25.12' ],
108 silly audit   '@esbuild/android-arm': [ '0.25.12' ],
108 silly audit   '@esbuild/android-arm64': [ '0.25.12' ],
108 silly audit   '@esbuild/android-x64': [ '0.25.12' ],
108 silly audit   '@esbuild/darwin-arm64': [ '0.25.12' ],
108 silly audit   '@esbuild/darwin-x64': [ '0.25.12' ],
108 silly audit   '@esbuild/freebsd-arm64': [ '0.25.12' ],
108 silly audit   '@esbuild/freebsd-x64': [ '0.25.12' ],
108 silly audit   '@esbuild/linux-arm': [ '0.25.12' ],
108 silly audit   '@esbuild/linux-arm64': [ '0.25.12' ],
108 silly audit   '@esbuild/linux-ia32': [ '0.25.12' ],
108 silly audit   '@esbuild/linux-loong64': [ '0.25.12' ],
108 silly audit   '@esbuild/linux-mips64el': [ '0.25.12' ],
108 silly audit   '@esbuild/linux-ppc64': [ '0.25.12' ],
108 silly audit   '@esbuild/linux-riscv64': [ '0.25.12' ],
108 silly audit   '@esbuild/linux-s390x': [ '0.25.12' ],
108 silly audit   '@esbuild/linux-x64': [ '0.25.12' ],
108 silly audit   '@esbuild/netbsd-arm64': [ '0.25.12' ],
108 silly audit   '@esbuild/netbsd-x64': [ '0.25.12' ],
108 silly audit   '@esbuild/openbsd-arm64': [ '0.25.12' ],
108 silly audit   '@esbuild/openbsd-x64': [ '0.25.12' ],
108 silly audit   '@esbuild/openharmony-arm64': [ '0.25.12' ],
108 silly audit   '@esbuild/sunos-x64': [ '0.25.12' ],
108 silly audit   '@esbuild/win32-arm64': [ '0.25.12' ],
108 silly audit   '@esbuild/win32-ia32': [ '0.25.12' ],
108 silly audit   '@esbuild/win32-x64': [ '0.25.12' ],
108 silly audit   '@floating-ui/core': [ '1.7.5' ],
108 silly audit   '@floating-ui/dom': [ '1.7.6' ],
108 silly audit   '@floating-ui/react-dom': [ '2.1.8' ],
108 silly audit   '@floating-ui/utils': [ '0.2.11' ],
108 silly audit   '@isaacs/fs-minipass': [ '4.0.1' ],
108 silly audit   '@jridgewell/gen-mapping': [ '0.3.13' ],
108 silly audit   '@jridgewell/remapping': [ '2.3.5' ],
108 silly audit   '@jridgewell/resolve-uri': [ '3.1.2' ],
108 silly audit   '@jridgewell/sourcemap-codec': [ '1.5.5' ],
108 silly audit   '@jridgewell/trace-mapping': [ '0.3.31' ],
108 silly audit   '@mui/core-downloads-tracker': [ '7.3.9' ],
108 silly audit   '@mui/icons-material': [ '7.3.5' ],
108 silly audit   '@mui/material': [ '7.3.5' ],
108 silly audit   '@mui/private-theming': [ '7.3.9' ],
108 silly audit   '@mui/styled-engine': [ '7.3.9' ],
108 silly audit   '@mui/system': [ '7.3.9' ],
108 silly audit   '@mui/types': [ '7.4.12' ],
108 silly audit   '@mui/utils': [ '7.3.9' ],
108 silly audit   '@popperjs/core': [ '2.11.8' ],
108 silly audit   '@radix-ui/number': [ '1.1.0' ],
108 silly audit   '@radix-ui/primitive': [ '1.1.1' ],
108 silly audit   '@radix-ui/react-accordion': [ '1.2.3' ],
108 silly audit   '@radix-ui/react-alert-dialog': [ '1.1.6' ],
108 silly audit   '@radix-ui/react-arrow': [ '1.1.2' ],
108 silly audit   '@radix-ui/react-aspect-ratio': [ '1.1.2' ],
108 silly audit   '@radix-ui/react-avatar': [ '1.1.3' ],
108 silly audit   '@radix-ui/react-checkbox': [ '1.1.4' ],
108 silly audit   '@radix-ui/react-collapsible': [ '1.1.3' ],
108 silly audit   '@radix-ui/react-collection': [ '1.1.2' ],
108 silly audit   '@radix-ui/react-compose-refs': [ '1.1.1' ],
108 silly audit   '@radix-ui/react-context': [ '1.1.1' ],
108 silly audit   '@radix-ui/react-context-menu': [ '2.2.6' ],
108 silly audit   '@radix-ui/react-dialog': [ '1.1.6' ],
108 silly audit   '@radix-ui/react-direction': [ '1.1.0' ],
108 silly audit   '@radix-ui/react-dismissable-layer': [ '1.1.5' ],
108 silly audit   '@radix-ui/react-dropdown-menu': [ '2.1.6' ],
108 silly audit   '@radix-ui/react-focus-guards': [ '1.1.1' ],
108 silly audit   '@radix-ui/react-focus-scope': [ '1.1.2' ],
108 silly audit   '@radix-ui/react-hover-card': [ '1.1.6' ],
108 silly audit   '@radix-ui/react-id': [ '1.1.0' ],
108 silly audit   '@radix-ui/react-label': [ '2.1.2' ],
108 silly audit   '@radix-ui/react-menu': [ '2.1.6' ],
108 silly audit   '@radix-ui/react-menubar': [ '1.1.6' ],
108 silly audit   '@radix-ui/react-navigation-menu': [ '1.2.5' ],
108 silly audit   '@radix-ui/react-popover': [ '1.1.6' ],
108 silly audit   '@radix-ui/react-popper': [ '1.2.2' ],
108 silly audit   '@radix-ui/react-portal': [ '1.1.4' ],
108 silly audit   '@radix-ui/react-presence': [ '1.1.2' ],
108 silly audit   '@radix-ui/react-primitive': [ '2.0.2' ],
108 silly audit   '@radix-ui/react-progress': [ '1.1.2' ],
108 silly audit   '@radix-ui/react-radio-group': [ '1.2.3' ],
108 silly audit   '@radix-ui/react-roving-focus': [ '1.1.2' ],
108 silly audit   '@radix-ui/react-scroll-area': [ '1.2.3' ],
108 silly audit   '@radix-ui/react-select': [ '2.1.6' ],
108 silly audit   '@radix-ui/react-separator': [ '1.1.2' ],
108 silly audit   '@radix-ui/react-slider': [ '1.2.3' ],
108 silly audit   '@radix-ui/react-slot': [ '1.1.2' ],
108 silly audit   '@radix-ui/react-switch': [ '1.1.3' ],
108 silly audit   '@radix-ui/react-tabs': [ '1.1.3' ],
108 silly audit   '@radix-ui/react-toggle': [ '1.1.2' ],
108 silly audit   '@radix-ui/react-toggle-group': [ '1.1.2' ],
108 silly audit   '@radix-ui/react-tooltip': [ '1.1.8' ],
108 silly audit   '@radix-ui/react-use-callback-ref': [ '1.1.0' ],
108 silly audit   '@radix-ui/react-use-controllable-state': [ '1.1.0' ],
108 silly audit   '@radix-ui/react-use-escape-keydown': [ '1.1.0' ],
108 silly audit   '@radix-ui/react-use-layout-effect': [ '1.1.0' ],
108 silly audit   '@radix-ui/react-use-previous': [ '1.1.0' ],
108 silly audit   '@radix-ui/react-use-rect': [ '1.1.0' ],
108 silly audit   '@radix-ui/react-use-size': [ '1.1.0' ],
108 silly audit   '@radix-ui/react-visually-hidden': [ '1.1.2' ],
108 silly audit   '@radix-ui/rect': [ '1.1.0' ],
108 silly audit   '@react-dnd/asap': [ '5.0.2' ],
108 silly audit   '@react-dnd/invariant': [ '4.0.2' ],
108 silly audit   '@react-dnd/shallowequal': [ '4.0.2' ],
108 silly audit   '@rolldown/pluginutils': [ '1.0.0-beta.27' ],
108 silly audit   '@rollup/rollup-android-arm-eabi': [ '4.60.1' ],
108 silly audit   '@rollup/rollup-android-arm64': [ '4.60.1' ],
108 silly audit   '@rollup/rollup-darwin-arm64': [ '4.60.1' ],
108 silly audit   '@rollup/rollup-darwin-x64': [ '4.60.1' ],
108 silly audit   '@rollup/rollup-freebsd-arm64': [ '4.60.1' ],
108 silly audit   '@rollup/rollup-freebsd-x64': [ '4.60.1' ],
108 silly audit   '@rollup/rollup-linux-arm-gnueabihf': [ '4.60.1' ],
108 silly audit   '@rollup/rollup-linux-arm-musleabihf': [ '4.60.1' ],
108 silly audit   '@rollup/rollup-linux-arm64-gnu': [ '4.60.1' ],
108 silly audit   '@rollup/rollup-linux-arm64-musl': [ '4.60.1' ],
108 silly audit   '@rollup/rollup-linux-loong64-gnu': [ '4.60.1' ],
108 silly audit   '@rollup/rollup-linux-loong64-musl': [ '4.60.1' ],
108 silly audit   '@rollup/rollup-linux-ppc64-gnu': [ '4.60.1' ],
108 silly audit   '@rollup/rollup-linux-ppc64-musl': [ '4.60.1' ],
108 silly audit   '@rollup/rollup-linux-riscv64-gnu': [ '4.60.1' ],
108 silly audit   '@rollup/rollup-linux-riscv64-musl': [ '4.60.1' ],
108 silly audit   '@rollup/rollup-linux-s390x-gnu': [ '4.60.1' ],
108 silly audit   '@rollup/rollup-linux-x64-gnu': [ '4.60.1' ],
108 silly audit   '@rollup/rollup-linux-x64-musl': [ '4.60.1' ],
108 silly audit   '@rollup/rollup-openbsd-x64': [ '4.60.1' ],
108 silly audit   '@rollup/rollup-openharmony-arm64': [ '4.60.1' ],
108 silly audit   '@rollup/rollup-win32-arm64-msvc': [ '4.60.1' ],
108 silly audit   '@rollup/rollup-win32-ia32-msvc': [ '4.60.1' ],
108 silly audit   '@rollup/rollup-win32-x64-gnu': [ '4.60.1' ],
108 silly audit   '@rollup/rollup-win32-x64-msvc': [ '4.60.1' ],
108 silly audit   '@tailwindcss/node': [ '4.1.12' ],
108 silly audit   '@tailwindcss/oxide': [ '4.1.12' ],
108 silly audit   '@tailwindcss/oxide-android-arm64': [ '4.1.12' ],
108 silly audit   '@tailwindcss/oxide-darwin-arm64': [ '4.1.12' ],
108 silly audit   '@tailwindcss/oxide-darwin-x64': [ '4.1.12' ],
108 silly audit   '@tailwindcss/oxide-freebsd-x64': [ '4.1.12' ],
108 silly audit   '@tailwindcss/oxide-linux-arm-gnueabihf': [ '4.1.12' ],
108 silly audit   '@tailwindcss/oxide-linux-arm64-gnu': [ '4.1.12' ],
108 silly audit   '@tailwindcss/oxide-linux-arm64-musl': [ '4.1.12' ],
108 silly audit   '@tailwindcss/oxide-linux-x64-gnu': [ '4.1.12' ],
108 silly audit   '@tailwindcss/oxide-linux-x64-musl': [ '4.1.12' ],
108 silly audit   '@tailwindcss/oxide-win32-arm64-msvc': [ '4.1.12' ],
108 silly audit   '@tailwindcss/oxide-win32-x64-msvc': [ '4.1.12' ],
108 silly audit   '@tailwindcss/vite': [ '4.1.12' ],
108 silly audit   '@types/babel__core': [ '7.20.5' ],
108 silly audit   '@types/babel__generator': [ '7.27.0' ],
108 silly audit   '@types/babel__template': [ '7.4.4' ],
108 silly audit   '@types/babel__traverse': [ '7.28.0' ],
108 silly audit   '@types/d3-array': [ '3.2.2' ],
108 silly audit   '@types/d3-color': [ '3.1.3' ],
108 silly audit   '@types/d3-ease': [ '3.0.2' ],
108 silly audit   '@types/d3-interpolate': [ '3.0.4' ],
108 silly audit   '@types/d3-path': [ '3.1.1' ],
108 silly audit   '@types/d3-scale': [ '4.0.9' ],
108 silly audit   '@types/d3-shape': [ '3.1.8' ],
108 silly audit   '@types/d3-time': [ '3.0.4' ],
108 silly audit   '@types/d3-timer': [ '3.0.2' ],
108 silly audit   '@types/estree': [ '1.0.8' ],
108 silly audit   '@types/parse-json': [ '4.0.2' ],
108 silly audit   '@types/prop-types': [ '15.7.15' ],
108 silly audit   '@types/react': [ '19.2.14' ],
108 silly audit   '@types/react-transition-group': [ '4.4.12' ],
108 silly audit   '@vitejs/plugin-react': [ '4.7.0' ],
108 silly audit   'aria-hidden': [ '1.2.6' ],
108 silly audit   'babel-plugin-macros': [ '3.1.0' ],
108 silly audit   'baseline-browser-mapping': [ '2.10.16' ],
108 silly audit   browserslist: [ '4.28.2' ],
108 silly audit   callsites: [ '3.1.0' ],
108 silly audit   'caniuse-lite': [ '1.0.30001786' ],
108 silly audit   'canvas-confetti': [ '1.9.4' ],
108 silly audit   chownr: [ '3.0.0' ],
108 silly audit   'class-variance-authority': [ '0.7.1' ],
108 silly audit   classnames: [ '2.5.1' ],
108 silly audit   clsx: [ '2.1.1' ],
108 silly audit   cmdk: [ '1.1.1' ],
108 silly audit   cookie: [ '1.1.1' ],
108 silly audit   cosmiconfig: [ '7.1.0' ],
108 silly audit   yaml: [ '1.10.3', '2.8.3' ],
108 silly audit   csstype: [ '3.2.3' ],
108 silly audit   'd3-array': [ '3.2.4' ],
108 silly audit   'd3-color': [ '3.1.0' ],
108 silly audit   'd3-ease': [ '3.0.1' ],
108 silly audit   'd3-format': [ '3.1.2' ],
108 silly audit   'd3-interpolate': [ '3.0.1' ],
108 silly audit   'd3-path': [ '3.1.0' ],
108 silly audit   'd3-scale': [ '4.0.2' ],
108 silly audit   'd3-shape': [ '3.2.0' ],
108 silly audit   'd3-time': [ '3.1.0' ],
108 silly audit   'd3-time-format': [ '4.1.0' ],
108 silly audit   'd3-timer': [ '3.0.1' ],
108 silly audit   'date-fns': [ '3.6.0' ],
108 silly audit   debug: [ '4.4.3' ],
108 silly audit   'decimal.js-light': [ '2.5.1' ],
108 silly audit   'detect-libc': [ '2.1.2' ],
108 silly audit   'detect-node-es': [ '1.1.0' ],
108 silly audit   'dnd-core': [ '16.0.1' ],
108 silly audit   'dom-helpers': [ '5.2.1' ],
108 silly audit   'electron-to-chromium': [ '1.5.332' ],
108 silly audit   'embla-carousel': [ '8.6.0' ],
108 silly audit   'embla-carousel-react': [ '8.6.0' ],
108 silly audit   'embla-carousel-reactive-utils': [ '8.6.0' ],
108 silly audit   'enhanced-resolve': [ '5.20.1' ],
108 silly audit   'error-ex': [ '1.3.4' ],
108 silly audit   esbuild: [ '0.25.12' ],
108 silly audit   escalade: [ '3.2.0' ],
108 silly audit   'escape-string-regexp': [ '4.0.0' ],
108 silly audit   eventemitter3: [ '4.0.7' ],
108 silly audit   'fast-deep-equal': [ '3.1.3' ],
108 silly audit   'fast-equals': [ '5.4.0' ],
108 silly audit   fdir: [ '6.5.0' ],
108 silly audit   'find-root': [ '1.1.0' ],
108 silly audit   'framer-motion': [ '12.38.0' ],
108 silly audit   fsevents: [ '2.3.3' ],
108 silly audit   'function-bind': [ '1.1.2' ],
108 silly audit   gensync: [ '1.0.0-beta.2' ],
108 silly audit   'get-nonce': [ '1.0.1' ],
108 silly audit   'graceful-fs': [ '4.2.11' ],
108 silly audit   hasown: [ '2.0.2' ],
108 silly audit   'hoist-non-react-statics': [ '3.3.2' ],
108 silly audit   'react-is': [ '16.13.1', '19.2.4', '18.3.1' ],
108 silly audit   'import-fresh': [ '3.3.1' ],
108 silly audit   'input-otp': [ '1.4.2' ],
108 silly audit   internmap: [ '2.0.3' ],
108 silly audit   'is-arrayish': [ '0.2.1' ],
108 silly audit   'is-core-module': [ '2.16.1' ],
108 silly audit   jiti: [ '2.6.1' ],
108 silly audit   'js-tokens': [ '4.0.0' ],
108 silly audit   jsesc: [ '3.1.0' ],
108 silly audit   'json-parse-even-better-errors': [ '2.3.1' ],
108 silly audit   json2mq: [ '0.2.0' ],
108 silly audit   json5: [ '2.2.3' ],
108 silly audit   lightningcss: [ '1.30.1' ],
108 silly audit   'lightningcss-darwin-arm64': [ '1.30.1' ],
108 silly audit   'lightningcss-darwin-x64': [ '1.30.1' ],
108 silly audit   'lightningcss-freebsd-x64': [ '1.30.1' ],
108 silly audit   'lightningcss-linux-arm-gnueabihf': [ '1.30.1' ],
108 silly audit   'lightningcss-linux-arm64-gnu': [ '1.30.1' ],
108 silly audit   'lightningcss-linux-arm64-musl': [ '1.30.1' ],
108 silly audit   'lightningcss-linux-x64-gnu': [ '1.30.1' ],
108 silly audit   'lightningcss-linux-x64-musl': [ '1.30.1' ],
108 silly audit   'lightningcss-win32-arm64-msvc': [ '1.30.1' ],
108 silly audit   'lightningcss-win32-x64-msvc': [ '1.30.1' ],
108 silly audit   'lines-and-columns': [ '1.2.4' ],
108 silly audit   lodash: [ '4.18.1' ],
108 silly audit   'lodash.debounce': [ '4.0.8' ],
108 silly audit   'loose-envify': [ '1.4.0' ],
108 silly audit   'lru-cache': [ '5.1.1' ],
108 silly audit   'lucide-react': [ '0.487.0' ],
108 silly audit   'magic-string': [ '0.30.21' ],
108 silly audit   minipass: [ '7.1.3' ],
108 silly audit   minizlib: [ '3.1.0' ],
108 silly audit   motion: [ '12.23.24' ],
108 silly audit   'motion-dom': [ '12.38.0' ],
108 silly audit   'motion-utils': [ '12.36.0' ],
108 silly audit   ms: [ '2.1.3' ],
108 silly audit   nanoid: [ '3.3.11' ],
108 silly audit   'next-themes': [ '0.4.6' ],
108 silly audit   'node-releases': [ '2.0.37' ],
108 silly audit   'object-assign': [ '4.1.1' ],
108 silly audit   'parent-module': [ '1.0.1' ],
108 silly audit   'parse-json': [ '5.2.0' ],
108 silly audit   'path-parse': [ '1.0.7' ],
108 silly audit   'path-type': [ '4.0.0' ],
108 silly audit   picocolors: [ '1.1.1' ],
108 silly audit   picomatch: [ '4.0.4' ],
108 silly audit   postcss: [ '8.5.8' ],
108 silly audit   'prop-types': [ '15.8.1' ],
108 silly audit   react: [ '18.3.1' ],
108 silly audit   'react-day-picker': [ '8.10.1' ],
108 silly audit   'react-dnd': [ '16.0.1' ],
108 silly audit   'react-dnd-html5-backend': [ '16.0.1' ],
108 silly audit   'react-dom': [ '18.3.1' ],
108 silly audit   'react-fast-compare': [ '3.2.2' ],
108 silly audit   'react-hook-form': [ '7.55.0' ],
108 silly audit   'react-popper': [ '2.3.0' ],
108 silly audit   'react-refresh': [ '0.17.0' ],
108 silly audit   'react-remove-scroll': [ '2.7.2' ],
108 silly audit   'react-remove-scroll-bar': [ '2.3.8' ],
108 silly audit   'react-resizable-panels': [ '2.1.7' ],
108 silly audit   'react-responsive-masonry': [ '2.7.1' ],
108 silly audit   'react-router': [ '7.13.0', '7.14.0' ],
108 silly audit   'react-slick': [ '0.31.0' ],
108 silly audit   'react-smooth': [ '4.0.4' ],
108 silly audit   'react-style-singleton': [ '2.2.3' ],
108 silly audit   'react-transition-group': [ '4.4.5' ],
108 silly audit   recharts: [ '2.15.2' ],
108 silly audit   'recharts-scale': [ '0.4.5' ],
108 silly audit   redux: [ '4.2.1' ],
108 silly audit   'resize-observer-polyfill': [ '1.5.1' ],
108 silly audit   resolve: [ '1.22.11' ],
108 silly audit   'resolve-from': [ '4.0.0' ],
108 silly audit   rollup: [ '4.60.1' ],
108 silly audit   scheduler: [ '0.23.2' ],
108 silly audit   semver: [ '6.3.1' ],
108 silly audit   'set-cookie-parser': [ '2.7.2' ],
108 silly audit   sonner: [ '2.0.3' ],
108 silly audit   'source-map': [ '0.5.7' ],
108 silly audit   'source-map-js': [ '1.2.1' ],
108 silly audit   'string-convert': [ '0.2.1' ],
108 silly audit   stylis: [ '4.2.0' ],
108 silly audit   'supports-preserve-symlinks-flag': [ '1.0.0' ],
108 silly audit   'tailwind-merge': [ '3.2.0' ],
108 silly audit   tailwindcss: [ '4.1.12' ],
108 silly audit   tapable: [ '2.3.2' ],
108 silly audit   tar: [ '7.5.13' ],
108 silly audit   yallist: [ '5.0.0', '3.1.1' ],
108 silly audit   'tiny-invariant': [ '1.3.3' ],
108 silly audit   tinyglobby: [ '0.2.15' ],
108 silly audit   tslib: [ '2.8.1' ],
108 silly audit   'tw-animate-css': [ '1.3.8' ],
108 silly audit   'update-browserslist-db': [ '1.2.3' ],
108 silly audit   'use-callback-ref': [ '1.3.3' ],
108 silly audit   'use-sidecar': [ '1.1.3' ],
108 silly audit   vaul: [ '1.1.2' ],
108 silly audit   'victory-vendor': [ '36.9.2' ],
108 silly audit   vite: [ '6.3.5' ],
108 silly audit   warning: [ '4.0.3' ],
108 silly audit   'lodash-es': [ '4.18.1' ],
108 silly audit   'react-router-dom': [ '7.14.0' ],
108 silly audit   xlsx: [ '0.18.5' ],
108 silly audit   'adler-32': [ '1.3.1' ],
108 silly audit   cfb: [ '1.2.2' ],
108 silly audit   codepage: [ '1.15.0' ],
108 silly audit   'crc-32': [ '1.2.2' ],
108 silly audit   ssf: [ '0.11.2' ],
108 silly audit   wmf: [ '1.0.2' ],
108 silly audit   word: [ '0.3.0' ],
108 silly audit   frac: [ '1.1.2' ],
108 silly audit   '@tailwindcss/oxide-wasm32-wasi': [ '4.1.12' ]
108 silly audit }
109 verbose reify failed optional dependency /Users/enyata/Downloads/Implement File Instructions/node_modules/lightningcss-win32-x64-msvc
110 silly reify mark deleted [
110 silly reify   '/Users/enyata/Downloads/Implement File Instructions/node_modules/lightningcss-win32-x64-msvc'
110 silly reify ]
111 verbose reify failed optional dependency /Users/enyata/Downloads/Implement File Instructions/node_modules/lightningcss-win32-arm64-msvc
112 silly reify mark deleted [
112 silly reify   '/Users/enyata/Downloads/Implement File Instructions/node_modules/lightningcss-win32-arm64-msvc'
112 silly reify ]
113 verbose reify failed optional dependency /Users/enyata/Downloads/Implement File Instructions/node_modules/lightningcss-linux-x64-musl
114 silly reify mark deleted [
114 silly reify   '/Users/enyata/Downloads/Implement File Instructions/node_modules/lightningcss-linux-x64-musl'
114 silly reify ]
115 verbose reify failed optional dependency /Users/enyata/Downloads/Implement File Instructions/node_modules/lightningcss-linux-x64-gnu
116 silly reify mark deleted [
116 silly reify   '/Users/enyata/Downloads/Implement File Instructions/node_modules/lightningcss-linux-x64-gnu'
116 silly reify ]
117 verbose reify failed optional dependency /Users/enyata/Downloads/Implement File Instructions/node_modules/lightningcss-linux-arm64-musl
118 silly reify mark deleted [
118 silly reify   '/Users/enyata/Downloads/Implement File Instructions/node_modules/lightningcss-linux-arm64-musl'
118 silly reify ]
119 verbose reify failed optional dependency /Users/enyata/Downloads/Implement File Instructions/node_modules/lightningcss-linux-arm64-gnu
120 silly reify mark deleted [
120 silly reify   '/Users/enyata/Downloads/Implement File Instructions/node_modules/lightningcss-linux-arm64-gnu'
120 silly reify ]
121 verbose reify failed optional dependency /Users/enyata/Downloads/Implement File Instructions/node_modules/lightningcss-linux-arm-gnueabihf
122 silly reify mark deleted [
122 silly reify   '/Users/enyata/Downloads/Implement File Instructions/node_modules/lightningcss-linux-arm-gnueabihf'
122 silly reify ]
123 verbose reify failed optional dependency /Users/enyata/Downloads/Implement File Instructions/node_modules/lightningcss-freebsd-x64
124 silly reify mark deleted [
124 silly reify   '/Users/enyata/Downloads/Implement File Instructions/node_modules/lightningcss-freebsd-x64'
124 silly reify ]
125 verbose reify failed optional dependency /Users/enyata/Downloads/Implement File Instructions/node_modules/lightningcss-darwin-arm64
126 silly reify mark deleted [
126 silly reify   '/Users/enyata/Downloads/Implement File Instructions/node_modules/lightningcss-darwin-arm64'
126 silly reify ]
127 verbose reify failed optional dependency /Users/enyata/Downloads/Implement File Instructions/node_modules/@tailwindcss/oxide-win32-x64-msvc
128 silly reify mark deleted [
128 silly reify   '/Users/enyata/Downloads/Implement File Instructions/node_modules/@tailwindcss/oxide-win32-x64-msvc'
128 silly reify ]
129 verbose reify failed optional dependency /Users/enyata/Downloads/Implement File Instructions/node_modules/@tailwindcss/oxide-win32-arm64-msvc
130 silly reify mark deleted [
130 silly reify   '/Users/enyata/Downloads/Implement File Instructions/node_modules/@tailwindcss/oxide-win32-arm64-msvc'
130 silly reify ]
131 verbose reify failed optional dependency /Users/enyata/Downloads/Implement File Instructions/node_modules/@tailwindcss/oxide-linux-x64-musl
132 silly reify mark deleted [
132 silly reify   '/Users/enyata/Downloads/Implement File Instructions/node_modules/@tailwindcss/oxide-linux-x64-musl'
132 silly reify ]
133 verbose reify failed optional dependency /Users/enyata/Downloads/Implement File Instructions/node_modules/@tailwindcss/oxide-linux-x64-gnu
134 silly reify mark deleted [
134 silly reify   '/Users/enyata/Downloads/Implement File Instructions/node_modules/@tailwindcss/oxide-linux-x64-gnu'
134 silly reify ]
135 verbose reify failed optional dependency /Users/enyata/Downloads/Implement File Instructions/node_modules/@tailwindcss/oxide-linux-arm64-musl
136 silly reify mark deleted [
136 silly reify   '/Users/enyata/Downloads/Implement File Instructions/node_modules/@tailwindcss/oxide-linux-arm64-musl'
136 silly reify ]
137 verbose reify failed optional dependency /Users/enyata/Downloads/Implement File Instructions/node_modules/@tailwindcss/oxide-linux-arm64-gnu
138 silly reify mark deleted [
138 silly reify   '/Users/enyata/Downloads/Implement File Instructions/node_modules/@tailwindcss/oxide-linux-arm64-gnu'
138 silly reify ]
139 verbose reify failed optional dependency /Users/enyata/Downloads/Implement File Instructions/node_modules/@tailwindcss/oxide-linux-arm-gnueabihf
140 silly reify mark deleted [
140 silly reify   '/Users/enyata/Downloads/Implement File Instructions/node_modules/@tailwindcss/oxide-linux-arm-gnueabihf'
140 silly reify ]
141 verbose reify failed optional dependency /Users/enyata/Downloads/Implement File Instructions/node_modules/@tailwindcss/oxide-freebsd-x64
142 silly reify mark deleted [
142 silly reify   '/Users/enyata/Downloads/Implement File Instructions/node_modules/@tailwindcss/oxide-freebsd-x64'
142 silly reify ]
143 verbose reify failed optional dependency /Users/enyata/Downloads/Implement File Instructions/node_modules/@tailwindcss/oxide-darwin-arm64
144 silly reify mark deleted [
144 silly reify   '/Users/enyata/Downloads/Implement File Instructions/node_modules/@tailwindcss/oxide-darwin-arm64'
144 silly reify ]
145 verbose reify failed optional dependency /Users/enyata/Downloads/Implement File Instructions/node_modules/@tailwindcss/oxide-android-arm64
146 silly reify mark deleted [
146 silly reify   '/Users/enyata/Downloads/Implement File Instructions/node_modules/@tailwindcss/oxide-android-arm64'
146 silly reify ]
147 verbose reify failed optional dependency /Users/enyata/Downloads/Implement File Instructions/node_modules/@rollup/rollup-win32-x64-msvc
148 silly reify mark deleted [
148 silly reify   '/Users/enyata/Downloads/Implement File Instructions/node_modules/@rollup/rollup-win32-x64-msvc'
148 silly reify ]
149 verbose reify failed optional dependency /Users/enyata/Downloads/Implement File Instructions/node_modules/@rollup/rollup-win32-x64-gnu
150 silly reify mark deleted [
150 silly reify   '/Users/enyata/Downloads/Implement File Instructions/node_modules/@rollup/rollup-win32-x64-gnu'
150 silly reify ]
151 verbose reify failed optional dependency /Users/enyata/Downloads/Implement File Instructions/node_modules/@rollup/rollup-win32-ia32-msvc
152 silly reify mark deleted [
152 silly reify   '/Users/enyata/Downloads/Implement File Instructions/node_modules/@rollup/rollup-win32-ia32-msvc'
152 silly reify ]
153 verbose reify failed optional dependency /Users/enyata/Downloads/Implement File Instructions/node_modules/@rollup/rollup-win32-arm64-msvc
154 silly reify mark deleted [
154 silly reify   '/Users/enyata/Downloads/Implement File Instructions/node_modules/@rollup/rollup-win32-arm64-msvc'
154 silly reify ]
155 verbose reify failed optional dependency /Users/enyata/Downloads/Implement File Instructions/node_modules/@rollup/rollup-openharmony-arm64
156 silly reify mark deleted [
156 silly reify   '/Users/enyata/Downloads/Implement File Instructions/node_modules/@rollup/rollup-openharmony-arm64'
156 silly reify ]
157 verbose reify failed optional dependency /Users/enyata/Downloads/Implement File Instructions/node_modules/@rollup/rollup-openbsd-x64
158 silly reify mark deleted [
158 silly reify   '/Users/enyata/Downloads/Implement File Instructions/node_modules/@rollup/rollup-openbsd-x64'
158 silly reify ]
159 verbose reify failed optional dependency /Users/enyata/Downloads/Implement File Instructions/node_modules/@rollup/rollup-linux-x64-musl
160 silly reify mark deleted [
160 silly reify   '/Users/enyata/Downloads/Implement File Instructions/node_modules/@rollup/rollup-linux-x64-musl'
160 silly reify ]
161 verbose reify failed optional dependency /Users/enyata/Downloads/Implement File Instructions/node_modules/@rollup/rollup-linux-x64-gnu
162 silly reify mark deleted [
162 silly reify   '/Users/enyata/Downloads/Implement File Instructions/node_modules/@rollup/rollup-linux-x64-gnu'
162 silly reify ]
163 verbose reify failed optional dependency /Users/enyata/Downloads/Implement File Instructions/node_modules/@rollup/rollup-linux-s390x-gnu
164 silly reify mark deleted [
164 silly reify   '/Users/enyata/Downloads/Implement File Instructions/node_modules/@rollup/rollup-linux-s390x-gnu'
164 silly reify ]
165 verbose reify failed optional dependency /Users/enyata/Downloads/Implement File Instructions/node_modules/@rollup/rollup-linux-riscv64-musl
166 silly reify mark deleted [
166 silly reify   '/Users/enyata/Downloads/Implement File Instructions/node_modules/@rollup/rollup-linux-riscv64-musl'
166 silly reify ]
167 verbose reify failed optional dependency /Users/enyata/Downloads/Implement File Instructions/node_modules/@rollup/rollup-linux-riscv64-gnu
168 silly reify mark deleted [
168 silly reify   '/Users/enyata/Downloads/Implement File Instructions/node_modules/@rollup/rollup-linux-riscv64-gnu'
168 silly reify ]
169 verbose reify failed optional dependency /Users/enyata/Downloads/Implement File Instructions/node_modules/@rollup/rollup-linux-ppc64-musl
170 silly reify mark deleted [
170 silly reify   '/Users/enyata/Downloads/Implement File Instructions/node_modules/@rollup/rollup-linux-ppc64-musl'
170 silly reify ]
171 verbose reify failed optional dependency /Users/enyata/Downloads/Implement File Instructions/node_modules/@rollup/rollup-linux-ppc64-gnu
172 silly reify mark deleted [
172 silly reify   '/Users/enyata/Downloads/Implement File Instructions/node_modules/@rollup/rollup-linux-ppc64-gnu'
172 silly reify ]
173 verbose reify failed optional dependency /Users/enyata/Downloads/Implement File Instructions/node_modules/@rollup/rollup-linux-loong64-musl
174 silly reify mark deleted [
174 silly reify   '/Users/enyata/Downloads/Implement File Instructions/node_modules/@rollup/rollup-linux-loong64-musl'
174 silly reify ]
175 verbose reify failed optional dependency /Users/enyata/Downloads/Implement File Instructions/node_modules/@rollup/rollup-linux-loong64-gnu
176 silly reify mark deleted [
176 silly reify   '/Users/enyata/Downloads/Implement File Instructions/node_modules/@rollup/rollup-linux-loong64-gnu'
176 silly reify ]
177 verbose reify failed optional dependency /Users/enyata/Downloads/Implement File Instructions/node_modules/@rollup/rollup-linux-arm64-musl
178 silly reify mark deleted [
178 silly reify   '/Users/enyata/Downloads/Implement File Instructions/node_modules/@rollup/rollup-linux-arm64-musl'
178 silly reify ]
179 verbose reify failed optional dependency /Users/enyata/Downloads/Implement File Instructions/node_modules/@rollup/rollup-linux-arm64-gnu
180 silly reify mark deleted [
180 silly reify   '/Users/enyata/Downloads/Implement File Instructions/node_modules/@rollup/rollup-linux-arm64-gnu'
180 silly reify ]
181 verbose reify failed optional dependency /Users/enyata/Downloads/Implement File Instructions/node_modules/@rollup/rollup-linux-arm-musleabihf
182 silly reify mark deleted [
182 silly reify   '/Users/enyata/Downloads/Implement File Instructions/node_modules/@rollup/rollup-linux-arm-musleabihf'
182 silly reify ]
183 verbose reify failed optional dependency /Users/enyata/Downloads/Implement File Instructions/node_modules/@rollup/rollup-linux-arm-gnueabihf
184 silly reify mark deleted [
184 silly reify   '/Users/enyata/Downloads/Implement File Instructions/node_modules/@rollup/rollup-linux-arm-gnueabihf'
184 silly reify ]
185 verbose reify failed optional dependency /Users/enyata/Downloads/Implement File Instructions/node_modules/@rollup/rollup-freebsd-x64
186 silly reify mark deleted [
186 silly reify   '/Users/enyata/Downloads/Implement File Instructions/node_modules/@rollup/rollup-freebsd-x64'
186 silly reify ]
187 verbose reify failed optional dependency /Users/enyata/Downloads/Implement File Instructions/node_modules/@rollup/rollup-freebsd-arm64
188 silly reify mark deleted [
188 silly reify   '/Users/enyata/Downloads/Implement File Instructions/node_modules/@rollup/rollup-freebsd-arm64'
188 silly reify ]
189 verbose reify failed optional dependency /Users/enyata/Downloads/Implement File Instructions/node_modules/@rollup/rollup-darwin-arm64
190 silly reify mark deleted [
190 silly reify   '/Users/enyata/Downloads/Implement File Instructions/node_modules/@rollup/rollup-darwin-arm64'
190 silly reify ]
191 verbose reify failed optional dependency /Users/enyata/Downloads/Implement File Instructions/node_modules/@rollup/rollup-android-arm64
192 silly reify mark deleted [
192 silly reify   '/Users/enyata/Downloads/Implement File Instructions/node_modules/@rollup/rollup-android-arm64'
192 silly reify ]
193 verbose reify failed optional dependency /Users/enyata/Downloads/Implement File Instructions/node_modules/@rollup/rollup-android-arm-eabi
194 silly reify mark deleted [
194 silly reify   '/Users/enyata/Downloads/Implement File Instructions/node_modules/@rollup/rollup-android-arm-eabi'
194 silly reify ]
195 verbose reify failed optional dependency /Users/enyata/Downloads/Implement File Instructions/node_modules/@esbuild/win32-x64
196 silly reify mark deleted [
196 silly reify   '/Users/enyata/Downloads/Implement File Instructions/node_modules/@esbuild/win32-x64'
196 silly reify ]
197 verbose reify failed optional dependency /Users/enyata/Downloads/Implement File Instructions/node_modules/@esbuild/win32-ia32
198 silly reify mark deleted [
198 silly reify   '/Users/enyata/Downloads/Implement File Instructions/node_modules/@esbuild/win32-ia32'
198 silly reify ]
199 verbose reify failed optional dependency /Users/enyata/Downloads/Implement File Instructions/node_modules/@esbuild/win32-arm64
200 silly reify mark deleted [
200 silly reify   '/Users/enyata/Downloads/Implement File Instructions/node_modules/@esbuild/win32-arm64'
200 silly reify ]
201 verbose reify failed optional dependency /Users/enyata/Downloads/Implement File Instructions/node_modules/@esbuild/sunos-x64
202 silly reify mark deleted [
202 silly reify   '/Users/enyata/Downloads/Implement File Instructions/node_modules/@esbuild/sunos-x64'
202 silly reify ]
203 verbose reify failed optional dependency /Users/enyata/Downloads/Implement File Instructions/node_modules/@esbuild/openharmony-arm64
204 silly reify mark deleted [
204 silly reify   '/Users/enyata/Downloads/Implement File Instructions/node_modules/@esbuild/openharmony-arm64'
204 silly reify ]
205 verbose reify failed optional dependency /Users/enyata/Downloads/Implement File Instructions/node_modules/@esbuild/openbsd-x64
206 silly reify mark deleted [
206 silly reify   '/Users/enyata/Downloads/Implement File Instructions/node_modules/@esbuild/openbsd-x64'
206 silly reify ]
207 verbose reify failed optional dependency /Users/enyata/Downloads/Implement File Instructions/node_modules/@esbuild/openbsd-arm64
208 silly reify mark deleted [
208 silly reify   '/Users/enyata/Downloads/Implement File Instructions/node_modules/@esbuild/openbsd-arm64'
208 silly reify ]
209 verbose reify failed optional dependency /Users/enyata/Downloads/Implement File Instructions/node_modules/@esbuild/netbsd-x64
210 silly reify mark deleted [
210 silly reify   '/Users/enyata/Downloads/Implement File Instructions/node_modules/@esbuild/netbsd-x64'
210 silly reify ]
211 verbose reify failed optional dependency /Users/enyata/Downloads/Implement File Instructions/node_modules/@esbuild/netbsd-arm64
212 silly reify mark deleted [
212 silly reify   '/Users/enyata/Downloads/Implement File Instructions/node_modules/@esbuild/netbsd-arm64'
212 silly reify ]
213 verbose reify failed optional dependency /Users/enyata/Downloads/Implement File Instructions/node_modules/@esbuild/linux-x64
214 silly reify mark deleted [
214 silly reify   '/Users/enyata/Downloads/Implement File Instructions/node_modules/@esbuild/linux-x64'
214 silly reify ]
215 verbose reify failed optional dependency /Users/enyata/Downloads/Implement File Instructions/node_modules/@esbuild/linux-s390x
216 silly reify mark deleted [
216 silly reify   '/Users/enyata/Downloads/Implement File Instructions/node_modules/@esbuild/linux-s390x'
216 silly reify ]
217 verbose reify failed optional dependency /Users/enyata/Downloads/Implement File Instructions/node_modules/@esbuild/linux-riscv64
218 silly reify mark deleted [
218 silly reify   '/Users/enyata/Downloads/Implement File Instructions/node_modules/@esbuild/linux-riscv64'
218 silly reify ]
219 verbose reify failed optional dependency /Users/enyata/Downloads/Implement File Instructions/node_modules/@esbuild/linux-ppc64
220 silly reify mark deleted [
220 silly reify   '/Users/enyata/Downloads/Implement File Instructions/node_modules/@esbuild/linux-ppc64'
220 silly reify ]
221 verbose reify failed optional dependency /Users/enyata/Downloads/Implement File Instructions/node_modules/@esbuild/linux-mips64el
222 silly reify mark deleted [
222 silly reify   '/Users/enyata/Downloads/Implement File Instructions/node_modules/@esbuild/linux-mips64el'
222 silly reify ]
223 verbose reify failed optional dependency /Users/enyata/Downloads/Implement File Instructions/node_modules/@esbuild/linux-loong64
224 silly reify mark deleted [
224 silly reify   '/Users/enyata/Downloads/Implement File Instructions/node_modules/@esbuild/linux-loong64'
224 silly reify ]
225 verbose reify failed optional dependency /Users/enyata/Downloads/Implement File Instructions/node_modules/@esbuild/linux-ia32
226 silly reify mark deleted [
226 silly reify   '/Users/enyata/Downloads/Implement File Instructions/node_modules/@esbuild/linux-ia32'
226 silly reify ]
227 verbose reify failed optional dependency /Users/enyata/Downloads/Implement File Instructions/node_modules/@esbuild/linux-arm64
228 silly reify mark deleted [
228 silly reify   '/Users/enyata/Downloads/Implement File Instructions/node_modules/@esbuild/linux-arm64'
228 silly reify ]
229 verbose reify failed optional dependency /Users/enyata/Downloads/Implement File Instructions/node_modules/@esbuild/linux-arm
230 silly reify mark deleted [
230 silly reify   '/Users/enyata/Downloads/Implement File Instructions/node_modules/@esbuild/linux-arm'
230 silly reify ]
231 verbose reify failed optional dependency /Users/enyata/Downloads/Implement File Instructions/node_modules/@esbuild/freebsd-x64
232 silly reify mark deleted [
232 silly reify   '/Users/enyata/Downloads/Implement File Instructions/node_modules/@esbuild/freebsd-x64'
232 silly reify ]
233 verbose reify failed optional dependency /Users/enyata/Downloads/Implement File Instructions/node_modules/@esbuild/freebsd-arm64
234 silly reify mark deleted [
234 silly reify   '/Users/enyata/Downloads/Implement File Instructions/node_modules/@esbuild/freebsd-arm64'
234 silly reify ]
235 verbose reify failed optional dependency /Users/enyata/Downloads/Implement File Instructions/node_modules/@esbuild/darwin-arm64
236 silly reify mark deleted [
236 silly reify   '/Users/enyata/Downloads/Implement File Instructions/node_modules/@esbuild/darwin-arm64'
236 silly reify ]
237 verbose reify failed optional dependency /Users/enyata/Downloads/Implement File Instructions/node_modules/@esbuild/android-x64
238 silly reify mark deleted [
238 silly reify   '/Users/enyata/Downloads/Implement File Instructions/node_modules/@esbuild/android-x64'
238 silly reify ]
239 verbose reify failed optional dependency /Users/enyata/Downloads/Implement File Instructions/node_modules/@esbuild/android-arm64
240 silly reify mark deleted [
240 silly reify   '/Users/enyata/Downloads/Implement File Instructions/node_modules/@esbuild/android-arm64'
240 silly reify ]
241 verbose reify failed optional dependency /Users/enyata/Downloads/Implement File Instructions/node_modules/@esbuild/android-arm
242 silly reify mark deleted [
242 silly reify   '/Users/enyata/Downloads/Implement File Instructions/node_modules/@esbuild/android-arm'
242 silly reify ]
243 verbose reify failed optional dependency /Users/enyata/Downloads/Implement File Instructions/node_modules/@esbuild/aix-ppc64
244 silly reify mark deleted [
244 silly reify   '/Users/enyata/Downloads/Implement File Instructions/node_modules/@esbuild/aix-ppc64'
244 silly reify ]
245 silly tarball no local data for lodash-es@https://registry.npmjs.org/lodash-es/-/lodash-es-4.18.1.tgz. Extracting by manifest.
246 http fetch POST 200 https://registry.npmjs.org/-/npm/v1/security/advisories/bulk 891ms
247 silly audit report {
247 silly audit report   vite: [
247 silly audit report     {
247 silly audit report       id: 1107324,
247 silly audit report       url: 'https://github.com/advisories/GHSA-g4jq-h2w9-997c',
247 silly audit report       title: 'Vite middleware may serve files starting with the same name with the public directory',
247 silly audit report       severity: 'low',
247 silly audit report       vulnerable_versions: '>=6.0.0 <=6.3.5',
247 silly audit report       cwe: [Array],
247 silly audit report       cvss: [Object]
247 silly audit report     },
247 silly audit report     {
247 silly audit report       id: 1107328,
247 silly audit report       url: 'https://github.com/advisories/GHSA-jqfw-vq24-v9c3',
247 silly audit report       title: "Vite's `server.fs` settings were not applied to HTML files",
247 silly audit report       severity: 'low',
247 silly audit report       vulnerable_versions: '>=6.0.0 <=6.3.5',
247 silly audit report       cwe: [Array],
247 silly audit report       cvss: [Object]
247 silly audit report     },
247 silly audit report     {
247 silly audit report       id: 1109135,
247 silly audit report       url: 'https://github.com/advisories/GHSA-93m4-6634-74q7',
247 silly audit report       title: 'vite allows server.fs.deny bypass via backslash on Windows',
247 silly audit report       severity: 'moderate',
247 silly audit report       vulnerable_versions: '>=6.0.0 <=6.4.0',
247 silly audit report       cwe: [Array],
247 silly audit report       cvss: [Object]
247 silly audit report     },
247 silly audit report     {
247 silly audit report       id: 1116229,
247 silly audit report       url: 'https://github.com/advisories/GHSA-4w7w-66w2-5vf9',
247 silly audit report       title: 'Vite Vulnerable to Path Traversal in Optimized Deps `.map` Handling',
247 silly audit report       severity: 'moderate',
247 silly audit report       vulnerable_versions: '<=6.4.1',
247 silly audit report       cwe: [Array],
247 silly audit report       cvss: [Object]
247 silly audit report     },
247 silly audit report     {
247 silly audit report       id: 1116234,
247 silly audit report       url: 'https://github.com/advisories/GHSA-p9ff-h696-f583',
247 silly audit report       title: 'Vite Vulnerable to Arbitrary File Read via Vite Dev Server WebSocket',
247 silly audit report       severity: 'high',
247 silly audit report       vulnerable_versions: '>=6.0.0 <=6.4.1',
247 silly audit report       cwe: [Array],
247 silly audit report       cvss: [Object]
247 silly audit report     }
247 silly audit report   ],
247 silly audit report   xlsx: [
247 silly audit report     {
247 silly audit report       id: 1108110,
247 silly audit report       url: 'https://github.com/advisories/GHSA-4r6h-8v6p-xvw6',
247 silly audit report       title: 'Prototype Pollution in sheetJS',
247 silly audit report       severity: 'high',
247 silly audit report       vulnerable_versions: '<0.19.3',
247 silly audit report       cwe: [Array],
247 silly audit report       cvss: [Object]
247 silly audit report     },
247 silly audit report     {
247 silly audit report       id: 1108111,
247 silly audit report       url: 'https://github.com/advisories/GHSA-5pgg-2g8v-p4x9',
247 silly audit report       title: 'SheetJS Regular Expression Denial of Service (ReDoS)',
247 silly audit report       severity: 'high',
247 silly audit report       vulnerable_versions: '<0.20.2',
247 silly audit report       cwe: [Array],
247 silly audit report       cvss: [Object]
247 silly audit report     }
247 silly audit report   ]
247 silly audit report }
248 silly packumentCache corgi:https://registry.npmjs.org/vite cache-miss
249 silly packumentCache corgi:https://registry.npmjs.org/xlsx cache-miss
250 http fetch GET 200 https://registry.npmjs.org/lodash-es/-/lodash-es-4.18.1.tgz 1007ms (cache miss)
251 http fetch GET 200 https://registry.npmjs.org/vite 319ms (cache revalidated)
252 silly packumentCache corgi:https://registry.npmjs.org/vite set size:2229030 disposed:false
253 http fetch GET 200 https://registry.npmjs.org/xlsx 390ms (cache revalidated)
254 silly packumentCache corgi:https://registry.npmjs.org/xlsx set size:134408 disposed:false
255 silly packumentCache corgi:https://registry.npmjs.org/@tailwindcss%2fvite cache-miss
256 silly packumentCache corgi:https://registry.npmjs.org/@vitejs%2fplugin-react cache-miss
257 verbose stack Error: EACCES: permission denied, open '/Users/enyata/Downloads/Implement File Instructions/package-lock.json'
257 verbose stack     at async open (node:internal/fs/promises:639:25)
257 verbose stack     at async writeFile (node:internal/fs/promises:1216:14)
257 verbose stack     at async Promise.all (index 0)
257 verbose stack     at async [saveIdealTree] (/Users/enyata/.nvm/versions/node/v20.19.4/lib/node_modules/npm/node_modules/@npmcli/arborist/lib/arborist/reify.js:1526:7)
257 verbose stack     at async Arborist.reify (/Users/enyata/.nvm/versions/node/v20.19.4/lib/node_modules/npm/node_modules/@npmcli/arborist/lib/arborist/reify.js:148:5)
257 verbose stack     at async Install.exec (/Users/enyata/.nvm/versions/node/v20.19.4/lib/node_modules/npm/lib/commands/install.js:150:5)
257 verbose stack     at async Npm.exec (/Users/enyata/.nvm/versions/node/v20.19.4/lib/node_modules/npm/lib/npm.js:207:9)
257 verbose stack     at async module.exports (/Users/enyata/.nvm/versions/node/v20.19.4/lib/node_modules/npm/lib/cli/entry.js:74:5)
258 error code EACCES
259 error syscall open
260 error path /Users/enyata/Downloads/Implement File Instructions/package-lock.json
261 error errno -13
262 error Error: EACCES: permission denied, open '/Users/enyata/Downloads/Implement File Instructions/package-lock.json'
262 error     at async open (node:internal/fs/promises:639:25)
262 error     at async writeFile (node:internal/fs/promises:1216:14)
262 error     at async Promise.all (index 0)
262 error     at async [saveIdealTree] (/Users/enyata/.nvm/versions/node/v20.19.4/lib/node_modules/npm/node_modules/@npmcli/arborist/lib/arborist/reify.js:1526:7)
262 error     at async Arborist.reify (/Users/enyata/.nvm/versions/node/v20.19.4/lib/node_modules/npm/node_modules/@npmcli/arborist/lib/arborist/reify.js:148:5)
262 error     at async Install.exec (/Users/enyata/.nvm/versions/node/v20.19.4/lib/node_modules/npm/lib/commands/install.js:150:5)
262 error     at async Npm.exec (/Users/enyata/.nvm/versions/node/v20.19.4/lib/node_modules/npm/lib/npm.js:207:9)
262 error     at async module.exports (/Users/enyata/.nvm/versions/node/v20.19.4/lib/node_modules/npm/lib/cli/entry.js:74:5) {
262 error   errno: -13,
262 error   code: 'EACCES',
262 error   syscall: 'open',
262 error   path: '/Users/enyata/Downloads/Implement File Instructions/package-lock.json'
262 error }
263 error
263 error The operation was rejected by your operating system.
263 error It is likely you do not have the permissions to access this file as the current user
263 error
263 error If you believe this might be a permissions issue, please double-check the
263 error permissions of the file and its containing directories, or try running
263 error the command again as root/Administrator.
264 silly unfinished npm timer reify 1775933041220
265 silly unfinished npm timer reify:audit 1775933066954
266 silly unfinished npm timer auditReport:init 1775933067851
267 silly unfinished npm timer metavuln:calculate:security-advisory:@tailwindcss/vite:Tg1igN5ImUILB7iL3lCsdCfvryCmdwXKQoLrV9oZh5qkz8tTcdwqqtt4Gpb4Z+ybfbkRa+CBnUNY2uVy1+5EAA== 1775933068246
268 silly unfinished npm timer metavuln:packument:@tailwindcss/vite 1775933068246
269 silly unfinished npm timer metavuln:calculate:security-advisory:@vitejs/plugin-react:Tg1igN5ImUILB7iL3lCsdCfvryCmdwXKQoLrV9oZh5qkz8tTcdwqqtt4Gpb4Z+ybfbkRa+CBnUNY2uVy1+5EAA== 1775933068247
270 silly unfinished npm timer metavuln:packument:@vitejs/plugin-react 1775933068247
271 silly unfinished npm timer reify:save 1775933068288
272 verbose cwd /Users/enyata/Downloads/Implement File Instructions
273 verbose os Darwin 23.6.0
274 verbose node v20.19.4
275 verbose npm  v10.8.2
276 verbose exit -13
277 verbose code -13
278 error A complete log of this run can be found in: /Users/enyata/Downloads/Implement File Instructions/.npm-cache/_logs/2026-04-11T18_44_00_604Z-debug-0.log
