0 verbose cli /Users/enyata/.nvm/versions/node/v20.19.4/bin/node /Users/enyata/.nvm/versions/node/v20.19.4/bin/npm
1 info using npm@10.8.2
2 info using node@v20.19.4
3 silly config load:file:/Users/enyata/.nvm/versions/node/v20.19.4/lib/node_modules/npm/npmrc
4 silly config load:file:/Users/enyata/Downloads/Implement File Instructions/.npmrc
5 silly config load:file:/Users/enyata/.npmrc
6 silly config load:file:/Users/enyata/.nvm/versions/node/v20.19.4/etc/npmrc
7 verbose title npm install react-router-dom@7.13.0
8 verbose argv "install" "react-router-dom@7.13.0" "--cache" ".npm-cache"
9 verbose logfile logs-max:10 dir:/Users/enyata/Downloads/Implement File Instructions/.npm-cache/_logs/2026-04-08T10_51_25_577Z-
10 verbose logfile /Users/enyata/Downloads/Implement File Instructions/.npm-cache/_logs/2026-04-08T10_51_25_577Z-debug-0.log
11 silly packumentCache heap:2197815296 maxSize:549453824 maxEntrySize:274726912
12 silly logfile done cleaning log files
13 silly idealTree buildDeps
14 silly fetch manifest react-router-dom@7.13.0
15 silly packumentCache full:https://registry.npmjs.org/react-router-dom cache-miss
16 verbose shrinkwrap failed to load node_modules/.package-lock.json out of date, updated: node_modules
17 http fetch GET 200 https://registry.npmjs.org/npm 2066ms
18 http fetch GET 200 https://registry.npmjs.org/react-router-dom 1580ms (cache miss)
19 silly packumentCache full:https://registry.npmjs.org/react-router-dom set size:undefined disposed:false
20 silly fetch manifest react@18.3.1
21 silly packumentCache full:https://registry.npmjs.org/react cache-miss
22 http fetch GET 200 https://registry.npmjs.org/react 694ms (cache miss)
23 silly packumentCache full:https://registry.npmjs.org/react set size:undefined disposed:false
24 silly fetch manifest react-dom@18.3.1
25 silly packumentCache full:https://registry.npmjs.org/react-dom cache-miss
26 http fetch GET 200 https://registry.npmjs.org/react-dom 662ms (cache miss)
27 silly packumentCache full:https://registry.npmjs.org/react-dom set size:undefined disposed:false
28 silly placeDep ROOT react-router-dom@7.13.0 OK for: @figma/my-make-file@0.0.1 want: 7.13.0
29 silly reify mark retired [
29 silly reify   '/Users/enyata/Downloads/Implement File Instructions/node_modules/lightningcss-darwin-arm64'
29 silly reify ]
30 silly reify mark retired [
30 silly reify   '/Users/enyata/Downloads/Implement File Instructions/node_modules/lightningcss-freebsd-x64'
30 silly reify ]
31 silly reify mark retired [
31 silly reify   '/Users/enyata/Downloads/Implement File Instructions/node_modules/lightningcss-linux-arm64-gnu'
31 silly reify ]
32 silly reify mark retired [
32 silly reify   '/Users/enyata/Downloads/Implement File Instructions/node_modules/lightningcss-linux-arm64-musl'
32 silly reify ]
33 silly reify mark retired [
33 silly reify   '/Users/enyata/Downloads/Implement File Instructions/node_modules/lightningcss-linux-x64-gnu'
33 silly reify ]
34 silly reify mark retired [
34 silly reify   '/Users/enyata/Downloads/Implement File Instructions/node_modules/lightningcss-linux-x64-musl'
34 silly reify ]
35 silly reify mark retired [
35 silly reify   '/Users/enyata/Downloads/Implement File Instructions/node_modules/lightningcss-linux-arm-gnueabihf'
35 silly reify ]
36 silly reify mark retired [
36 silly reify   '/Users/enyata/Downloads/Implement File Instructions/node_modules/lightningcss-win32-x64-msvc'
36 silly reify ]
37 silly reify mark retired [
37 silly reify   '/Users/enyata/Downloads/Implement File Instructions/node_modules/lightningcss-win32-arm64-msvc'
37 silly reify ]
38 silly reify mark retired [
38 silly reify   '/Users/enyata/Downloads/Implement File Instructions/node_modules/@esbuild/aix-ppc64'
38 silly reify ]
39 silly reify mark retired [
39 silly reify   '/Users/enyata/Downloads/Implement File Instructions/node_modules/@esbuild/android-arm'
39 silly reify ]
40 silly reify mark retired [
40 silly reify   '/Users/enyata/Downloads/Implement File Instructions/node_modules/@esbuild/android-arm64'
40 silly reify ]
41 silly reify mark retired [
41 silly reify   '/Users/enyata/Downloads/Implement File Instructions/node_modules/@esbuild/darwin-x64'
41 silly reify ]
42 silly reify mark retired [
42 silly reify   '/Users/enyata/Downloads/Implement File Instructions/node_modules/@esbuild/freebsd-arm64'
42 silly reify ]
43 silly reify mark retired [
43 silly reify   '/Users/enyata/Downloads/Implement File Instructions/node_modules/@esbuild/freebsd-x64'
43 silly reify ]
44 silly reify mark retired [
44 silly reify   '/Users/enyata/Downloads/Implement File Instructions/node_modules/@esbuild/linux-arm'
44 silly reify ]
45 silly reify mark retired [
45 silly reify   '/Users/enyata/Downloads/Implement File Instructions/node_modules/@esbuild/linux-arm64'
45 silly reify ]
46 silly reify mark retired [
46 silly reify   '/Users/enyata/Downloads/Implement File Instructions/node_modules/@esbuild/linux-ia32'
46 silly reify ]
47 silly reify mark retired [
47 silly reify   '/Users/enyata/Downloads/Implement File Instructions/node_modules/@esbuild/linux-loong64'
47 silly reify ]
48 silly reify mark retired [
48 silly reify   '/Users/enyata/Downloads/Implement File Instructions/node_modules/@esbuild/linux-mips64el'
48 silly reify ]
49 silly reify mark retired [
49 silly reify   '/Users/enyata/Downloads/Implement File Instructions/node_modules/@esbuild/linux-ppc64'
49 silly reify ]
50 silly reify mark retired [
50 silly reify   '/Users/enyata/Downloads/Implement File Instructions/node_modules/@esbuild/linux-riscv64'
50 silly reify ]
51 silly reify mark retired [
51 silly reify   '/Users/enyata/Downloads/Implement File Instructions/node_modules/@esbuild/linux-s390x'
51 silly reify ]
52 silly reify mark retired [
52 silly reify   '/Users/enyata/Downloads/Implement File Instructions/node_modules/@esbuild/linux-x64'
52 silly reify ]
53 silly reify mark retired [
53 silly reify   '/Users/enyata/Downloads/Implement File Instructions/node_modules/@esbuild/netbsd-arm64'
53 silly reify ]
54 silly reify mark retired [
54 silly reify   '/Users/enyata/Downloads/Implement File Instructions/node_modules/@esbuild/netbsd-x64'
54 silly reify ]
55 silly reify mark retired [
55 silly reify   '/Users/enyata/Downloads/Implement File Instructions/node_modules/@esbuild/openbsd-arm64'
55 silly reify ]
56 silly reify mark retired [
56 silly reify   '/Users/enyata/Downloads/Implement File Instructions/node_modules/@esbuild/openbsd-x64'
56 silly reify ]
57 silly reify mark retired [
57 silly reify   '/Users/enyata/Downloads/Implement File Instructions/node_modules/@esbuild/openharmony-arm64'
57 silly reify ]
58 silly reify mark retired [
58 silly reify   '/Users/enyata/Downloads/Implement File Instructions/node_modules/@esbuild/sunos-x64'
58 silly reify ]
59 silly reify mark retired [
59 silly reify   '/Users/enyata/Downloads/Implement File Instructions/node_modules/@esbuild/win32-arm64'
59 silly reify ]
60 silly reify mark retired [
60 silly reify   '/Users/enyata/Downloads/Implement File Instructions/node_modules/@esbuild/win32-ia32'
60 silly reify ]
61 silly reify mark retired [
61 silly reify   '/Users/enyata/Downloads/Implement File Instructions/node_modules/@esbuild/win32-x64'
61 silly reify ]
62 silly reify mark retired [
62 silly reify   '/Users/enyata/Downloads/Implement File Instructions/node_modules/@esbuild/darwin-arm64'
62 silly reify ]
63 silly reify mark retired [
63 silly reify   '/Users/enyata/Downloads/Implement File Instructions/node_modules/@esbuild/android-x64'
63 silly reify ]
64 silly reify mark retired [
64 silly reify   '/Users/enyata/Downloads/Implement File Instructions/node_modules/@rollup/rollup-android-arm-eabi'
64 silly reify ]
65 silly reify mark retired [
65 silly reify   '/Users/enyata/Downloads/Implement File Instructions/node_modules/@rollup/rollup-android-arm64'
65 silly reify ]
66 silly reify mark retired [
66 silly reify   '/Users/enyata/Downloads/Implement File Instructions/node_modules/@rollup/rollup-darwin-arm64'
66 silly reify ]
67 silly reify mark retired [
67 silly reify   '/Users/enyata/Downloads/Implement File Instructions/node_modules/@rollup/rollup-freebsd-arm64'
67 silly reify ]
68 silly reify mark retired [
68 silly reify   '/Users/enyata/Downloads/Implement File Instructions/node_modules/@rollup/rollup-freebsd-x64'
68 silly reify ]
69 silly reify mark retired [
69 silly reify   '/Users/enyata/Downloads/Implement File Instructions/node_modules/@rollup/rollup-linux-arm-gnueabihf'
69 silly reify ]
70 silly reify mark retired [
70 silly reify   '/Users/enyata/Downloads/Implement File Instructions/node_modules/@rollup/rollup-linux-arm-musleabihf'
70 silly reify ]
71 silly reify mark retired [
71 silly reify   '/Users/enyata/Downloads/Implement File Instructions/node_modules/@rollup/rollup-linux-arm64-gnu'
71 silly reify ]
72 silly reify mark retired [
72 silly reify   '/Users/enyata/Downloads/Implement File Instructions/node_modules/@rollup/rollup-linux-arm64-musl'
72 silly reify ]
73 silly reify mark retired [
73 silly reify   '/Users/enyata/Downloads/Implement File Instructions/node_modules/@rollup/rollup-linux-loong64-gnu'
73 silly reify ]
74 silly reify mark retired [
74 silly reify   '/Users/enyata/Downloads/Implement File Instructions/node_modules/@rollup/rollup-linux-ppc64-gnu'
74 silly reify ]
75 silly reify mark retired [
75 silly reify   '/Users/enyata/Downloads/Implement File Instructions/node_modules/@rollup/rollup-linux-ppc64-musl'
75 silly reify ]
76 silly reify mark retired [
76 silly reify   '/Users/enyata/Downloads/Implement File Instructions/node_modules/@rollup/rollup-linux-loong64-musl'
76 silly reify ]
77 silly reify mark retired [
77 silly reify   '/Users/enyata/Downloads/Implement File Instructions/node_modules/@rollup/rollup-linux-riscv64-gnu'
77 silly reify ]
78 silly reify mark retired [
78 silly reify   '/Users/enyata/Downloads/Implement File Instructions/node_modules/@rollup/rollup-linux-s390x-gnu'
78 silly reify ]
79 silly reify mark retired [
79 silly reify   '/Users/enyata/Downloads/Implement File Instructions/node_modules/@rollup/rollup-linux-riscv64-musl'
79 silly reify ]
80 silly reify mark retired [
80 silly reify   '/Users/enyata/Downloads/Implement File Instructions/node_modules/@rollup/rollup-linux-x64-gnu'
80 silly reify ]
81 silly reify mark retired [
81 silly reify   '/Users/enyata/Downloads/Implement File Instructions/node_modules/@rollup/rollup-linux-x64-musl'
81 silly reify ]
82 silly reify mark retired [
82 silly reify   '/Users/enyata/Downloads/Implement File Instructions/node_modules/@rollup/rollup-openbsd-x64'
82 silly reify ]
83 silly reify mark retired [
83 silly reify   '/Users/enyata/Downloads/Implement File Instructions/node_modules/@rollup/rollup-openharmony-arm64'
83 silly reify ]
84 silly reify mark retired [
84 silly reify   '/Users/enyata/Downloads/Implement File Instructions/node_modules/@rollup/rollup-win32-arm64-msvc'
84 silly reify ]
85 silly reify mark retired [
85 silly reify   '/Users/enyata/Downloads/Implement File Instructions/node_modules/@rollup/rollup-win32-ia32-msvc'
85 silly reify ]
86 silly reify mark retired [
86 silly reify   '/Users/enyata/Downloads/Implement File Instructions/node_modules/@rollup/rollup-win32-x64-gnu'
86 silly reify ]
87 silly reify mark retired [
87 silly reify   '/Users/enyata/Downloads/Implement File Instructions/node_modules/@rollup/rollup-win32-x64-msvc'
87 silly reify ]
88 silly reify mark retired [
88 silly reify   '/Users/enyata/Downloads/Implement File Instructions/node_modules/@tailwindcss/oxide-android-arm64'
88 silly reify ]
89 silly reify mark retired [
89 silly reify   '/Users/enyata/Downloads/Implement File Instructions/node_modules/@tailwindcss/oxide-darwin-arm64'
89 silly reify ]
90 silly reify mark retired [
90 silly reify   '/Users/enyata/Downloads/Implement File Instructions/node_modules/@tailwindcss/oxide-freebsd-x64'
90 silly reify ]
91 silly reify mark retired [
91 silly reify   '/Users/enyata/Downloads/Implement File Instructions/node_modules/@tailwindcss/oxide-linux-arm-gnueabihf'
91 silly reify ]
92 silly reify mark retired [
92 silly reify   '/Users/enyata/Downloads/Implement File Instructions/node_modules/@tailwindcss/oxide-linux-arm64-gnu'
92 silly reify ]
93 silly reify mark retired [
93 silly reify   '/Users/enyata/Downloads/Implement File Instructions/node_modules/@tailwindcss/oxide-linux-arm64-musl'
93 silly reify ]
94 silly reify mark retired [
94 silly reify   '/Users/enyata/Downloads/Implement File Instructions/node_modules/@tailwindcss/oxide-linux-x64-gnu'
94 silly reify ]
95 silly reify mark retired [
95 silly reify   '/Users/enyata/Downloads/Implement File Instructions/node_modules/@tailwindcss/oxide-linux-x64-musl'
95 silly reify ]
96 silly reify mark retired [
96 silly reify   '/Users/enyata/Downloads/Implement File Instructions/node_modules/@tailwindcss/oxide-wasm32-wasi'
96 silly reify ]
97 silly reify mark retired [
97 silly reify   '/Users/enyata/Downloads/Implement File Instructions/node_modules/@tailwindcss/oxide-win32-x64-msvc'
97 silly reify ]
98 silly reify mark retired [
98 silly reify   '/Users/enyata/Downloads/Implement File Instructions/node_modules/@tailwindcss/oxide-win32-arm64-msvc'
98 silly reify ]
99 silly reify mark retired [
99 silly reify   '/Users/enyata/Downloads/Implement File Instructions/node_modules/react-router-dom'
99 silly reify ]
100 silly reify moves {
100 silly reify   '/Users/enyata/Downloads/Implement File Instructions/node_modules/lightningcss-darwin-arm64': '/Users/enyata/Downloads/Implement File Instructions/node_modules/.lightningcss-darwin-arm64-LXVJdIOk',
100 silly reify   '/Users/enyata/Downloads/Implement File Instructions/node_modules/lightningcss-freebsd-x64': '/Users/enyata/Downloads/Implement File Instructions/node_modules/.lightningcss-freebsd-x64-vQxZyNod',
100 silly reify   '/Users/enyata/Downloads/Implement File Instructions/node_modules/lightningcss-linux-arm64-gnu': '/Users/enyata/Downloads/Implement File Instructions/node_modules/.lightningcss-linux-arm64-gnu-UyAjUdly',
100 silly reify   '/Users/enyata/Downloads/Implement File Instructions/node_modules/lightningcss-linux-arm64-musl': '/Users/enyata/Downloads/Implement File Instructions/node_modules/.lightningcss-linux-arm64-musl-FPuhaddD',
100 silly reify   '/Users/enyata/Downloads/Implement File Instructions/node_modules/lightningcss-linux-x64-gnu': '/Users/enyata/Downloads/Implement File Instructions/node_modules/.lightningcss-linux-x64-gnu-hkjyXUuT',
100 silly reify   '/Users/enyata/Downloads/Implement File Instructions/node_modules/lightningcss-linux-x64-musl': '/Users/enyata/Downloads/Implement File Instructions/node_modules/.lightningcss-linux-x64-musl-XciNolvY',
100 silly reify   '/Users/enyata/Downloads/Implement File Instructions/node_modules/lightningcss-linux-arm-gnueabihf': '/Users/enyata/Downloads/Implement File Instructions/node_modules/.lightningcss-linux-arm-gnueabihf-Jf2gnOks',
100 silly reify   '/Users/enyata/Downloads/Implement File Instructions/node_modules/lightningcss-win32-x64-msvc': '/Users/enyata/Downloads/Implement File Instructions/node_modules/.lightningcss-win32-x64-msvc-WqztbsrZ',
100 silly reify   '/Users/enyata/Downloads/Implement File Instructions/node_modules/lightningcss-win32-arm64-msvc': '/Users/enyata/Downloads/Implement File Instructions/node_modules/.lightningcss-win32-arm64-msvc-V2h7rTVD',
100 silly reify   '/Users/enyata/Downloads/Implement File Instructions/node_modules/@esbuild/aix-ppc64': '/Users/enyata/Downloads/Implement File Instructions/node_modules/@esbuild/.aix-ppc64-dSpqsbMh',
100 silly reify   '/Users/enyata/Downloads/Implement File Instructions/node_modules/@esbuild/android-arm': '/Users/enyata/Downloads/Implement File Instructions/node_modules/@esbuild/.android-arm-Tqmq9hOm',
100 silly reify   '/Users/enyata/Downloads/Implement File Instructions/node_modules/@esbuild/android-arm64': '/Users/enyata/Downloads/Implement File Instructions/node_modules/@esbuild/.android-arm64-HnF5C3Tv',
100 silly reify   '/Users/enyata/Downloads/Implement File Instructions/node_modules/@esbuild/darwin-x64': '/Users/enyata/Downloads/Implement File Instructions/node_modules/@esbuild/.darwin-x64-d6HNSZHK',
100 silly reify   '/Users/enyata/Downloads/Implement File Instructions/node_modules/@esbuild/freebsd-arm64': '/Users/enyata/Downloads/Implement File Instructions/node_modules/@esbuild/.freebsd-arm64-XFz1sdpy',
100 silly reify   '/Users/enyata/Downloads/Implement File Instructions/node_modules/@esbuild/freebsd-x64': '/Users/enyata/Downloads/Implement File Instructions/node_modules/@esbuild/.freebsd-x64-Os9ocjai',
100 silly reify   '/Users/enyata/Downloads/Implement File Instructions/node_modules/@esbuild/linux-arm': '/Users/enyata/Downloads/Implement File Instructions/node_modules/@esbuild/.linux-arm-G0ZI4pbV',
100 silly reify   '/Users/enyata/Downloads/Implement File Instructions/node_modules/@esbuild/linux-arm64': '/Users/enyata/Downloads/Implement File Instructions/node_modules/@esbuild/.linux-arm64-FXwQj3nl',
100 silly reify   '/Users/enyata/Downloads/Implement File Instructions/node_modules/@esbuild/linux-ia32': '/Users/enyata/Downloads/Implement File Instructions/node_modules/@esbuild/.linux-ia32-TdFjlXIy',
100 silly reify   '/Users/enyata/Downloads/Implement File Instructions/node_modules/@esbuild/linux-loong64': '/Users/enyata/Downloads/Implement File Instructions/node_modules/@esbuild/.linux-loong64-TcBi1qL0',
100 silly reify   '/Users/enyata/Downloads/Implement File Instructions/node_modules/@esbuild/linux-mips64el': '/Users/enyata/Downloads/Implement File Instructions/node_modules/@esbuild/.linux-mips64el-9tQjMYJW',
100 silly reify   '/Users/enyata/Downloads/Implement File Instructions/node_modules/@esbuild/linux-ppc64': '/Users/enyata/Downloads/Implement File Instructions/node_modules/@esbuild/.linux-ppc64-2LfcwhBp',
100 silly reify   '/Users/enyata/Downloads/Implement File Instructions/node_modules/@esbuild/linux-riscv64': '/Users/enyata/Downloads/Implement File Instructions/node_modules/@esbuild/.linux-riscv64-LtwuRdM7',
100 silly reify   '/Users/enyata/Downloads/Implement File Instructions/node_modules/@esbuild/linux-s390x': '/Users/enyata/Downloads/Implement File Instructions/node_modules/@esbuild/.linux-s390x-4L6qCtAm',
100 silly reify   '/Users/enyata/Downloads/Implement File Instructions/node_modules/@esbuild/linux-x64': '/Users/enyata/Downloads/Implement File Instructions/node_modules/@esbuild/.linux-x64-0fMihUc3',
100 silly reify   '/Users/enyata/Downloads/Implement File Instructions/node_modules/@esbuild/netbsd-arm64': '/Users/enyata/Downloads/Implement File Instructions/node_modules/@esbuild/.netbsd-arm64-fS9XDVVu',
100 silly reify   '/Users/enyata/Downloads/Implement File Instructions/node_modules/@esbuild/netbsd-x64': '/Users/enyata/Downloads/Implement File Instructions/node_modules/@esbuild/.netbsd-x64-vMztgTpr',
100 silly reify   '/Users/enyata/Downloads/Implement File Instructions/node_modules/@esbuild/openbsd-arm64': '/Users/enyata/Downloads/Implement File Instructions/node_modules/@esbuild/.openbsd-arm64-JWuoIhBw',
100 silly reify   '/Users/enyata/Downloads/Implement File Instructions/node_modules/@esbuild/openbsd-x64': '/Users/enyata/Downloads/Implement File Instructions/node_modules/@esbuild/.openbsd-x64-lWeWa6gr',
100 silly reify   '/Users/enyata/Downloads/Implement File Instructions/node_modules/@esbuild/openharmony-arm64': '/Users/enyata/Downloads/Implement File Instructions/node_modules/@esbuild/.openharmony-arm64-fdvJHdS8',
100 silly reify   '/Users/enyata/Downloads/Implement File Instructions/node_modules/@esbuild/sunos-x64': '/Users/enyata/Downloads/Implement File Instructions/node_modules/@esbuild/.sunos-x64-187gROgO',
100 silly reify   '/Users/enyata/Downloads/Implement File Instructions/node_modules/@esbuild/win32-arm64': '/Users/enyata/Downloads/Implement File Instructions/node_modules/@esbuild/.win32-arm64-SnVRG9g1',
100 silly reify   '/Users/enyata/Downloads/Implement File Instructions/node_modules/@esbuild/win32-ia32': '/Users/enyata/Downloads/Implement File Instructions/node_modules/@esbuild/.win32-ia32-sfMntrjZ',
100 silly reify   '/Users/enyata/Downloads/Implement File Instructions/node_modules/@esbuild/win32-x64': '/Users/enyata/Downloads/Implement File Instructions/node_modules/@esbuild/.win32-x64-ERsiULFg',
100 silly reify   '/Users/enyata/Downloads/Implement File Instructions/node_modules/@esbuild/darwin-arm64': '/Users/enyata/Downloads/Implement File Instructions/node_modules/@esbuild/.darwin-arm64-c3635nzO',
100 silly reify   '/Users/enyata/Downloads/Implement File Instructions/node_modules/@esbuild/android-x64': '/Users/enyata/Downloads/Implement File Instructions/node_modules/@esbuild/.android-x64-vDmEbeKZ',
100 silly reify   '/Users/enyata/Downloads/Implement File Instructions/node_modules/@rollup/rollup-android-arm-eabi': '/Users/enyata/Downloads/Implement File Instructions/node_modules/@rollup/.rollup-android-arm-eabi-O5phVmdA',
100 silly reify   '/Users/enyata/Downloads/Implement File Instructions/node_modules/@rollup/rollup-android-arm64': '/Users/enyata/Downloads/Implement File Instructions/node_modules/@rollup/.rollup-android-arm64-JJGJinr5',
100 silly reify   '/Users/enyata/Downloads/Implement File Instructions/node_modules/@rollup/rollup-darwin-arm64': '/Users/enyata/Downloads/Implement File Instructions/node_modules/@rollup/.rollup-darwin-arm64-P5oKB7Qw',
100 silly reify   '/Users/enyata/Downloads/Implement File Instructions/node_modules/@rollup/rollup-freebsd-arm64': '/Users/enyata/Downloads/Implement File Instructions/node_modules/@rollup/.rollup-freebsd-arm64-1JWukOTk',
100 silly reify   '/Users/enyata/Downloads/Implement File Instructions/node_modules/@rollup/rollup-freebsd-x64': '/Users/enyata/Downloads/Implement File Instructions/node_modules/@rollup/.rollup-freebsd-x64-0EfMvNWT',
100 silly reify   '/Users/enyata/Downloads/Implement File Instructions/node_modules/@rollup/rollup-linux-arm-gnueabihf': '/Users/enyata/Downloads/Implement File Instructions/node_modules/@rollup/.rollup-linux-arm-gnueabihf-zzW2VnUh',
100 silly reify   '/Users/enyata/Downloads/Implement File Instructions/node_modules/@rollup/rollup-linux-arm-musleabihf': '/Users/enyata/Downloads/Implement File Instructions/node_modules/@rollup/.rollup-linux-arm-musleabihf-d1V7VHbW',
100 silly reify   '/Users/enyata/Downloads/Implement File Instructions/node_modules/@rollup/rollup-linux-arm64-gnu': '/Users/enyata/Downloads/Implement File Instructions/node_modules/@rollup/.rollup-linux-arm64-gnu-sqN1dv6r',
100 silly reify   '/Users/enyata/Downloads/Implement File Instructions/node_modules/@rollup/rollup-linux-arm64-musl': '/Users/enyata/Downloads/Implement File Instructions/node_modules/@rollup/.rollup-linux-arm64-musl-gxRwDxjU',
100 silly reify   '/Users/enyata/Downloads/Implement File Instructions/node_modules/@rollup/rollup-linux-loong64-gnu': '/Users/enyata/Downloads/Implement File Instructions/node_modules/@rollup/.rollup-linux-loong64-gnu-u5bMu43W',
100 silly reify   '/Users/enyata/Downloads/Implement File Instructions/node_modules/@rollup/rollup-linux-ppc64-gnu': '/Users/enyata/Downloads/Implement File Instructions/node_modules/@rollup/.rollup-linux-ppc64-gnu-1uZNcLWM',
100 silly reify   '/Users/enyata/Downloads/Implement File Instructions/node_modules/@rollup/rollup-linux-ppc64-musl': '/Users/enyata/Downloads/Implement File Instructions/node_modules/@rollup/.rollup-linux-ppc64-musl-m3SwGzdX',
100 silly reify   '/Users/enyata/Downloads/Implement File Instructions/node_modules/@rollup/rollup-linux-loong64-musl': '/Users/enyata/Downloads/Implement File Instructions/node_modules/@rollup/.rollup-linux-loong64-musl-PViMPjFZ',
100 silly reify   '/Users/enyata/Downloads/Implement File Instructions/node_modules/@rollup/rollup-linux-riscv64-gnu': '/Users/enyata/Downloads/Implement File Instructions/node_modules/@rollup/.rollup-linux-riscv64-gnu-67H4JI7u',
100 silly reify   '/Users/enyata/Downloads/Implement File Instructions/node_modules/@rollup/rollup-linux-s390x-gnu': '/Users/enyata/Downloads/Implement File Instructions/node_modules/@rollup/.rollup-linux-s390x-gnu-QClrANzx',
100 silly reify   '/Users/enyata/Downloads/Implement File Instructions/node_modules/@rollup/rollup-linux-riscv64-musl': '/Users/enyata/Downloads/Implement File Instructions/node_modules/@rollup/.rollup-linux-riscv64-musl-NVleN60n',
100 silly reify   '/Users/enyata/Downloads/Implement File Instructions/node_modules/@rollup/rollup-linux-x64-gnu': '/Users/enyata/Downloads/Implement File Instructions/node_modules/@rollup/.rollup-linux-x64-gnu-udQYlmPw',
100 silly reify   '/Users/enyata/Downloads/Implement File Instructions/node_modules/@rollup/rollup-linux-x64-musl': '/Users/enyata/Downloads/Implement File Instructions/node_modules/@rollup/.rollup-linux-x64-musl-dVYgMGVJ',
100 silly reify   '/Users/enyata/Downloads/Implement File Instructions/node_modules/@rollup/rollup-openbsd-x64': '/Users/enyata/Downloads/Implement File Instructions/node_modules/@rollup/.rollup-openbsd-x64-L9wjk2lA',
100 silly reify   '/Users/enyata/Downloads/Implement File Instructions/node_modules/@rollup/rollup-openharmony-arm64': '/Users/enyata/Downloads/Implement File Instructions/node_modules/@rollup/.rollup-openharmony-arm64-8NLgK6NH',
100 silly reify   '/Users/enyata/Downloads/Implement File Instructions/node_modules/@rollup/rollup-win32-arm64-msvc': '/Users/enyata/Downloads/Implement File Instructions/node_modules/@rollup/.rollup-win32-arm64-msvc-GkzG5idL',
100 silly reify   '/Users/enyata/Downloads/Implement File Instructions/node_modules/@rollup/rollup-win32-ia32-msvc': '/Users/enyata/Downloads/Implement File Instructions/node_modules/@rollup/.rollup-win32-ia32-msvc-MalExxwP',
100 silly reify   '/Users/enyata/Downloads/Implement File Instructions/node_modules/@rollup/rollup-win32-x64-gnu': '/Users/enyata/Downloads/Implement File Instructions/node_modules/@rollup/.rollup-win32-x64-gnu-OltmCEQn',
100 silly reify   '/Users/enyata/Downloads/Implement File Instructions/node_modules/@rollup/rollup-win32-x64-msvc': '/Users/enyata/Downloads/Implement File Instructions/node_modules/@rollup/.rollup-win32-x64-msvc-jiVhJLS5',
100 silly reify   '/Users/enyata/Downloads/Implement File Instructions/node_modules/@tailwindcss/oxide-android-arm64': '/Users/enyata/Downloads/Implement File Instructions/node_modules/@tailwindcss/.oxide-android-arm64-ZTzDwGdj',
100 silly reify   '/Users/enyata/Downloads/Implement File Instructions/node_modules/@tailwindcss/oxide-darwin-arm64': '/Users/enyata/Downloads/Implement File Instructions/node_modules/@tailwindcss/.oxide-darwin-arm64-EzHi3Qvj',
100 silly reify   '/Users/enyata/Downloads/Implement File Instructions/node_modules/@tailwindcss/oxide-freebsd-x64': '/Users/enyata/Downloads/Implement File Instructions/node_modules/@tailwindcss/.oxide-freebsd-x64-QJRMYO1R',
100 silly reify   '/Users/enyata/Downloads/Implement File Instructions/node_modules/@tailwindcss/oxide-linux-arm-gnueabihf': '/Users/enyata/Downloads/Implement File Instructions/node_modules/@tailwindcss/.oxide-linux-arm-gnueabihf-ZGM736vg',
100 silly reify   '/Users/enyata/Downloads/Implement File Instructions/node_modules/@tailwindcss/oxide-linux-arm64-gnu': '/Users/enyata/Downloads/Implement File Instructions/node_modules/@tailwindcss/.oxide-linux-arm64-gnu-v8WHpYPv',
100 silly reify   '/Users/enyata/Downloads/Implement File Instructions/node_modules/@tailwindcss/oxide-linux-arm64-musl': '/Users/enyata/Downloads/Implement File Instructions/node_modules/@tailwindcss/.oxide-linux-arm64-musl-xplUMTsD',
100 silly reify   '/Users/enyata/Downloads/Implement File Instructions/node_modules/@tailwindcss/oxide-linux-x64-gnu': '/Users/enyata/Downloads/Implement File Instructions/node_modules/@tailwindcss/.oxide-linux-x64-gnu-0HUDHCtL',
100 silly reify   '/Users/enyata/Downloads/Implement File Instructions/node_modules/@tailwindcss/oxide-linux-x64-musl': '/Users/enyata/Downloads/Implement File Instructions/node_modules/@tailwindcss/.oxide-linux-x64-musl-pFT1QEyp',
100 silly reify   '/Users/enyata/Downloads/Implement File Instructions/node_modules/@tailwindcss/oxide-wasm32-wasi': '/Users/enyata/Downloads/Implement File Instructions/node_modules/@tailwindcss/.oxide-wasm32-wasi-pZ8FaHSd',
100 silly reify   '/Users/enyata/Downloads/Implement File Instructions/node_modules/@tailwindcss/oxide-win32-x64-msvc': '/Users/enyata/Downloads/Implement File Instructions/node_modules/@tailwindcss/.oxide-win32-x64-msvc-zIEuKY7i',
100 silly reify   '/Users/enyata/Downloads/Implement File Instructions/node_modules/@tailwindcss/oxide-win32-arm64-msvc': '/Users/enyata/Downloads/Implement File Instructions/node_modules/@tailwindcss/.oxide-win32-arm64-msvc-cGFiJ2jv',
100 silly reify   '/Users/enyata/Downloads/Implement File Instructions/node_modules/react-router-dom': '/Users/enyata/Downloads/Implement File Instructions/node_modules/.react-router-dom-6IeK6Yx0'
100 silly reify }
101 verbose reify failed optional dependency /Users/enyata/Downloads/Implement File Instructions/node_modules/@tailwindcss/oxide-wasm32-wasi
102 silly reify mark deleted [
102 silly reify   '/Users/enyata/Downloads/Implement File Instructions/node_modules/@tailwindcss/oxide-wasm32-wasi'
102 silly reify ]
103 silly audit bulk request {
103 silly audit   '@babel/code-frame': [ '7.29.0' ],
103 silly audit   '@babel/compat-data': [ '7.29.0' ],
103 silly audit   '@babel/core': [ '7.29.0' ],
103 silly audit   'convert-source-map': [ '2.0.0', '1.9.0' ],
103 silly audit   '@babel/generator': [ '7.29.1' ],
103 silly audit   '@babel/helper-compilation-targets': [ '7.28.6' ],
103 silly audit   '@babel/helper-globals': [ '7.28.0' ],
103 silly audit   '@babel/helper-module-imports': [ '7.28.6' ],
103 silly audit   '@babel/helper-module-transforms': [ '7.28.6' ],
103 silly audit   '@babel/helper-plugin-utils': [ '7.28.6' ],
103 silly audit   '@babel/helper-string-parser': [ '7.27.1' ],
103 silly audit   '@babel/helper-validator-identifier': [ '7.28.5' ],
103 silly audit   '@babel/helper-validator-option': [ '7.27.1' ],
103 silly audit   '@babel/helpers': [ '7.29.2' ],
103 silly audit   '@babel/parser': [ '7.29.2' ],
103 silly audit   '@babel/plugin-transform-react-jsx-self': [ '7.27.1' ],
103 silly audit   '@babel/plugin-transform-react-jsx-source': [ '7.27.1' ],
103 silly audit   '@babel/runtime': [ '7.29.2' ],
103 silly audit   '@babel/template': [ '7.28.6' ],
103 silly audit   '@babel/traverse': [ '7.29.0' ],
103 silly audit   '@babel/types': [ '7.29.0' ],
103 silly audit   '@emotion/babel-plugin': [ '11.13.5' ],
103 silly audit   '@emotion/cache': [ '11.14.0' ],
103 silly audit   '@emotion/hash': [ '0.9.2' ],
103 silly audit   '@emotion/is-prop-valid': [ '1.4.0' ],
103 silly audit   '@emotion/memoize': [ '0.9.0' ],
103 silly audit   '@emotion/react': [ '11.14.0' ],
103 silly audit   '@emotion/serialize': [ '1.3.3' ],
103 silly audit   '@emotion/sheet': [ '1.4.0' ],
103 silly audit   '@emotion/styled': [ '11.14.1' ],
103 silly audit   '@emotion/unitless': [ '0.10.0' ],
103 silly audit   '@emotion/use-insertion-effect-with-fallbacks': [ '1.2.0' ],
103 silly audit   '@emotion/utils': [ '1.4.2' ],
103 silly audit   '@emotion/weak-memoize': [ '0.4.0' ],
103 silly audit   '@esbuild/aix-ppc64': [ '0.25.12' ],
103 silly audit   '@esbuild/android-arm': [ '0.25.12' ],
103 silly audit   '@esbuild/android-arm64': [ '0.25.12' ],
103 silly audit   '@esbuild/android-x64': [ '0.25.12' ],
103 silly audit   '@esbuild/darwin-arm64': [ '0.25.12' ],
103 silly audit   '@esbuild/darwin-x64': [ '0.25.12' ],
103 silly audit   '@esbuild/freebsd-arm64': [ '0.25.12' ],
103 silly audit   '@esbuild/freebsd-x64': [ '0.25.12' ],
103 silly audit   '@esbuild/linux-arm': [ '0.25.12' ],
103 silly audit   '@esbuild/linux-arm64': [ '0.25.12' ],
103 silly audit   '@esbuild/linux-ia32': [ '0.25.12' ],
103 silly audit   '@esbuild/linux-loong64': [ '0.25.12' ],
103 silly audit   '@esbuild/linux-mips64el': [ '0.25.12' ],
103 silly audit   '@esbuild/linux-ppc64': [ '0.25.12' ],
103 silly audit   '@esbuild/linux-riscv64': [ '0.25.12' ],
103 silly audit   '@esbuild/linux-s390x': [ '0.25.12' ],
103 silly audit   '@esbuild/linux-x64': [ '0.25.12' ],
103 silly audit   '@esbuild/netbsd-arm64': [ '0.25.12' ],
103 silly audit   '@esbuild/netbsd-x64': [ '0.25.12' ],
103 silly audit   '@esbuild/openbsd-arm64': [ '0.25.12' ],
103 silly audit   '@esbuild/openbsd-x64': [ '0.25.12' ],
103 silly audit   '@esbuild/openharmony-arm64': [ '0.25.12' ],
103 silly audit   '@esbuild/sunos-x64': [ '0.25.12' ],
103 silly audit   '@esbuild/win32-arm64': [ '0.25.12' ],
103 silly audit   '@esbuild/win32-ia32': [ '0.25.12' ],
103 silly audit   '@esbuild/win32-x64': [ '0.25.12' ],
103 silly audit   '@floating-ui/core': [ '1.7.5' ],
103 silly audit   '@floating-ui/dom': [ '1.7.6' ],
103 silly audit   '@floating-ui/react-dom': [ '2.1.8' ],
103 silly audit   '@floating-ui/utils': [ '0.2.11' ],
103 silly audit   '@isaacs/fs-minipass': [ '4.0.1' ],
103 silly audit   '@jridgewell/gen-mapping': [ '0.3.13' ],
103 silly audit   '@jridgewell/remapping': [ '2.3.5' ],
103 silly audit   '@jridgewell/resolve-uri': [ '3.1.2' ],
103 silly audit   '@jridgewell/sourcemap-codec': [ '1.5.5' ],
103 silly audit   '@jridgewell/trace-mapping': [ '0.3.31' ],
103 silly audit   '@mui/core-downloads-tracker': [ '7.3.9' ],
103 silly audit   '@mui/icons-material': [ '7.3.5' ],
103 silly audit   '@mui/material': [ '7.3.5' ],
103 silly audit   '@mui/private-theming': [ '7.3.9' ],
103 silly audit   '@mui/styled-engine': [ '7.3.9' ],
103 silly audit   '@mui/system': [ '7.3.9' ],
103 silly audit   '@mui/types': [ '7.4.12' ],
103 silly audit   '@mui/utils': [ '7.3.9' ],
103 silly audit   '@popperjs/core': [ '2.11.8' ],
103 silly audit   '@radix-ui/number': [ '1.1.0' ],
103 silly audit   '@radix-ui/primitive': [ '1.1.1' ],
103 silly audit   '@radix-ui/react-accordion': [ '1.2.3' ],
103 silly audit   '@radix-ui/react-alert-dialog': [ '1.1.6' ],
103 silly audit   '@radix-ui/react-arrow': [ '1.1.2' ],
103 silly audit   '@radix-ui/react-aspect-ratio': [ '1.1.2' ],
103 silly audit   '@radix-ui/react-avatar': [ '1.1.3' ],
103 silly audit   '@radix-ui/react-checkbox': [ '1.1.4' ],
103 silly audit   '@radix-ui/react-collapsible': [ '1.1.3' ],
103 silly audit   '@radix-ui/react-collection': [ '1.1.2' ],
103 silly audit   '@radix-ui/react-compose-refs': [ '1.1.1' ],
103 silly audit   '@radix-ui/react-context': [ '1.1.1' ],
103 silly audit   '@radix-ui/react-context-menu': [ '2.2.6' ],
103 silly audit   '@radix-ui/react-dialog': [ '1.1.6' ],
103 silly audit   '@radix-ui/react-direction': [ '1.1.0' ],
103 silly audit   '@radix-ui/react-dismissable-layer': [ '1.1.5' ],
103 silly audit   '@radix-ui/react-dropdown-menu': [ '2.1.6' ],
103 silly audit   '@radix-ui/react-focus-guards': [ '1.1.1' ],
103 silly audit   '@radix-ui/react-focus-scope': [ '1.1.2' ],
103 silly audit   '@radix-ui/react-hover-card': [ '1.1.6' ],
103 silly audit   '@radix-ui/react-id': [ '1.1.0' ],
103 silly audit   '@radix-ui/react-label': [ '2.1.2' ],
103 silly audit   '@radix-ui/react-menu': [ '2.1.6' ],
103 silly audit   '@radix-ui/react-menubar': [ '1.1.6' ],
103 silly audit   '@radix-ui/react-navigation-menu': [ '1.2.5' ],
103 silly audit   '@radix-ui/react-popover': [ '1.1.6' ],
103 silly audit   '@radix-ui/react-popper': [ '1.2.2' ],
103 silly audit   '@radix-ui/react-portal': [ '1.1.4' ],
103 silly audit   '@radix-ui/react-presence': [ '1.1.2' ],
103 silly audit   '@radix-ui/react-primitive': [ '2.0.2' ],
103 silly audit   '@radix-ui/react-progress': [ '1.1.2' ],
103 silly audit   '@radix-ui/react-radio-group': [ '1.2.3' ],
103 silly audit   '@radix-ui/react-roving-focus': [ '1.1.2' ],
103 silly audit   '@radix-ui/react-scroll-area': [ '1.2.3' ],
103 silly audit   '@radix-ui/react-select': [ '2.1.6' ],
103 silly audit   '@radix-ui/react-separator': [ '1.1.2' ],
103 silly audit   '@radix-ui/react-slider': [ '1.2.3' ],
103 silly audit   '@radix-ui/react-slot': [ '1.1.2' ],
103 silly audit   '@radix-ui/react-switch': [ '1.1.3' ],
103 silly audit   '@radix-ui/react-tabs': [ '1.1.3' ],
103 silly audit   '@radix-ui/react-toggle': [ '1.1.2' ],
103 silly audit   '@radix-ui/react-toggle-group': [ '1.1.2' ],
103 silly audit   '@radix-ui/react-tooltip': [ '1.1.8' ],
103 silly audit   '@radix-ui/react-use-callback-ref': [ '1.1.0' ],
103 silly audit   '@radix-ui/react-use-controllable-state': [ '1.1.0' ],
103 silly audit   '@radix-ui/react-use-escape-keydown': [ '1.1.0' ],
103 silly audit   '@radix-ui/react-use-layout-effect': [ '1.1.0' ],
103 silly audit   '@radix-ui/react-use-previous': [ '1.1.0' ],
103 silly audit   '@radix-ui/react-use-rect': [ '1.1.0' ],
103 silly audit   '@radix-ui/react-use-size': [ '1.1.0' ],
103 silly audit   '@radix-ui/react-visually-hidden': [ '1.1.2' ],
103 silly audit   '@radix-ui/rect': [ '1.1.0' ],
103 silly audit   '@react-dnd/asap': [ '5.0.2' ],
103 silly audit   '@react-dnd/invariant': [ '4.0.2' ],
103 silly audit   '@react-dnd/shallowequal': [ '4.0.2' ],
103 silly audit   '@rolldown/pluginutils': [ '1.0.0-beta.27' ],
103 silly audit   '@rollup/rollup-android-arm-eabi': [ '4.60.1' ],
103 silly audit   '@rollup/rollup-android-arm64': [ '4.60.1' ],
103 silly audit   '@rollup/rollup-darwin-arm64': [ '4.60.1' ],
103 silly audit   '@rollup/rollup-darwin-x64': [ '4.60.1' ],
103 silly audit   '@rollup/rollup-freebsd-arm64': [ '4.60.1' ],
103 silly audit   '@rollup/rollup-freebsd-x64': [ '4.60.1' ],
103 silly audit   '@rollup/rollup-linux-arm-gnueabihf': [ '4.60.1' ],
103 silly audit   '@rollup/rollup-linux-arm-musleabihf': [ '4.60.1' ],
103 silly audit   '@rollup/rollup-linux-arm64-gnu': [ '4.60.1' ],
103 silly audit   '@rollup/rollup-linux-arm64-musl': [ '4.60.1' ],
103 silly audit   '@rollup/rollup-linux-loong64-gnu': [ '4.60.1' ],
103 silly audit   '@rollup/rollup-linux-loong64-musl': [ '4.60.1' ],
103 silly audit   '@rollup/rollup-linux-ppc64-gnu': [ '4.60.1' ],
103 silly audit   '@rollup/rollup-linux-ppc64-musl': [ '4.60.1' ],
103 silly audit   '@rollup/rollup-linux-riscv64-gnu': [ '4.60.1' ],
103 silly audit   '@rollup/rollup-linux-riscv64-musl': [ '4.60.1' ],
103 silly audit   '@rollup/rollup-linux-s390x-gnu': [ '4.60.1' ],
103 silly audit   '@rollup/rollup-linux-x64-gnu': [ '4.60.1' ],
103 silly audit   '@rollup/rollup-linux-x64-musl': [ '4.60.1' ],
103 silly audit   '@rollup/rollup-openbsd-x64': [ '4.60.1' ],
103 silly audit   '@rollup/rollup-openharmony-arm64': [ '4.60.1' ],
103 silly audit   '@rollup/rollup-win32-arm64-msvc': [ '4.60.1' ],
103 silly audit   '@rollup/rollup-win32-ia32-msvc': [ '4.60.1' ],
103 silly audit   '@rollup/rollup-win32-x64-gnu': [ '4.60.1' ],
103 silly audit   '@rollup/rollup-win32-x64-msvc': [ '4.60.1' ],
103 silly audit   '@tailwindcss/node': [ '4.1.12' ],
103 silly audit   '@tailwindcss/oxide': [ '4.1.12' ],
103 silly audit   '@tailwindcss/oxide-android-arm64': [ '4.1.12' ],
103 silly audit   '@tailwindcss/oxide-darwin-arm64': [ '4.1.12' ],
103 silly audit   '@tailwindcss/oxide-darwin-x64': [ '4.1.12' ],
103 silly audit   '@tailwindcss/oxide-freebsd-x64': [ '4.1.12' ],
103 silly audit   '@tailwindcss/oxide-linux-arm-gnueabihf': [ '4.1.12' ],
103 silly audit   '@tailwindcss/oxide-linux-arm64-gnu': [ '4.1.12' ],
103 silly audit   '@tailwindcss/oxide-linux-arm64-musl': [ '4.1.12' ],
103 silly audit   '@tailwindcss/oxide-linux-x64-gnu': [ '4.1.12' ],
103 silly audit   '@tailwindcss/oxide-linux-x64-musl': [ '4.1.12' ],
103 silly audit   '@tailwindcss/oxide-win32-arm64-msvc': [ '4.1.12' ],
103 silly audit   '@tailwindcss/oxide-win32-x64-msvc': [ '4.1.12' ],
103 silly audit   '@tailwindcss/vite': [ '4.1.12' ],
103 silly audit   '@types/babel__core': [ '7.20.5' ],
103 silly audit   '@types/babel__generator': [ '7.27.0' ],
103 silly audit   '@types/babel__template': [ '7.4.4' ],
103 silly audit   '@types/babel__traverse': [ '7.28.0' ],
103 silly audit   '@types/d3-array': [ '3.2.2' ],
103 silly audit   '@types/d3-color': [ '3.1.3' ],
103 silly audit   '@types/d3-ease': [ '3.0.2' ],
103 silly audit   '@types/d3-interpolate': [ '3.0.4' ],
103 silly audit   '@types/d3-path': [ '3.1.1' ],
103 silly audit   '@types/d3-scale': [ '4.0.9' ],
103 silly audit   '@types/d3-shape': [ '3.1.8' ],
103 silly audit   '@types/d3-time': [ '3.0.4' ],
103 silly audit   '@types/d3-timer': [ '3.0.2' ],
103 silly audit   '@types/estree': [ '1.0.8' ],
103 silly audit   '@types/parse-json': [ '4.0.2' ],
103 silly audit   '@types/prop-types': [ '15.7.15' ],
103 silly audit   '@types/react': [ '19.2.14' ],
103 silly audit   '@types/react-transition-group': [ '4.4.12' ],
103 silly audit   '@vitejs/plugin-react': [ '4.7.0' ],
103 silly audit   'aria-hidden': [ '1.2.6' ],
103 silly audit   'babel-plugin-macros': [ '3.1.0' ],
103 silly audit   'baseline-browser-mapping': [ '2.10.16' ],
103 silly audit   browserslist: [ '4.28.2' ],
103 silly audit   callsites: [ '3.1.0' ],
103 silly audit   'caniuse-lite': [ '1.0.30001786' ],
103 silly audit   'canvas-confetti': [ '1.9.4' ],
103 silly audit   chownr: [ '3.0.0' ],
103 silly audit   'class-variance-authority': [ '0.7.1' ],
103 silly audit   classnames: [ '2.5.1' ],
103 silly audit   clsx: [ '2.1.1' ],
103 silly audit   cmdk: [ '1.1.1' ],
103 silly audit   cookie: [ '1.1.1' ],
103 silly audit   cosmiconfig: [ '7.1.0' ],
103 silly audit   yaml: [ '1.10.3', '2.8.3' ],
103 silly audit   csstype: [ '3.2.3' ],
103 silly audit   'd3-array': [ '3.2.4' ],
103 silly audit   'd3-color': [ '3.1.0' ],
103 silly audit   'd3-ease': [ '3.0.1' ],
103 silly audit   'd3-format': [ '3.1.2' ],
103 silly audit   'd3-interpolate': [ '3.0.1' ],
103 silly audit   'd3-path': [ '3.1.0' ],
103 silly audit   'd3-scale': [ '4.0.2' ],
103 silly audit   'd3-shape': [ '3.2.0' ],
103 silly audit   'd3-time': [ '3.1.0' ],
103 silly audit   'd3-time-format': [ '4.1.0' ],
103 silly audit   'd3-timer': [ '3.0.1' ],
103 silly audit   'date-fns': [ '3.6.0' ],
103 silly audit   debug: [ '4.4.3' ],
103 silly audit   'decimal.js-light': [ '2.5.1' ],
103 silly audit   'detect-libc': [ '2.1.2' ],
103 silly audit   'detect-node-es': [ '1.1.0' ],
103 silly audit   'dnd-core': [ '16.0.1' ],
103 silly audit   'dom-helpers': [ '5.2.1' ],
103 silly audit   'electron-to-chromium': [ '1.5.332' ],
103 silly audit   'embla-carousel': [ '8.6.0' ],
103 silly audit   'embla-carousel-react': [ '8.6.0' ],
103 silly audit   'embla-carousel-reactive-utils': [ '8.6.0' ],
103 silly audit   'enhanced-resolve': [ '5.20.1' ],
103 silly audit   'error-ex': [ '1.3.4' ],
103 silly audit   esbuild: [ '0.25.12' ],
103 silly audit   escalade: [ '3.2.0' ],
103 silly audit   'escape-string-regexp': [ '4.0.0' ],
103 silly audit   eventemitter3: [ '4.0.7' ],
103 silly audit   'fast-deep-equal': [ '3.1.3' ],
103 silly audit   'fast-equals': [ '5.4.0' ],
103 silly audit   fdir: [ '6.5.0' ],
103 silly audit   'find-root': [ '1.1.0' ],
103 silly audit   'framer-motion': [ '12.38.0' ],
103 silly audit   fsevents: [ '2.3.3' ],
103 silly audit   'function-bind': [ '1.1.2' ],
103 silly audit   gensync: [ '1.0.0-beta.2' ],
103 silly audit   'get-nonce': [ '1.0.1' ],
103 silly audit   'graceful-fs': [ '4.2.11' ],
103 silly audit   hasown: [ '2.0.2' ],
103 silly audit   'hoist-non-react-statics': [ '3.3.2' ],
103 silly audit   'react-is': [ '16.13.1', '19.2.4', '18.3.1' ],
103 silly audit   'import-fresh': [ '3.3.1' ],
103 silly audit   'input-otp': [ '1.4.2' ],
103 silly audit   internmap: [ '2.0.3' ],
103 silly audit   'is-arrayish': [ '0.2.1' ],
103 silly audit   'is-core-module': [ '2.16.1' ],
103 silly audit   jiti: [ '2.6.1' ],
103 silly audit   'js-tokens': [ '4.0.0' ],
103 silly audit   jsesc: [ '3.1.0' ],
103 silly audit   'json-parse-even-better-errors': [ '2.3.1' ],
103 silly audit   json2mq: [ '0.2.0' ],
103 silly audit   json5: [ '2.2.3' ],
103 silly audit   lightningcss: [ '1.30.1' ],
103 silly audit   'lightningcss-darwin-arm64': [ '1.30.1' ],
103 silly audit   'lightningcss-darwin-x64': [ '1.30.1' ],
103 silly audit   'lightningcss-freebsd-x64': [ '1.30.1' ],
103 silly audit   'lightningcss-linux-arm-gnueabihf': [ '1.30.1' ],
103 silly audit   'lightningcss-linux-arm64-gnu': [ '1.30.1' ],
103 silly audit   'lightningcss-linux-arm64-musl': [ '1.30.1' ],
103 silly audit   'lightningcss-linux-x64-gnu': [ '1.30.1' ],
103 silly audit   'lightningcss-linux-x64-musl': [ '1.30.1' ],
103 silly audit   'lightningcss-win32-arm64-msvc': [ '1.30.1' ],
103 silly audit   'lightningcss-win32-x64-msvc': [ '1.30.1' ],
103 silly audit   'lines-and-columns': [ '1.2.4' ],
103 silly audit   lodash: [ '4.18.1' ],
103 silly audit   'lodash.debounce': [ '4.0.8' ],
103 silly audit   'loose-envify': [ '1.4.0' ],
103 silly audit   'lru-cache': [ '5.1.1' ],
103 silly audit   'lucide-react': [ '0.487.0' ],
103 silly audit   'magic-string': [ '0.30.21' ],
103 silly audit   minipass: [ '7.1.3' ],
103 silly audit   minizlib: [ '3.1.0' ],
103 silly audit   motion: [ '12.23.24' ],
103 silly audit   'motion-dom': [ '12.38.0' ],
103 silly audit   'motion-utils': [ '12.36.0' ],
103 silly audit   ms: [ '2.1.3' ],
103 silly audit   nanoid: [ '3.3.11' ],
103 silly audit   'next-themes': [ '0.4.6' ],
103 silly audit   'node-releases': [ '2.0.37' ],
103 silly audit   'object-assign': [ '4.1.1' ],
103 silly audit   'parent-module': [ '1.0.1' ],
103 silly audit   'parse-json': [ '5.2.0' ],
103 silly audit   'path-parse': [ '1.0.7' ],
103 silly audit   'path-type': [ '4.0.0' ],
103 silly audit   picocolors: [ '1.1.1' ],
103 silly audit   picomatch: [ '4.0.4' ],
103 silly audit   postcss: [ '8.5.8' ],
103 silly audit   'prop-types': [ '15.8.1' ],
103 silly audit   react: [ '18.3.1' ],
103 silly audit   'react-day-picker': [ '8.10.1' ],
103 silly audit   'react-dnd': [ '16.0.1' ],
103 silly audit   'react-dnd-html5-backend': [ '16.0.1' ],
103 silly audit   'react-dom': [ '18.3.1' ],
103 silly audit   'react-fast-compare': [ '3.2.2' ],
103 silly audit   'react-hook-form': [ '7.55.0' ],
103 silly audit   'react-popper': [ '2.3.0' ],
103 silly audit   'react-refresh': [ '0.17.0' ],
103 silly audit   'react-remove-scroll': [ '2.7.2' ],
103 silly audit   'react-remove-scroll-bar': [ '2.3.8' ],
103 silly audit   'react-resizable-panels': [ '2.1.7' ],
103 silly audit   'react-responsive-masonry': [ '2.7.1' ],
103 silly audit   'react-router': [ '7.13.0' ],
103 silly audit   'react-slick': [ '0.31.0' ],
103 silly audit   'react-smooth': [ '4.0.4' ],
103 silly audit   'react-style-singleton': [ '2.2.3' ],
103 silly audit   'react-transition-group': [ '4.4.5' ],
103 silly audit   recharts: [ '2.15.2' ],
103 silly audit   'recharts-scale': [ '0.4.5' ],
103 silly audit   redux: [ '4.2.1' ],
103 silly audit   'resize-observer-polyfill': [ '1.5.1' ],
103 silly audit   resolve: [ '1.22.11' ],
103 silly audit   'resolve-from': [ '4.0.0' ],
103 silly audit   rollup: [ '4.60.1' ],
103 silly audit   scheduler: [ '0.23.2' ],
103 silly audit   semver: [ '6.3.1' ],
103 silly audit   'set-cookie-parser': [ '2.7.2' ],
103 silly audit   sonner: [ '2.0.3' ],
103 silly audit   'source-map': [ '0.5.7' ],
103 silly audit   'source-map-js': [ '1.2.1' ],
103 silly audit   'string-convert': [ '0.2.1' ],
103 silly audit   stylis: [ '4.2.0' ],
103 silly audit   'supports-preserve-symlinks-flag': [ '1.0.0' ],
103 silly audit   'tailwind-merge': [ '3.2.0' ],
103 silly audit   tailwindcss: [ '4.1.12' ],
103 silly audit   tapable: [ '2.3.2' ],
103 silly audit   tar: [ '7.5.13' ],
103 silly audit   yallist: [ '5.0.0', '3.1.1' ],
103 silly audit   'tiny-invariant': [ '1.3.3' ],
103 silly audit   tinyglobby: [ '0.2.15' ],
103 silly audit   tslib: [ '2.8.1' ],
103 silly audit   'tw-animate-css': [ '1.3.8' ],
103 silly audit   'update-browserslist-db': [ '1.2.3' ],
103 silly audit   'use-callback-ref': [ '1.3.3' ],
103 silly audit   'use-sidecar': [ '1.1.3' ],
103 silly audit   vaul: [ '1.1.2' ],
103 silly audit   'victory-vendor': [ '36.9.2' ],
103 silly audit   vite: [ '6.3.5' ],
103 silly audit   warning: [ '4.0.3' ],
103 silly audit   'react-router-dom': [ '7.13.0' ],
103 silly audit   '@tailwindcss/oxide-wasm32-wasi': [ '4.1.12' ]
103 silly audit }
104 verbose reify failed optional dependency /Users/enyata/Downloads/Implement File Instructions/node_modules/@tailwindcss/oxide-win32-arm64-msvc
105 silly reify mark deleted [
105 silly reify   '/Users/enyata/Downloads/Implement File Instructions/node_modules/@tailwindcss/oxide-win32-arm64-msvc'
105 silly reify ]
106 verbose reify failed optional dependency /Users/enyata/Downloads/Implement File Instructions/node_modules/@tailwindcss/oxide-win32-x64-msvc
107 silly reify mark deleted [
107 silly reify   '/Users/enyata/Downloads/Implement File Instructions/node_modules/@tailwindcss/oxide-win32-x64-msvc'
107 silly reify ]
108 verbose reify failed optional dependency /Users/enyata/Downloads/Implement File Instructions/node_modules/@tailwindcss/oxide-linux-x64-musl
109 silly reify mark deleted [
109 silly reify   '/Users/enyata/Downloads/Implement File Instructions/node_modules/@tailwindcss/oxide-linux-x64-musl'
109 silly reify ]
110 verbose reify failed optional dependency /Users/enyata/Downloads/Implement File Instructions/node_modules/@tailwindcss/oxide-linux-x64-gnu
111 silly reify mark deleted [
111 silly reify   '/Users/enyata/Downloads/Implement File Instructions/node_modules/@tailwindcss/oxide-linux-x64-gnu'
111 silly reify ]
112 verbose reify failed optional dependency /Users/enyata/Downloads/Implement File Instructions/node_modules/@tailwindcss/oxide-linux-arm64-musl
113 silly reify mark deleted [
113 silly reify   '/Users/enyata/Downloads/Implement File Instructions/node_modules/@tailwindcss/oxide-linux-arm64-musl'
113 silly reify ]
114 verbose reify failed optional dependency /Users/enyata/Downloads/Implement File Instructions/node_modules/@tailwindcss/oxide-linux-arm64-gnu
115 silly reify mark deleted [
115 silly reify   '/Users/enyata/Downloads/Implement File Instructions/node_modules/@tailwindcss/oxide-linux-arm64-gnu'
115 silly reify ]
116 verbose reify failed optional dependency /Users/enyata/Downloads/Implement File Instructions/node_modules/@tailwindcss/oxide-linux-arm-gnueabihf
117 silly reify mark deleted [
117 silly reify   '/Users/enyata/Downloads/Implement File Instructions/node_modules/@tailwindcss/oxide-linux-arm-gnueabihf'
117 silly reify ]
118 verbose reify failed optional dependency /Users/enyata/Downloads/Implement File Instructions/node_modules/@tailwindcss/oxide-freebsd-x64
119 silly reify mark deleted [
119 silly reify   '/Users/enyata/Downloads/Implement File Instructions/node_modules/@tailwindcss/oxide-freebsd-x64'
119 silly reify ]
120 verbose reify failed optional dependency /Users/enyata/Downloads/Implement File Instructions/node_modules/@tailwindcss/oxide-darwin-arm64
121 silly reify mark deleted [
121 silly reify   '/Users/enyata/Downloads/Implement File Instructions/node_modules/@tailwindcss/oxide-darwin-arm64'
121 silly reify ]
122 verbose reify failed optional dependency /Users/enyata/Downloads/Implement File Instructions/node_modules/@tailwindcss/oxide-android-arm64
123 silly reify mark deleted [
123 silly reify   '/Users/enyata/Downloads/Implement File Instructions/node_modules/@tailwindcss/oxide-android-arm64'
123 silly reify ]
124 verbose reify failed optional dependency /Users/enyata/Downloads/Implement File Instructions/node_modules/@rollup/rollup-win32-x64-msvc
125 silly reify mark deleted [
125 silly reify   '/Users/enyata/Downloads/Implement File Instructions/node_modules/@rollup/rollup-win32-x64-msvc'
125 silly reify ]
126 verbose reify failed optional dependency /Users/enyata/Downloads/Implement File Instructions/node_modules/@rollup/rollup-win32-x64-gnu
127 silly reify mark deleted [
127 silly reify   '/Users/enyata/Downloads/Implement File Instructions/node_modules/@rollup/rollup-win32-x64-gnu'
127 silly reify ]
128 verbose reify failed optional dependency /Users/enyata/Downloads/Implement File Instructions/node_modules/@rollup/rollup-win32-ia32-msvc
129 silly reify mark deleted [
129 silly reify   '/Users/enyata/Downloads/Implement File Instructions/node_modules/@rollup/rollup-win32-ia32-msvc'
129 silly reify ]
130 verbose reify failed optional dependency /Users/enyata/Downloads/Implement File Instructions/node_modules/@rollup/rollup-win32-arm64-msvc
131 silly reify mark deleted [
131 silly reify   '/Users/enyata/Downloads/Implement File Instructions/node_modules/@rollup/rollup-win32-arm64-msvc'
131 silly reify ]
132 verbose reify failed optional dependency /Users/enyata/Downloads/Implement File Instructions/node_modules/@rollup/rollup-openharmony-arm64
133 silly reify mark deleted [
133 silly reify   '/Users/enyata/Downloads/Implement File Instructions/node_modules/@rollup/rollup-openharmony-arm64'
133 silly reify ]
134 verbose reify failed optional dependency /Users/enyata/Downloads/Implement File Instructions/node_modules/@rollup/rollup-openbsd-x64
135 silly reify mark deleted [
135 silly reify   '/Users/enyata/Downloads/Implement File Instructions/node_modules/@rollup/rollup-openbsd-x64'
135 silly reify ]
136 verbose reify failed optional dependency /Users/enyata/Downloads/Implement File Instructions/node_modules/@rollup/rollup-linux-x64-musl
137 silly reify mark deleted [
137 silly reify   '/Users/enyata/Downloads/Implement File Instructions/node_modules/@rollup/rollup-linux-x64-musl'
137 silly reify ]
138 verbose reify failed optional dependency /Users/enyata/Downloads/Implement File Instructions/node_modules/@rollup/rollup-linux-x64-gnu
139 silly reify mark deleted [
139 silly reify   '/Users/enyata/Downloads/Implement File Instructions/node_modules/@rollup/rollup-linux-x64-gnu'
139 silly reify ]
140 verbose reify failed optional dependency /Users/enyata/Downloads/Implement File Instructions/node_modules/@rollup/rollup-linux-riscv64-musl
141 silly reify mark deleted [
141 silly reify   '/Users/enyata/Downloads/Implement File Instructions/node_modules/@rollup/rollup-linux-riscv64-musl'
141 silly reify ]
142 verbose reify failed optional dependency /Users/enyata/Downloads/Implement File Instructions/node_modules/@rollup/rollup-linux-s390x-gnu
143 silly reify mark deleted [
143 silly reify   '/Users/enyata/Downloads/Implement File Instructions/node_modules/@rollup/rollup-linux-s390x-gnu'
143 silly reify ]
144 verbose reify failed optional dependency /Users/enyata/Downloads/Implement File Instructions/node_modules/@rollup/rollup-linux-riscv64-gnu
145 silly reify mark deleted [
145 silly reify   '/Users/enyata/Downloads/Implement File Instructions/node_modules/@rollup/rollup-linux-riscv64-gnu'
145 silly reify ]
146 verbose reify failed optional dependency /Users/enyata/Downloads/Implement File Instructions/node_modules/@rollup/rollup-linux-loong64-musl
147 silly reify mark deleted [
147 silly reify   '/Users/enyata/Downloads/Implement File Instructions/node_modules/@rollup/rollup-linux-loong64-musl'
147 silly reify ]
148 verbose reify failed optional dependency /Users/enyata/Downloads/Implement File Instructions/node_modules/@rollup/rollup-linux-ppc64-musl
149 silly reify mark deleted [
149 silly reify   '/Users/enyata/Downloads/Implement File Instructions/node_modules/@rollup/rollup-linux-ppc64-musl'
149 silly reify ]
150 verbose reify failed optional dependency /Users/enyata/Downloads/Implement File Instructions/node_modules/@rollup/rollup-linux-ppc64-gnu
151 silly reify mark deleted [
151 silly reify   '/Users/enyata/Downloads/Implement File Instructions/node_modules/@rollup/rollup-linux-ppc64-gnu'
151 silly reify ]
152 verbose reify failed optional dependency /Users/enyata/Downloads/Implement File Instructions/node_modules/@rollup/rollup-linux-loong64-gnu
153 silly reify mark deleted [
153 silly reify   '/Users/enyata/Downloads/Implement File Instructions/node_modules/@rollup/rollup-linux-loong64-gnu'
153 silly reify ]
154 verbose reify failed optional dependency /Users/enyata/Downloads/Implement File Instructions/node_modules/@rollup/rollup-linux-arm64-musl
155 silly reify mark deleted [
155 silly reify   '/Users/enyata/Downloads/Implement File Instructions/node_modules/@rollup/rollup-linux-arm64-musl'
155 silly reify ]
156 verbose reify failed optional dependency /Users/enyata/Downloads/Implement File Instructions/node_modules/@rollup/rollup-linux-arm64-gnu
157 silly reify mark deleted [
157 silly reify   '/Users/enyata/Downloads/Implement File Instructions/node_modules/@rollup/rollup-linux-arm64-gnu'
157 silly reify ]
158 verbose reify failed optional dependency /Users/enyata/Downloads/Implement File Instructions/node_modules/@rollup/rollup-linux-arm-musleabihf
159 silly reify mark deleted [
159 silly reify   '/Users/enyata/Downloads/Implement File Instructions/node_modules/@rollup/rollup-linux-arm-musleabihf'
159 silly reify ]
160 verbose reify failed optional dependency /Users/enyata/Downloads/Implement File Instructions/node_modules/@rollup/rollup-linux-arm-gnueabihf
161 silly reify mark deleted [
161 silly reify   '/Users/enyata/Downloads/Implement File Instructions/node_modules/@rollup/rollup-linux-arm-gnueabihf'
161 silly reify ]
162 verbose reify failed optional dependency /Users/enyata/Downloads/Implement File Instructions/node_modules/@rollup/rollup-freebsd-x64
163 silly reify mark deleted [
163 silly reify   '/Users/enyata/Downloads/Implement File Instructions/node_modules/@rollup/rollup-freebsd-x64'
163 silly reify ]
164 verbose reify failed optional dependency /Users/enyata/Downloads/Implement File Instructions/node_modules/@rollup/rollup-freebsd-arm64
165 silly reify mark deleted [
165 silly reify   '/Users/enyata/Downloads/Implement File Instructions/node_modules/@rollup/rollup-freebsd-arm64'
165 silly reify ]
166 verbose reify failed optional dependency /Users/enyata/Downloads/Implement File Instructions/node_modules/@rollup/rollup-darwin-arm64
167 silly reify mark deleted [
167 silly reify   '/Users/enyata/Downloads/Implement File Instructions/node_modules/@rollup/rollup-darwin-arm64'
167 silly reify ]
168 verbose reify failed optional dependency /Users/enyata/Downloads/Implement File Instructions/node_modules/@rollup/rollup-android-arm64
169 silly reify mark deleted [
169 silly reify   '/Users/enyata/Downloads/Implement File Instructions/node_modules/@rollup/rollup-android-arm64'
169 silly reify ]
170 verbose reify failed optional dependency /Users/enyata/Downloads/Implement File Instructions/node_modules/@rollup/rollup-android-arm-eabi
171 silly reify mark deleted [
171 silly reify   '/Users/enyata/Downloads/Implement File Instructions/node_modules/@rollup/rollup-android-arm-eabi'
171 silly reify ]
172 verbose reify failed optional dependency /Users/enyata/Downloads/Implement File Instructions/node_modules/@esbuild/android-x64
173 silly reify mark deleted [
173 silly reify   '/Users/enyata/Downloads/Implement File Instructions/node_modules/@esbuild/android-x64'
173 silly reify ]
174 verbose reify failed optional dependency /Users/enyata/Downloads/Implement File Instructions/node_modules/@esbuild/darwin-arm64
175 silly reify mark deleted [
175 silly reify   '/Users/enyata/Downloads/Implement File Instructions/node_modules/@esbuild/darwin-arm64'
175 silly reify ]
176 verbose reify failed optional dependency /Users/enyata/Downloads/Implement File Instructions/node_modules/@esbuild/win32-x64
177 silly reify mark deleted [
177 silly reify   '/Users/enyata/Downloads/Implement File Instructions/node_modules/@esbuild/win32-x64'
177 silly reify ]
178 verbose reify failed optional dependency /Users/enyata/Downloads/Implement File Instructions/node_modules/@esbuild/win32-ia32
179 silly reify mark deleted [
179 silly reify   '/Users/enyata/Downloads/Implement File Instructions/node_modules/@esbuild/win32-ia32'
179 silly reify ]
180 verbose reify failed optional dependency /Users/enyata/Downloads/Implement File Instructions/node_modules/@esbuild/win32-arm64
181 silly reify mark deleted [
181 silly reify   '/Users/enyata/Downloads/Implement File Instructions/node_modules/@esbuild/win32-arm64'
181 silly reify ]
182 verbose reify failed optional dependency /Users/enyata/Downloads/Implement File Instructions/node_modules/@esbuild/sunos-x64
183 silly reify mark deleted [
183 silly reify   '/Users/enyata/Downloads/Implement File Instructions/node_modules/@esbuild/sunos-x64'
183 silly reify ]
184 verbose reify failed optional dependency /Users/enyata/Downloads/Implement File Instructions/node_modules/@esbuild/openharmony-arm64
185 silly reify mark deleted [
185 silly reify   '/Users/enyata/Downloads/Implement File Instructions/node_modules/@esbuild/openharmony-arm64'
185 silly reify ]
186 verbose reify failed optional dependency /Users/enyata/Downloads/Implement File Instructions/node_modules/@esbuild/openbsd-x64
187 silly reify mark deleted [
187 silly reify   '/Users/enyata/Downloads/Implement File Instructions/node_modules/@esbuild/openbsd-x64'
187 silly reify ]
188 verbose reify failed optional dependency /Users/enyata/Downloads/Implement File Instructions/node_modules/@esbuild/openbsd-arm64
189 silly reify mark deleted [
189 silly reify   '/Users/enyata/Downloads/Implement File Instructions/node_modules/@esbuild/openbsd-arm64'
189 silly reify ]
190 verbose reify failed optional dependency /Users/enyata/Downloads/Implement File Instructions/node_modules/@esbuild/netbsd-x64
191 silly reify mark deleted [
191 silly reify   '/Users/enyata/Downloads/Implement File Instructions/node_modules/@esbuild/netbsd-x64'
191 silly reify ]
192 verbose reify failed optional dependency /Users/enyata/Downloads/Implement File Instructions/node_modules/@esbuild/netbsd-arm64
193 silly reify mark deleted [
193 silly reify   '/Users/enyata/Downloads/Implement File Instructions/node_modules/@esbuild/netbsd-arm64'
193 silly reify ]
194 verbose reify failed optional dependency /Users/enyata/Downloads/Implement File Instructions/node_modules/@esbuild/linux-x64
195 silly reify mark deleted [
195 silly reify   '/Users/enyata/Downloads/Implement File Instructions/node_modules/@esbuild/linux-x64'
195 silly reify ]
196 verbose reify failed optional dependency /Users/enyata/Downloads/Implement File Instructions/node_modules/@esbuild/linux-s390x
197 silly reify mark deleted [
197 silly reify   '/Users/enyata/Downloads/Implement File Instructions/node_modules/@esbuild/linux-s390x'
197 silly reify ]
198 verbose reify failed optional dependency /Users/enyata/Downloads/Implement File Instructions/node_modules/@esbuild/linux-riscv64
199 silly reify mark deleted [
199 silly reify   '/Users/enyata/Downloads/Implement File Instructions/node_modules/@esbuild/linux-riscv64'
199 silly reify ]
200 verbose reify failed optional dependency /Users/enyata/Downloads/Implement File Instructions/node_modules/@esbuild/linux-ppc64
201 silly reify mark deleted [
201 silly reify   '/Users/enyata/Downloads/Implement File Instructions/node_modules/@esbuild/linux-ppc64'
201 silly reify ]
202 verbose reify failed optional dependency /Users/enyata/Downloads/Implement File Instructions/node_modules/@esbuild/linux-mips64el
203 silly reify mark deleted [
203 silly reify   '/Users/enyata/Downloads/Implement File Instructions/node_modules/@esbuild/linux-mips64el'
203 silly reify ]
204 verbose reify failed optional dependency /Users/enyata/Downloads/Implement File Instructions/node_modules/@esbuild/linux-loong64
205 silly reify mark deleted [
205 silly reify   '/Users/enyata/Downloads/Implement File Instructions/node_modules/@esbuild/linux-loong64'
205 silly reify ]
206 verbose reify failed optional dependency /Users/enyata/Downloads/Implement File Instructions/node_modules/@esbuild/linux-ia32
207 silly reify mark deleted [
207 silly reify   '/Users/enyata/Downloads/Implement File Instructions/node_modules/@esbuild/linux-ia32'
207 silly reify ]
208 verbose reify failed optional dependency /Users/enyata/Downloads/Implement File Instructions/node_modules/@esbuild/linux-arm64
209 silly reify mark deleted [
209 silly reify   '/Users/enyata/Downloads/Implement File Instructions/node_modules/@esbuild/linux-arm64'
209 silly reify ]
210 verbose reify failed optional dependency /Users/enyata/Downloads/Implement File Instructions/node_modules/@esbuild/linux-arm
211 silly reify mark deleted [
211 silly reify   '/Users/enyata/Downloads/Implement File Instructions/node_modules/@esbuild/linux-arm'
211 silly reify ]
212 verbose reify failed optional dependency /Users/enyata/Downloads/Implement File Instructions/node_modules/@esbuild/freebsd-x64
213 silly reify mark deleted [
213 silly reify   '/Users/enyata/Downloads/Implement File Instructions/node_modules/@esbuild/freebsd-x64'
213 silly reify ]
214 verbose reify failed optional dependency /Users/enyata/Downloads/Implement File Instructions/node_modules/@esbuild/freebsd-arm64
215 silly reify mark deleted [
215 silly reify   '/Users/enyata/Downloads/Implement File Instructions/node_modules/@esbuild/freebsd-arm64'
215 silly reify ]
216 verbose reify failed optional dependency /Users/enyata/Downloads/Implement File Instructions/node_modules/@esbuild/android-arm64
217 silly reify mark deleted [
217 silly reify   '/Users/enyata/Downloads/Implement File Instructions/node_modules/@esbuild/android-arm64'
217 silly reify ]
218 verbose reify failed optional dependency /Users/enyata/Downloads/Implement File Instructions/node_modules/@esbuild/android-arm
219 silly reify mark deleted [
219 silly reify   '/Users/enyata/Downloads/Implement File Instructions/node_modules/@esbuild/android-arm'
219 silly reify ]
220 verbose reify failed optional dependency /Users/enyata/Downloads/Implement File Instructions/node_modules/@esbuild/aix-ppc64
221 silly reify mark deleted [
221 silly reify   '/Users/enyata/Downloads/Implement File Instructions/node_modules/@esbuild/aix-ppc64'
221 silly reify ]
222 verbose reify failed optional dependency /Users/enyata/Downloads/Implement File Instructions/node_modules/lightningcss-win32-arm64-msvc
223 silly reify mark deleted [
223 silly reify   '/Users/enyata/Downloads/Implement File Instructions/node_modules/lightningcss-win32-arm64-msvc'
223 silly reify ]
224 verbose reify failed optional dependency /Users/enyata/Downloads/Implement File Instructions/node_modules/lightningcss-win32-x64-msvc
225 silly reify mark deleted [
225 silly reify   '/Users/enyata/Downloads/Implement File Instructions/node_modules/lightningcss-win32-x64-msvc'
225 silly reify ]
226 verbose reify failed optional dependency /Users/enyata/Downloads/Implement File Instructions/node_modules/lightningcss-linux-arm-gnueabihf
227 silly reify mark deleted [
227 silly reify   '/Users/enyata/Downloads/Implement File Instructions/node_modules/lightningcss-linux-arm-gnueabihf'
227 silly reify ]
228 verbose reify failed optional dependency /Users/enyata/Downloads/Implement File Instructions/node_modules/lightningcss-linux-x64-musl
229 silly reify mark deleted [
229 silly reify   '/Users/enyata/Downloads/Implement File Instructions/node_modules/lightningcss-linux-x64-musl'
229 silly reify ]
230 verbose reify failed optional dependency /Users/enyata/Downloads/Implement File Instructions/node_modules/lightningcss-linux-x64-gnu
231 silly reify mark deleted [
231 silly reify   '/Users/enyata/Downloads/Implement File Instructions/node_modules/lightningcss-linux-x64-gnu'
231 silly reify ]
232 verbose reify failed optional dependency /Users/enyata/Downloads/Implement File Instructions/node_modules/lightningcss-linux-arm64-musl
233 silly reify mark deleted [
233 silly reify   '/Users/enyata/Downloads/Implement File Instructions/node_modules/lightningcss-linux-arm64-musl'
233 silly reify ]
234 verbose reify failed optional dependency /Users/enyata/Downloads/Implement File Instructions/node_modules/lightningcss-linux-arm64-gnu
235 silly reify mark deleted [
235 silly reify   '/Users/enyata/Downloads/Implement File Instructions/node_modules/lightningcss-linux-arm64-gnu'
235 silly reify ]
236 verbose reify failed optional dependency /Users/enyata/Downloads/Implement File Instructions/node_modules/lightningcss-freebsd-x64
237 silly reify mark deleted [
237 silly reify   '/Users/enyata/Downloads/Implement File Instructions/node_modules/lightningcss-freebsd-x64'
237 silly reify ]
238 verbose reify failed optional dependency /Users/enyata/Downloads/Implement File Instructions/node_modules/lightningcss-darwin-arm64
239 silly reify mark deleted [
239 silly reify   '/Users/enyata/Downloads/Implement File Instructions/node_modules/lightningcss-darwin-arm64'
239 silly reify ]
240 silly tarball no local data for react-router-dom@https://registry.npmjs.org/react-router-dom/-/react-router-dom-7.13.0.tgz. Extracting by manifest.
241 silly tarball no local data for @esbuild/darwin-x64@https://registry.npmjs.org/@esbuild/darwin-x64/-/darwin-x64-0.25.12.tgz. Extracting by manifest.
242 http fetch GET 200 https://registry.npmjs.org/react-router-dom/-/react-router-dom-7.13.0.tgz 225ms (cache miss)
243 http fetch POST 200 https://registry.npmjs.org/-/npm/v1/security/advisories/bulk 382ms
244 silly audit report {
244 silly audit report   vite: [
244 silly audit report     {
244 silly audit report       id: 1107324,
244 silly audit report       url: 'https://github.com/advisories/GHSA-g4jq-h2w9-997c',
244 silly audit report       title: 'Vite middleware may serve files starting with the same name with the public directory',
244 silly audit report       severity: 'low',
244 silly audit report       vulnerable_versions: '>=6.0.0 <=6.3.5',
244 silly audit report       cwe: [Array],
244 silly audit report       cvss: [Object]
244 silly audit report     },
244 silly audit report     {
244 silly audit report       id: 1107328,
244 silly audit report       url: 'https://github.com/advisories/GHSA-jqfw-vq24-v9c3',
244 silly audit report       title: "Vite's `server.fs` settings were not applied to HTML files",
244 silly audit report       severity: 'low',
244 silly audit report       vulnerable_versions: '>=6.0.0 <=6.3.5',
244 silly audit report       cwe: [Array],
244 silly audit report       cvss: [Object]
244 silly audit report     },
244 silly audit report     {
244 silly audit report       id: 1109135,
244 silly audit report       url: 'https://github.com/advisories/GHSA-93m4-6634-74q7',
244 silly audit report       title: 'vite allows server.fs.deny bypass via backslash on Windows',
244 silly audit report       severity: 'moderate',
244 silly audit report       vulnerable_versions: '>=6.0.0 <=6.4.0',
244 silly audit report       cwe: [Array],
244 silly audit report       cvss: [Object]
244 silly audit report     },
244 silly audit report     {
244 silly audit report       id: 1116229,
244 silly audit report       url: 'https://github.com/advisories/GHSA-4w7w-66w2-5vf9',
244 silly audit report       title: 'Vite Vulnerable to Path Traversal in Optimized Deps `.map` Handling',
244 silly audit report       severity: 'moderate',
244 silly audit report       vulnerable_versions: '<=6.4.1',
244 silly audit report       cwe: [Array],
244 silly audit report       cvss: [Object]
244 silly audit report     },
244 silly audit report     {
244 silly audit report       id: 1116234,
244 silly audit report       url: 'https://github.com/advisories/GHSA-p9ff-h696-f583',
244 silly audit report       title: 'Vite Vulnerable to Arbitrary File Read via Vite Dev Server WebSocket',
244 silly audit report       severity: 'high',
244 silly audit report       vulnerable_versions: '>=6.0.0 <=6.4.1',
244 silly audit report       cwe: [Array],
244 silly audit report       cvss: [Object]
244 silly audit report     }
244 silly audit report   ]
244 silly audit report }
245 silly packumentCache corgi:https://registry.npmjs.org/vite cache-miss
246 http fetch GET 200 https://registry.npmjs.org/vite 326ms (cache miss)
247 silly packumentCache corgi:https://registry.npmjs.org/vite set size:undefined disposed:false
248 silly packumentCache corgi:https://registry.npmjs.org/@tailwindcss%2fvite cache-miss
249 silly packumentCache corgi:https://registry.npmjs.org/@vitejs%2fplugin-react cache-miss
250 http fetch GET 200 https://registry.npmjs.org/@vitejs%2fplugin-react 256ms (cache miss)
251 silly packumentCache corgi:https://registry.npmjs.org/@vitejs%2fplugin-react set size:undefined disposed:false
252 http fetch GET 200 https://registry.npmjs.org/@tailwindcss%2fvite 421ms (cache miss)
253 silly packumentCache corgi:https://registry.npmjs.org/@tailwindcss%2fvite set size:undefined disposed:false
254 http fetch GET 200 https://registry.npmjs.org/@esbuild/darwin-x64/-/darwin-x64-0.25.12.tgz 2244ms (cache miss)
255 verbose stack Error: EACCES: permission denied, open '/Users/enyata/Downloads/Implement File Instructions/package-lock.json'
255 verbose stack     at async open (node:internal/fs/promises:639:25)
255 verbose stack     at async writeFile (node:internal/fs/promises:1216:14)
255 verbose stack     at async Promise.all (index 0)
255 verbose stack     at async [saveIdealTree] (/Users/enyata/.nvm/versions/node/v20.19.4/lib/node_modules/npm/node_modules/@npmcli/arborist/lib/arborist/reify.js:1526:7)
255 verbose stack     at async Arborist.reify (/Users/enyata/.nvm/versions/node/v20.19.4/lib/node_modules/npm/node_modules/@npmcli/arborist/lib/arborist/reify.js:148:5)
255 verbose stack     at async Install.exec (/Users/enyata/.nvm/versions/node/v20.19.4/lib/node_modules/npm/lib/commands/install.js:150:5)
255 verbose stack     at async Npm.exec (/Users/enyata/.nvm/versions/node/v20.19.4/lib/node_modules/npm/lib/npm.js:207:9)
255 verbose stack     at async module.exports (/Users/enyata/.nvm/versions/node/v20.19.4/lib/node_modules/npm/lib/cli/entry.js:74:5)
256 error code EACCES
257 error syscall open
258 error path /Users/enyata/Downloads/Implement File Instructions/package-lock.json
259 error errno -13
260 error Error: EACCES: permission denied, open '/Users/enyata/Downloads/Implement File Instructions/package-lock.json'
260 error     at async open (node:internal/fs/promises:639:25)
260 error     at async writeFile (node:internal/fs/promises:1216:14)
260 error     at async Promise.all (index 0)
260 error     at async [saveIdealTree] (/Users/enyata/.nvm/versions/node/v20.19.4/lib/node_modules/npm/node_modules/@npmcli/arborist/lib/arborist/reify.js:1526:7)
260 error     at async Arborist.reify (/Users/enyata/.nvm/versions/node/v20.19.4/lib/node_modules/npm/node_modules/@npmcli/arborist/lib/arborist/reify.js:148:5)
260 error     at async Install.exec (/Users/enyata/.nvm/versions/node/v20.19.4/lib/node_modules/npm/lib/commands/install.js:150:5)
260 error     at async Npm.exec (/Users/enyata/.nvm/versions/node/v20.19.4/lib/node_modules/npm/lib/npm.js:207:9)
260 error     at async module.exports (/Users/enyata/.nvm/versions/node/v20.19.4/lib/node_modules/npm/lib/cli/entry.js:74:5) {
260 error   errno: -13,
260 error   code: 'EACCES',
260 error   syscall: 'open',
260 error   path: '/Users/enyata/Downloads/Implement File Instructions/package-lock.json'
260 error }
261 error
261 error The operation was rejected by your operating system.
261 error It is likely you do not have the permissions to access this file as the current user
261 error
261 error If you believe this might be a permissions issue, please double-check the
261 error permissions of the file and its containing directories, or try running
261 error the command again as root/Administrator.
262 silly unfinished npm timer reify 1775645486238
263 silly unfinished npm timer reify:save 1775645492614
264 verbose cwd /Users/enyata/Downloads/Implement File Instructions
265 verbose os Darwin 23.6.0
266 verbose node v20.19.4
267 verbose npm  v10.8.2
268 notice
268 notice New [31mmajor[39m version of npm available! [31m10.8.2[39m -> [34m11.12.1[39m
268 notice Changelog: [34mhttps://github.com/npm/cli/releases/tag/v11.12.1[39m
268 notice To update run: [4mnpm install -g npm@11.12.1[24m
268 notice  { force: true, [Symbol(proc-log.meta)]: true }
269 verbose exit -13
270 verbose code -13
271 error A complete log of this run can be found in: /Users/enyata/Downloads/Implement File Instructions/.npm-cache/_logs/2026-04-08T10_51_25_577Z-debug-0.log
