0 verbose cli /usr/local/bin/node /usr/local/bin/npm
1 info using npm@8.19.4
2 info using node@v16.20.0
3 timing npm:load:whichnode Completed in 1ms
4 timing config:load:defaults Completed in 1ms
5 timing config:load:file:/usr/local/lib/node_modules/npm/npmrc Completed in 1ms
6 timing config:load:builtin Completed in 2ms
7 timing config:load:cli Completed in 1ms
8 timing config:load:env Completed in 1ms
9 timing config:load:file:/Users/enyata/Downloads/Implement File Instructions/.npmrc Completed in 1ms
10 timing config:load:project Completed in 4ms
11 timing config:load:file:/Users/enyata/.npmrc Completed in 0ms
12 timing config:load:user Completed in 0ms
13 timing config:load:file:/usr/local/etc/npmrc Completed in 1ms
14 timing config:load:global Completed in 1ms
15 timing config:load:validate Completed in 0ms
16 timing config:load:credentials Completed in 1ms
17 timing config:load:setEnvs Completed in 1ms
18 timing config:load Completed in 12ms
19 timing npm:load:configload Completed in 12ms
20 timing npm:load:mkdirpcache Completed in 4ms
21 timing npm:load:mkdirplogs Completed in 0ms
22 verbose title npm install xlsx
23 verbose argv "install" "xlsx" "--cache" "./.npm-cache"
24 timing npm:load:setTitle Completed in 21ms
25 timing config:load:flatten Completed in 3ms
26 timing npm:load:display Completed in 6ms
27 verbose logfile logs-max:10 dir:/Users/enyata/Downloads/Implement File Instructions/.npm-cache/_logs
28 verbose logfile /Users/enyata/Downloads/Implement File Instructions/.npm-cache/_logs/2026-04-11T14_34_23_765Z-debug-0.log
29 timing npm:load:logFile Completed in 5ms
30 timing npm:load:timers Completed in 1ms
31 timing npm:load:configScope Completed in 0ms
32 timing npm:load Completed in 50ms
33 timing arborist:ctor Completed in 1ms
34 silly logfile done cleaning log files
35 timing idealTree:init Completed in 274ms
36 timing idealTree:userRequests Completed in 7ms
37 silly idealTree buildDeps
38 silly fetch manifest react-router-dom@^7.13.0
39 verbose shrinkwrap failed to load node_modules/.package-lock.json out of date, updated: node_modules
40 http fetch GET 200 https://registry.npmjs.org/react-router-dom 1816ms (cache miss)
41 silly fetch manifest react@18.3.1
42 http fetch GET 200 https://registry.npmjs.org/react 1766ms (cache miss)
43 silly fetch manifest react-dom@18.3.1
44 http fetch GET 200 https://registry.npmjs.org/react-dom 716ms (cache miss)
45 silly fetch manifest xlsx@*
46 http fetch GET 200 https://registry.npmjs.org/xlsx 214ms (cache miss)
47 silly placeDep ROOT react-router-dom@7.14.0 OK for: @figma/my-make-file@0.0.1 want: ^7.13.0
48 silly placeDep ROOT xlsx@0.18.5 OK for: @figma/my-make-file@0.0.1 want: *
49 silly fetch manifest react-router@7.14.0
50 silly fetch manifest cfb@~1.2.1
51 silly fetch manifest ssf@~0.11.2
52 silly fetch manifest wmf@~1.0.1
53 silly fetch manifest word@~0.3.0
54 silly fetch manifest crc-32@~1.2.1
55 silly fetch manifest adler-32@~1.3.0
56 silly fetch manifest codepage@~1.15.0
57 http fetch GET 200 https://registry.npmjs.org/react-router 335ms (cache miss)
58 http fetch GET 200 https://registry.npmjs.org/wmf 635ms (cache miss)
59 http fetch GET 200 https://registry.npmjs.org/crc-32 635ms (cache miss)
60 http fetch GET 200 https://registry.npmjs.org/ssf 637ms (cache miss)
61 http fetch GET 200 https://registry.npmjs.org/word 637ms (cache miss)
62 http fetch GET 200 https://registry.npmjs.org/cfb 638ms (cache miss)
63 http fetch GET 200 https://registry.npmjs.org/codepage 784ms (cache miss)
64 http fetch GET 200 https://registry.npmjs.org/adler-32 952ms (cache miss)
65 timing idealTree:#root Completed in 5518ms
66 timing idealTree:node_modules/@tailwindcss/oxide-wasm32-wasi Completed in 0ms
67 silly fetch manifest react@>=18
68 silly fetch manifest react-dom@>=18
69 silly placeDep node_modules/react-router-dom react-router@7.14.0 OK for: react-router-dom@7.14.0 want: 7.14.0
70 timing idealTree:node_modules/react-router-dom Completed in 9ms
71 silly placeDep ROOT adler-32@1.3.1 OK for: xlsx@0.18.5 want: ~1.3.0
72 silly placeDep ROOT cfb@1.2.2 OK for: xlsx@0.18.5 want: ~1.2.1
73 silly placeDep ROOT codepage@1.15.0 OK for: xlsx@0.18.5 want: ~1.15.0
74 silly placeDep ROOT crc-32@1.2.2 OK for: xlsx@0.18.5 want: ~1.2.1
75 silly placeDep ROOT ssf@0.11.2 OK for: xlsx@0.18.5 want: ~0.11.2
76 silly placeDep ROOT wmf@1.0.2 OK for: xlsx@0.18.5 want: ~1.0.1
77 silly placeDep ROOT word@0.3.0 OK for: xlsx@0.18.5 want: ~0.3.0
78 silly fetch manifest frac@~1.1.2
79 http fetch GET 200 https://registry.npmjs.org/frac 361ms (cache miss)
80 timing idealTree:node_modules/xlsx Completed in 372ms
81 timing idealTree:node_modules/adler-32 Completed in 0ms
82 timing idealTree:node_modules/cfb Completed in 0ms
83 timing idealTree:node_modules/codepage Completed in 0ms
84 timing idealTree:node_modules/crc-32 Completed in 0ms
85 silly placeDep ROOT frac@1.1.2 OK for: ssf@0.11.2 want: ~1.1.2
86 timing idealTree:node_modules/ssf Completed in 1ms
87 timing idealTree:node_modules/frac Completed in 0ms
88 timing idealTree:node_modules/wmf Completed in 0ms
89 timing idealTree:node_modules/word Completed in 0ms
90 timing idealTree:node_modules/react-router-dom/node_modules/react-router Completed in 0ms
91 timing idealTree:buildDeps Completed in 5903ms
92 timing idealTree:fixDepFlags Completed in 4ms
93 warn EBADENGINE Unsupported engine {
93 warn EBADENGINE   package: '@isaacs/fs-minipass@4.0.1',
93 warn EBADENGINE   required: { node: '>=18.0.0' },
93 warn EBADENGINE   current: { node: 'v16.20.0', npm: '8.19.4' }
93 warn EBADENGINE }
94 warn EBADENGINE Unsupported engine {
94 warn EBADENGINE   package: 'chownr@3.0.0',
94 warn EBADENGINE   required: { node: '>=18' },
94 warn EBADENGINE   current: { node: 'v16.20.0', npm: '8.19.4' }
94 warn EBADENGINE }
95 warn EBADENGINE Unsupported engine {
95 warn EBADENGINE   package: 'cookie@1.1.1',
95 warn EBADENGINE   required: { node: '>=18' },
95 warn EBADENGINE   current: { node: 'v16.20.0', npm: '8.19.4' }
95 warn EBADENGINE }
96 warn EBADENGINE Unsupported engine {
96 warn EBADENGINE   package: 'esbuild@0.25.12',
96 warn EBADENGINE   required: { node: '>=18' },
96 warn EBADENGINE   current: { node: 'v16.20.0', npm: '8.19.4' }
96 warn EBADENGINE }
97 warn EBADENGINE Unsupported engine {
97 warn EBADENGINE   package: 'minizlib@3.1.0',
97 warn EBADENGINE   required: { node: '>= 18' },
97 warn EBADENGINE   current: { node: 'v16.20.0', npm: '8.19.4' }
97 warn EBADENGINE }
98 warn EBADENGINE Unsupported engine {
98 warn EBADENGINE   package: 'react-hook-form@7.55.0',
98 warn EBADENGINE   required: { node: '>=18.0.0' },
98 warn EBADENGINE   current: { node: 'v16.20.0', npm: '8.19.4' }
98 warn EBADENGINE }
99 warn EBADENGINE Unsupported engine {
99 warn EBADENGINE   package: 'react-router@7.13.0',
99 warn EBADENGINE   required: { node: '>=20.0.0' },
99 warn EBADENGINE   current: { node: 'v16.20.0', npm: '8.19.4' }
99 warn EBADENGINE }
100 warn EBADENGINE Unsupported engine {
100 warn EBADENGINE   package: 'rollup@4.60.1',
100 warn EBADENGINE   required: { node: '>=18.0.0', npm: '>=8.0.0' },
100 warn EBADENGINE   current: { node: 'v16.20.0', npm: '8.19.4' }
100 warn EBADENGINE }
101 warn EBADENGINE Unsupported engine {
101 warn EBADENGINE   package: 'tar@7.5.13',
101 warn EBADENGINE   required: { node: '>=18' },
101 warn EBADENGINE   current: { node: 'v16.20.0', npm: '8.19.4' }
101 warn EBADENGINE }
102 warn EBADENGINE Unsupported engine {
102 warn EBADENGINE   package: 'yallist@5.0.0',
102 warn EBADENGINE   required: { node: '>=18' },
102 warn EBADENGINE   current: { node: 'v16.20.0', npm: '8.19.4' }
102 warn EBADENGINE }
103 warn EBADENGINE Unsupported engine {
103 warn EBADENGINE   package: 'vite@6.3.5',
103 warn EBADENGINE   required: { node: '^18.0.0 || ^20.0.0 || >=22.0.0' },
103 warn EBADENGINE   current: { node: 'v16.20.0', npm: '8.19.4' }
103 warn EBADENGINE }
104 warn EBADENGINE Unsupported engine {
104 warn EBADENGINE   package: 'react-router-dom@7.14.0',
104 warn EBADENGINE   required: { node: '>=20.0.0' },
104 warn EBADENGINE   current: { node: 'v16.20.0', npm: '8.19.4' }
104 warn EBADENGINE }
105 warn EBADENGINE Unsupported engine {
105 warn EBADENGINE   package: 'react-router@7.14.0',
105 warn EBADENGINE   required: { node: '>=20.0.0' },
105 warn EBADENGINE   current: { node: 'v16.20.0', npm: '8.19.4' }
105 warn EBADENGINE }
106 timing idealTree Completed in 6202ms
107 timing reify:loadTrees Completed in 6203ms
108 timing reify:diffTrees Completed in 11ms
109 silly reify mark retired [
109 silly reify   '/Users/enyata/Downloads/Implement File Instructions/node_modules/react-router-dom'
109 silly reify ]
110 silly reify moves {
110 silly reify   '/Users/enyata/Downloads/Implement File Instructions/node_modules/react-router-dom': '/Users/enyata/Downloads/Implement File Instructions/node_modules/.react-router-dom-6IeK6Yx0'
110 silly reify }
111 timing reify:retireShallow Completed in 2ms
112 timing reify:createSparse Completed in 13ms
113 verbose reify failed optional dependency /Users/enyata/Downloads/Implement File Instructions/node_modules/@tailwindcss/oxide-wasm32-wasi
114 silly reify mark deleted [
114 silly reify   '/Users/enyata/Downloads/Implement File Instructions/node_modules/@tailwindcss/oxide-wasm32-wasi'
114 silly reify ]
115 timing reifyNode:node_modules/@tailwindcss/oxide-wasm32-wasi Completed in 1ms
116 timing arborist:ctor Completed in 0ms
117 timing reify:diffTrees Completed in 5ms
118 timing reify:loadBundles Completed in 12ms
119 silly audit bulk request {
119 silly audit   '@babel/code-frame': [ '7.29.0' ],
119 silly audit   '@babel/compat-data': [ '7.29.0' ],
119 silly audit   '@babel/core': [ '7.29.0' ],
119 silly audit   'convert-source-map': [ '2.0.0', '1.9.0' ],
119 silly audit   '@babel/generator': [ '7.29.1' ],
119 silly audit   '@babel/helper-compilation-targets': [ '7.28.6' ],
119 silly audit   '@babel/helper-globals': [ '7.28.0' ],
119 silly audit   '@babel/helper-module-imports': [ '7.28.6' ],
119 silly audit   '@babel/helper-module-transforms': [ '7.28.6' ],
119 silly audit   '@babel/helper-plugin-utils': [ '7.28.6' ],
119 silly audit   '@babel/helper-string-parser': [ '7.27.1' ],
119 silly audit   '@babel/helper-validator-identifier': [ '7.28.5' ],
119 silly audit   '@babel/helper-validator-option': [ '7.27.1' ],
119 silly audit   '@babel/helpers': [ '7.29.2' ],
119 silly audit   '@babel/parser': [ '7.29.2' ],
119 silly audit   '@babel/plugin-transform-react-jsx-self': [ '7.27.1' ],
119 silly audit   '@babel/plugin-transform-react-jsx-source': [ '7.27.1' ],
119 silly audit   '@babel/runtime': [ '7.29.2' ],
119 silly audit   '@babel/template': [ '7.28.6' ],
119 silly audit   '@babel/traverse': [ '7.29.0' ],
119 silly audit   '@babel/types': [ '7.29.0' ],
119 silly audit   '@emotion/babel-plugin': [ '11.13.5' ],
119 silly audit   '@emotion/cache': [ '11.14.0' ],
119 silly audit   '@emotion/hash': [ '0.9.2' ],
119 silly audit   '@emotion/is-prop-valid': [ '1.4.0' ],
119 silly audit   '@emotion/memoize': [ '0.9.0' ],
119 silly audit   '@emotion/react': [ '11.14.0' ],
119 silly audit   '@emotion/serialize': [ '1.3.3' ],
119 silly audit   '@emotion/sheet': [ '1.4.0' ],
119 silly audit   '@emotion/styled': [ '11.14.1' ],
119 silly audit   '@emotion/unitless': [ '0.10.0' ],
119 silly audit   '@emotion/use-insertion-effect-with-fallbacks': [ '1.2.0' ],
119 silly audit   '@emotion/utils': [ '1.4.2' ],
119 silly audit   '@emotion/weak-memoize': [ '0.4.0' ],
119 silly audit   '@esbuild/aix-ppc64': [ '0.25.12' ],
119 silly audit   '@esbuild/android-arm': [ '0.25.12' ],
119 silly audit   '@esbuild/android-arm64': [ '0.25.12' ],
119 silly audit   '@esbuild/android-x64': [ '0.25.12' ],
119 silly audit   '@esbuild/darwin-arm64': [ '0.25.12' ],
119 silly audit   '@esbuild/darwin-x64': [ '0.25.12' ],
119 silly audit   '@esbuild/freebsd-arm64': [ '0.25.12' ],
119 silly audit   '@esbuild/freebsd-x64': [ '0.25.12' ],
119 silly audit   '@esbuild/linux-arm': [ '0.25.12' ],
119 silly audit   '@esbuild/linux-arm64': [ '0.25.12' ],
119 silly audit   '@esbuild/linux-ia32': [ '0.25.12' ],
119 silly audit   '@esbuild/linux-loong64': [ '0.25.12' ],
119 silly audit   '@esbuild/linux-mips64el': [ '0.25.12' ],
119 silly audit   '@esbuild/linux-ppc64': [ '0.25.12' ],
119 silly audit   '@esbuild/linux-riscv64': [ '0.25.12' ],
119 silly audit   '@esbuild/linux-s390x': [ '0.25.12' ],
119 silly audit   '@esbuild/linux-x64': [ '0.25.12' ],
119 silly audit   '@esbuild/netbsd-arm64': [ '0.25.12' ],
119 silly audit   '@esbuild/netbsd-x64': [ '0.25.12' ],
119 silly audit   '@esbuild/openbsd-arm64': [ '0.25.12' ],
119 silly audit   '@esbuild/openbsd-x64': [ '0.25.12' ],
119 silly audit   '@esbuild/openharmony-arm64': [ '0.25.12' ],
119 silly audit   '@esbuild/sunos-x64': [ '0.25.12' ],
119 silly audit   '@esbuild/win32-arm64': [ '0.25.12' ],
119 silly audit   '@esbuild/win32-ia32': [ '0.25.12' ],
119 silly audit   '@esbuild/win32-x64': [ '0.25.12' ],
119 silly audit   '@floating-ui/core': [ '1.7.5' ],
119 silly audit   '@floating-ui/dom': [ '1.7.6' ],
119 silly audit   '@floating-ui/react-dom': [ '2.1.8' ],
119 silly audit   '@floating-ui/utils': [ '0.2.11' ],
119 silly audit   '@isaacs/fs-minipass': [ '4.0.1' ],
119 silly audit   '@jridgewell/gen-mapping': [ '0.3.13' ],
119 silly audit   '@jridgewell/remapping': [ '2.3.5' ],
119 silly audit   '@jridgewell/resolve-uri': [ '3.1.2' ],
119 silly audit   '@jridgewell/sourcemap-codec': [ '1.5.5' ],
119 silly audit   '@jridgewell/trace-mapping': [ '0.3.31' ],
119 silly audit   '@mui/core-downloads-tracker': [ '7.3.9' ],
119 silly audit   '@mui/icons-material': [ '7.3.5' ],
119 silly audit   '@mui/material': [ '7.3.5' ],
119 silly audit   '@mui/private-theming': [ '7.3.9' ],
119 silly audit   '@mui/styled-engine': [ '7.3.9' ],
119 silly audit   '@mui/system': [ '7.3.9' ],
119 silly audit   '@mui/types': [ '7.4.12' ],
119 silly audit   '@mui/utils': [ '7.3.9' ],
119 silly audit   '@popperjs/core': [ '2.11.8' ],
119 silly audit   '@radix-ui/number': [ '1.1.0' ],
119 silly audit   '@radix-ui/primitive': [ '1.1.1' ],
119 silly audit   '@radix-ui/react-accordion': [ '1.2.3' ],
119 silly audit   '@radix-ui/react-alert-dialog': [ '1.1.6' ],
119 silly audit   '@radix-ui/react-arrow': [ '1.1.2' ],
119 silly audit   '@radix-ui/react-aspect-ratio': [ '1.1.2' ],
119 silly audit   '@radix-ui/react-avatar': [ '1.1.3' ],
119 silly audit   '@radix-ui/react-checkbox': [ '1.1.4' ],
119 silly audit   '@radix-ui/react-collapsible': [ '1.1.3' ],
119 silly audit   '@radix-ui/react-collection': [ '1.1.2' ],
119 silly audit   '@radix-ui/react-compose-refs': [ '1.1.1' ],
119 silly audit   '@radix-ui/react-context': [ '1.1.1' ],
119 silly audit   '@radix-ui/react-context-menu': [ '2.2.6' ],
119 silly audit   '@radix-ui/react-dialog': [ '1.1.6' ],
119 silly audit   '@radix-ui/react-direction': [ '1.1.0' ],
119 silly audit   '@radix-ui/react-dismissable-layer': [ '1.1.5' ],
119 silly audit   '@radix-ui/react-dropdown-menu': [ '2.1.6' ],
119 silly audit   '@radix-ui/react-focus-guards': [ '1.1.1' ],
119 silly audit   '@radix-ui/react-focus-scope': [ '1.1.2' ],
119 silly audit   '@radix-ui/react-hover-card': [ '1.1.6' ],
119 silly audit   '@radix-ui/react-id': [ '1.1.0' ],
119 silly audit   '@radix-ui/react-label': [ '2.1.2' ],
119 silly audit   '@radix-ui/react-menu': [ '2.1.6' ],
119 silly audit   '@radix-ui/react-menubar': [ '1.1.6' ],
119 silly audit   '@radix-ui/react-navigation-menu': [ '1.2.5' ],
119 silly audit   '@radix-ui/react-popover': [ '1.1.6' ],
119 silly audit   '@radix-ui/react-popper': [ '1.2.2' ],
119 silly audit   '@radix-ui/react-portal': [ '1.1.4' ],
119 silly audit   '@radix-ui/react-presence': [ '1.1.2' ],
119 silly audit   '@radix-ui/react-primitive': [ '2.0.2' ],
119 silly audit   '@radix-ui/react-progress': [ '1.1.2' ],
119 silly audit   '@radix-ui/react-radio-group': [ '1.2.3' ],
119 silly audit   '@radix-ui/react-roving-focus': [ '1.1.2' ],
119 silly audit   '@radix-ui/react-scroll-area': [ '1.2.3' ],
119 silly audit   '@radix-ui/react-select': [ '2.1.6' ],
119 silly audit   '@radix-ui/react-separator': [ '1.1.2' ],
119 silly audit   '@radix-ui/react-slider': [ '1.2.3' ],
119 silly audit   '@radix-ui/react-slot': [ '1.1.2' ],
119 silly audit   '@radix-ui/react-switch': [ '1.1.3' ],
119 silly audit   '@radix-ui/react-tabs': [ '1.1.3' ],
119 silly audit   '@radix-ui/react-toggle': [ '1.1.2' ],
119 silly audit   '@radix-ui/react-toggle-group': [ '1.1.2' ],
119 silly audit   '@radix-ui/react-tooltip': [ '1.1.8' ],
119 silly audit   '@radix-ui/react-use-callback-ref': [ '1.1.0' ],
119 silly audit   '@radix-ui/react-use-controllable-state': [ '1.1.0' ],
119 silly audit   '@radix-ui/react-use-escape-keydown': [ '1.1.0' ],
119 silly audit   '@radix-ui/react-use-layout-effect': [ '1.1.0' ],
119 silly audit   '@radix-ui/react-use-previous': [ '1.1.0' ],
119 silly audit   '@radix-ui/react-use-rect': [ '1.1.0' ],
119 silly audit   '@radix-ui/react-use-size': [ '1.1.0' ],
119 silly audit   '@radix-ui/react-visually-hidden': [ '1.1.2' ],
119 silly audit   '@radix-ui/rect': [ '1.1.0' ],
119 silly audit   '@react-dnd/asap': [ '5.0.2' ],
119 silly audit   '@react-dnd/invariant': [ '4.0.2' ],
119 silly audit   '@react-dnd/shallowequal': [ '4.0.2' ],
119 silly audit   '@rolldown/pluginutils': [ '1.0.0-beta.27' ],
119 silly audit   '@rollup/rollup-android-arm-eabi': [ '4.60.1' ],
119 silly audit   '@rollup/rollup-android-arm64': [ '4.60.1' ],
119 silly audit   '@rollup/rollup-darwin-arm64': [ '4.60.1' ],
119 silly audit   '@rollup/rollup-darwin-x64': [ '4.60.1' ],
119 silly audit   '@rollup/rollup-freebsd-arm64': [ '4.60.1' ],
119 silly audit   '@rollup/rollup-freebsd-x64': [ '4.60.1' ],
119 silly audit   '@rollup/rollup-linux-arm-gnueabihf': [ '4.60.1' ],
119 silly audit   '@rollup/rollup-linux-arm-musleabihf': [ '4.60.1' ],
119 silly audit   '@rollup/rollup-linux-arm64-gnu': [ '4.60.1' ],
119 silly audit   '@rollup/rollup-linux-arm64-musl': [ '4.60.1' ],
119 silly audit   '@rollup/rollup-linux-loong64-gnu': [ '4.60.1' ],
119 silly audit   '@rollup/rollup-linux-loong64-musl': [ '4.60.1' ],
119 silly audit   '@rollup/rollup-linux-ppc64-gnu': [ '4.60.1' ],
119 silly audit   '@rollup/rollup-linux-ppc64-musl': [ '4.60.1' ],
119 silly audit   '@rollup/rollup-linux-riscv64-gnu': [ '4.60.1' ],
119 silly audit   '@rollup/rollup-linux-riscv64-musl': [ '4.60.1' ],
119 silly audit   '@rollup/rollup-linux-s390x-gnu': [ '4.60.1' ],
119 silly audit   '@rollup/rollup-linux-x64-gnu': [ '4.60.1' ],
119 silly audit   '@rollup/rollup-linux-x64-musl': [ '4.60.1' ],
119 silly audit   '@rollup/rollup-openbsd-x64': [ '4.60.1' ],
119 silly audit   '@rollup/rollup-openharmony-arm64': [ '4.60.1' ],
119 silly audit   '@rollup/rollup-win32-arm64-msvc': [ '4.60.1' ],
119 silly audit   '@rollup/rollup-win32-ia32-msvc': [ '4.60.1' ],
119 silly audit   '@rollup/rollup-win32-x64-gnu': [ '4.60.1' ],
119 silly audit   '@rollup/rollup-win32-x64-msvc': [ '4.60.1' ],
119 silly audit   '@tailwindcss/node': [ '4.1.12' ],
119 silly audit   '@tailwindcss/oxide': [ '4.1.12' ],
119 silly audit   '@tailwindcss/oxide-android-arm64': [ '4.1.12' ],
119 silly audit   '@tailwindcss/oxide-darwin-arm64': [ '4.1.12' ],
119 silly audit   '@tailwindcss/oxide-darwin-x64': [ '4.1.12' ],
119 silly audit   '@tailwindcss/oxide-freebsd-x64': [ '4.1.12' ],
119 silly audit   '@tailwindcss/oxide-linux-arm-gnueabihf': [ '4.1.12' ],
119 silly audit   '@tailwindcss/oxide-linux-arm64-gnu': [ '4.1.12' ],
119 silly audit   '@tailwindcss/oxide-linux-arm64-musl': [ '4.1.12' ],
119 silly audit   '@tailwindcss/oxide-linux-x64-gnu': [ '4.1.12' ],
119 silly audit   '@tailwindcss/oxide-linux-x64-musl': [ '4.1.12' ],
119 silly audit   '@tailwindcss/oxide-win32-arm64-msvc': [ '4.1.12' ],
119 silly audit   '@tailwindcss/oxide-win32-x64-msvc': [ '4.1.12' ],
119 silly audit   '@tailwindcss/vite': [ '4.1.12' ],
119 silly audit   '@types/babel__core': [ '7.20.5' ],
119 silly audit   '@types/babel__generator': [ '7.27.0' ],
119 silly audit   '@types/babel__template': [ '7.4.4' ],
119 silly audit   '@types/babel__traverse': [ '7.28.0' ],
119 silly audit   '@types/d3-array': [ '3.2.2' ],
119 silly audit   '@types/d3-color': [ '3.1.3' ],
119 silly audit   '@types/d3-ease': [ '3.0.2' ],
119 silly audit   '@types/d3-interpolate': [ '3.0.4' ],
119 silly audit   '@types/d3-path': [ '3.1.1' ],
119 silly audit   '@types/d3-scale': [ '4.0.9' ],
119 silly audit   '@types/d3-shape': [ '3.1.8' ],
119 silly audit   '@types/d3-time': [ '3.0.4' ],
119 silly audit   '@types/d3-timer': [ '3.0.2' ],
119 silly audit   '@types/estree': [ '1.0.8' ],
119 silly audit   '@types/parse-json': [ '4.0.2' ],
119 silly audit   '@types/prop-types': [ '15.7.15' ],
119 silly audit   '@types/react': [ '19.2.14' ],
119 silly audit   '@types/react-transition-group': [ '4.4.12' ],
119 silly audit   '@vitejs/plugin-react': [ '4.7.0' ],
119 silly audit   'aria-hidden': [ '1.2.6' ],
119 silly audit   'babel-plugin-macros': [ '3.1.0' ],
119 silly audit   'baseline-browser-mapping': [ '2.10.16' ],
119 silly audit   browserslist: [ '4.28.2' ],
119 silly audit   callsites: [ '3.1.0' ],
119 silly audit   'caniuse-lite': [ '1.0.30001786' ],
119 silly audit   'canvas-confetti': [ '1.9.4' ],
119 silly audit   chownr: [ '3.0.0' ],
119 silly audit   'class-variance-authority': [ '0.7.1' ],
119 silly audit   classnames: [ '2.5.1' ],
119 silly audit   clsx: [ '2.1.1' ],
119 silly audit   cmdk: [ '1.1.1' ],
119 silly audit   cookie: [ '1.1.1' ],
119 silly audit   cosmiconfig: [ '7.1.0' ],
119 silly audit   yaml: [ '1.10.3', '2.8.3' ],
119 silly audit   csstype: [ '3.2.3' ],
119 silly audit   'd3-array': [ '3.2.4' ],
119 silly audit   'd3-color': [ '3.1.0' ],
119 silly audit   'd3-ease': [ '3.0.1' ],
119 silly audit   'd3-format': [ '3.1.2' ],
119 silly audit   'd3-interpolate': [ '3.0.1' ],
119 silly audit   'd3-path': [ '3.1.0' ],
119 silly audit   'd3-scale': [ '4.0.2' ],
119 silly audit   'd3-shape': [ '3.2.0' ],
119 silly audit   'd3-time': [ '3.1.0' ],
119 silly audit   'd3-time-format': [ '4.1.0' ],
119 silly audit   'd3-timer': [ '3.0.1' ],
119 silly audit   'date-fns': [ '3.6.0' ],
119 silly audit   debug: [ '4.4.3' ],
119 silly audit   'decimal.js-light': [ '2.5.1' ],
119 silly audit   'detect-libc': [ '2.1.2' ],
119 silly audit   'detect-node-es': [ '1.1.0' ],
119 silly audit   'dnd-core': [ '16.0.1' ],
119 silly audit   'dom-helpers': [ '5.2.1' ],
119 silly audit   'electron-to-chromium': [ '1.5.332' ],
119 silly audit   'embla-carousel': [ '8.6.0' ],
119 silly audit   'embla-carousel-react': [ '8.6.0' ],
119 silly audit   'embla-carousel-reactive-utils': [ '8.6.0' ],
119 silly audit   'enhanced-resolve': [ '5.20.1' ],
119 silly audit   'error-ex': [ '1.3.4' ],
119 silly audit   esbuild: [ '0.25.12' ],
119 silly audit   escalade: [ '3.2.0' ],
119 silly audit   'escape-string-regexp': [ '4.0.0' ],
119 silly audit   eventemitter3: [ '4.0.7' ],
119 silly audit   'fast-deep-equal': [ '3.1.3' ],
119 silly audit   'fast-equals': [ '5.4.0' ],
119 silly audit   fdir: [ '6.5.0' ],
119 silly audit   'find-root': [ '1.1.0' ],
119 silly audit   'framer-motion': [ '12.38.0' ],
119 silly audit   fsevents: [ '2.3.3' ],
119 silly audit   'function-bind': [ '1.1.2' ],
119 silly audit   gensync: [ '1.0.0-beta.2' ],
119 silly audit   'get-nonce': [ '1.0.1' ],
119 silly audit   'graceful-fs': [ '4.2.11' ],
119 silly audit   hasown: [ '2.0.2' ],
119 silly audit   'hoist-non-react-statics': [ '3.3.2' ],
119 silly audit   'react-is': [ '16.13.1', '19.2.4', '18.3.1' ],
119 silly audit   'import-fresh': [ '3.3.1' ],
119 silly audit   'input-otp': [ '1.4.2' ],
119 silly audit   internmap: [ '2.0.3' ],
119 silly audit   'is-arrayish': [ '0.2.1' ],
119 silly audit   'is-core-module': [ '2.16.1' ],
119 silly audit   jiti: [ '2.6.1' ],
119 silly audit   'js-tokens': [ '4.0.0' ],
119 silly audit   jsesc: [ '3.1.0' ],
119 silly audit   'json-parse-even-better-errors': [ '2.3.1' ],
119 silly audit   json2mq: [ '0.2.0' ],
119 silly audit   json5: [ '2.2.3' ],
119 silly audit   lightningcss: [ '1.30.1' ],
119 silly audit   'lightningcss-darwin-arm64': [ '1.30.1' ],
119 silly audit   'lightningcss-darwin-x64': [ '1.30.1' ],
119 silly audit   'lightningcss-freebsd-x64': [ '1.30.1' ],
119 silly audit   'lightningcss-linux-arm-gnueabihf': [ '1.30.1' ],
119 silly audit   'lightningcss-linux-arm64-gnu': [ '1.30.1' ],
119 silly audit   'lightningcss-linux-arm64-musl': [ '1.30.1' ],
119 silly audit   'lightningcss-linux-x64-gnu': [ '1.30.1' ],
119 silly audit   'lightningcss-linux-x64-musl': [ '1.30.1' ],
119 silly audit   'lightningcss-win32-arm64-msvc': [ '1.30.1' ],
119 silly audit   'lightningcss-win32-x64-msvc': [ '1.30.1' ],
119 silly audit   'lines-and-columns': [ '1.2.4' ],
119 silly audit   lodash: [ '4.18.1' ],
119 silly audit   'lodash.debounce': [ '4.0.8' ],
119 silly audit   'loose-envify': [ '1.4.0' ],
119 silly audit   'lru-cache': [ '5.1.1' ],
119 silly audit   'lucide-react': [ '0.487.0' ],
119 silly audit   'magic-string': [ '0.30.21' ],
119 silly audit   minipass: [ '7.1.3' ],
119 silly audit   minizlib: [ '3.1.0' ],
119 silly audit   motion: [ '12.23.24' ],
119 silly audit   'motion-dom': [ '12.38.0' ],
119 silly audit   'motion-utils': [ '12.36.0' ],
119 silly audit   ms: [ '2.1.3' ],
119 silly audit   nanoid: [ '3.3.11' ],
119 silly audit   'next-themes': [ '0.4.6' ],
119 silly audit   'node-releases': [ '2.0.37' ],
119 silly audit   'object-assign': [ '4.1.1' ],
119 silly audit   'parent-module': [ '1.0.1' ],
119 silly audit   'parse-json': [ '5.2.0' ],
119 silly audit   'path-parse': [ '1.0.7' ],
119 silly audit   'path-type': [ '4.0.0' ],
119 silly audit   picocolors: [ '1.1.1' ],
119 silly audit   picomatch: [ '4.0.4' ],
119 silly audit   postcss: [ '8.5.8' ],
119 silly audit   'prop-types': [ '15.8.1' ],
119 silly audit   react: [ '18.3.1' ],
119 silly audit   'react-day-picker': [ '8.10.1' ],
119 silly audit   'react-dnd': [ '16.0.1' ],
119 silly audit   'react-dnd-html5-backend': [ '16.0.1' ],
119 silly audit   'react-dom': [ '18.3.1' ],
119 silly audit   'react-fast-compare': [ '3.2.2' ],
119 silly audit   'react-hook-form': [ '7.55.0' ],
119 silly audit   'react-popper': [ '2.3.0' ],
119 silly audit   'react-refresh': [ '0.17.0' ],
119 silly audit   'react-remove-scroll': [ '2.7.2' ],
119 silly audit   'react-remove-scroll-bar': [ '2.3.8' ],
119 silly audit   'react-resizable-panels': [ '2.1.7' ],
119 silly audit   'react-responsive-masonry': [ '2.7.1' ],
119 silly audit   'react-router': [ '7.13.0', '7.14.0' ],
119 silly audit   'react-slick': [ '0.31.0' ],
119 silly audit   'react-smooth': [ '4.0.4' ],
119 silly audit   'react-style-singleton': [ '2.2.3' ],
119 silly audit   'react-transition-group': [ '4.4.5' ],
119 silly audit   recharts: [ '2.15.2' ],
119 silly audit   'recharts-scale': [ '0.4.5' ],
119 silly audit   redux: [ '4.2.1' ],
119 silly audit   'resize-observer-polyfill': [ '1.5.1' ],
119 silly audit   resolve: [ '1.22.11' ],
119 silly audit   'resolve-from': [ '4.0.0' ],
119 silly audit   rollup: [ '4.60.1' ],
119 silly audit   scheduler: [ '0.23.2' ],
119 silly audit   semver: [ '6.3.1' ],
119 silly audit   'set-cookie-parser': [ '2.7.2' ],
119 silly audit   sonner: [ '2.0.3' ],
119 silly audit   'source-map': [ '0.5.7' ],
119 silly audit   'source-map-js': [ '1.2.1' ],
119 silly audit   'string-convert': [ '0.2.1' ],
119 silly audit   stylis: [ '4.2.0' ],
119 silly audit   'supports-preserve-symlinks-flag': [ '1.0.0' ],
119 silly audit   'tailwind-merge': [ '3.2.0' ],
119 silly audit   tailwindcss: [ '4.1.12' ],
119 silly audit   tapable: [ '2.3.2' ],
119 silly audit   tar: [ '7.5.13' ],
119 silly audit   yallist: [ '5.0.0', '3.1.1' ],
119 silly audit   'tiny-invariant': [ '1.3.3' ],
119 silly audit   tinyglobby: [ '0.2.15' ],
119 silly audit   tslib: [ '2.8.1' ],
119 silly audit   'tw-animate-css': [ '1.3.8' ],
119 silly audit   'update-browserslist-db': [ '1.2.3' ],
119 silly audit   'use-callback-ref': [ '1.3.3' ],
119 silly audit   'use-sidecar': [ '1.1.3' ],
119 silly audit   vaul: [ '1.1.2' ],
119 silly audit   'victory-vendor': [ '36.9.2' ],
119 silly audit   vite: [ '6.3.5' ],
119 silly audit   warning: [ '4.0.3' ],
119 silly audit   'react-router-dom': [ '7.14.0' ],
119 silly audit   xlsx: [ '0.18.5' ],
119 silly audit   'adler-32': [ '1.3.1' ],
119 silly audit   cfb: [ '1.2.2' ],
119 silly audit   codepage: [ '1.15.0' ],
119 silly audit   'crc-32': [ '1.2.2' ],
119 silly audit   ssf: [ '0.11.2' ],
119 silly audit   wmf: [ '1.0.2' ],
119 silly audit   word: [ '0.3.0' ],
119 silly audit   frac: [ '1.1.2' ],
119 silly audit   '@tailwindcss/oxide-wasm32-wasi': [ '4.1.12' ]
119 silly audit }
120 verbose reify failed optional dependency /Users/enyata/Downloads/Implement File Instructions/node_modules/lightningcss-win32-x64-msvc
121 silly reify mark deleted [
121 silly reify   '/Users/enyata/Downloads/Implement File Instructions/node_modules/lightningcss-win32-x64-msvc'
121 silly reify ]
122 verbose reify failed optional dependency /Users/enyata/Downloads/Implement File Instructions/node_modules/lightningcss-win32-arm64-msvc
123 silly reify mark deleted [
123 silly reify   '/Users/enyata/Downloads/Implement File Instructions/node_modules/lightningcss-win32-arm64-msvc'
123 silly reify ]
124 verbose reify failed optional dependency /Users/enyata/Downloads/Implement File Instructions/node_modules/lightningcss-linux-x64-musl
125 silly reify mark deleted [
125 silly reify   '/Users/enyata/Downloads/Implement File Instructions/node_modules/lightningcss-linux-x64-musl'
125 silly reify ]
126 verbose reify failed optional dependency /Users/enyata/Downloads/Implement File Instructions/node_modules/lightningcss-linux-x64-gnu
127 silly reify mark deleted [
127 silly reify   '/Users/enyata/Downloads/Implement File Instructions/node_modules/lightningcss-linux-x64-gnu'
127 silly reify ]
128 verbose reify failed optional dependency /Users/enyata/Downloads/Implement File Instructions/node_modules/lightningcss-linux-arm64-musl
129 silly reify mark deleted [
129 silly reify   '/Users/enyata/Downloads/Implement File Instructions/node_modules/lightningcss-linux-arm64-musl'
129 silly reify ]
130 verbose reify failed optional dependency /Users/enyata/Downloads/Implement File Instructions/node_modules/lightningcss-linux-arm64-gnu
131 silly reify mark deleted [
131 silly reify   '/Users/enyata/Downloads/Implement File Instructions/node_modules/lightningcss-linux-arm64-gnu'
131 silly reify ]
132 verbose reify failed optional dependency /Users/enyata/Downloads/Implement File Instructions/node_modules/lightningcss-linux-arm-gnueabihf
133 silly reify mark deleted [
133 silly reify   '/Users/enyata/Downloads/Implement File Instructions/node_modules/lightningcss-linux-arm-gnueabihf'
133 silly reify ]
134 verbose reify failed optional dependency /Users/enyata/Downloads/Implement File Instructions/node_modules/lightningcss-freebsd-x64
135 silly reify mark deleted [
135 silly reify   '/Users/enyata/Downloads/Implement File Instructions/node_modules/lightningcss-freebsd-x64'
135 silly reify ]
136 verbose reify failed optional dependency /Users/enyata/Downloads/Implement File Instructions/node_modules/lightningcss-darwin-arm64
137 silly reify mark deleted [
137 silly reify   '/Users/enyata/Downloads/Implement File Instructions/node_modules/lightningcss-darwin-arm64'
137 silly reify ]
138 verbose reify failed optional dependency /Users/enyata/Downloads/Implement File Instructions/node_modules/@tailwindcss/oxide-win32-x64-msvc
139 silly reify mark deleted [
139 silly reify   '/Users/enyata/Downloads/Implement File Instructions/node_modules/@tailwindcss/oxide-win32-x64-msvc'
139 silly reify ]
140 verbose reify failed optional dependency /Users/enyata/Downloads/Implement File Instructions/node_modules/@tailwindcss/oxide-win32-arm64-msvc
141 silly reify mark deleted [
141 silly reify   '/Users/enyata/Downloads/Implement File Instructions/node_modules/@tailwindcss/oxide-win32-arm64-msvc'
141 silly reify ]
142 verbose reify failed optional dependency /Users/enyata/Downloads/Implement File Instructions/node_modules/@tailwindcss/oxide-linux-x64-musl
143 silly reify mark deleted [
143 silly reify   '/Users/enyata/Downloads/Implement File Instructions/node_modules/@tailwindcss/oxide-linux-x64-musl'
143 silly reify ]
144 verbose reify failed optional dependency /Users/enyata/Downloads/Implement File Instructions/node_modules/@tailwindcss/oxide-linux-x64-gnu
145 silly reify mark deleted [
145 silly reify   '/Users/enyata/Downloads/Implement File Instructions/node_modules/@tailwindcss/oxide-linux-x64-gnu'
145 silly reify ]
146 verbose reify failed optional dependency /Users/enyata/Downloads/Implement File Instructions/node_modules/@tailwindcss/oxide-linux-arm64-musl
147 silly reify mark deleted [
147 silly reify   '/Users/enyata/Downloads/Implement File Instructions/node_modules/@tailwindcss/oxide-linux-arm64-musl'
147 silly reify ]
148 verbose reify failed optional dependency /Users/enyata/Downloads/Implement File Instructions/node_modules/@tailwindcss/oxide-linux-arm64-gnu
149 silly reify mark deleted [
149 silly reify   '/Users/enyata/Downloads/Implement File Instructions/node_modules/@tailwindcss/oxide-linux-arm64-gnu'
149 silly reify ]
150 verbose reify failed optional dependency /Users/enyata/Downloads/Implement File Instructions/node_modules/@tailwindcss/oxide-linux-arm-gnueabihf
151 silly reify mark deleted [
151 silly reify   '/Users/enyata/Downloads/Implement File Instructions/node_modules/@tailwindcss/oxide-linux-arm-gnueabihf'
151 silly reify ]
152 verbose reify failed optional dependency /Users/enyata/Downloads/Implement File Instructions/node_modules/@tailwindcss/oxide-freebsd-x64
153 silly reify mark deleted [
153 silly reify   '/Users/enyata/Downloads/Implement File Instructions/node_modules/@tailwindcss/oxide-freebsd-x64'
153 silly reify ]
154 verbose reify failed optional dependency /Users/enyata/Downloads/Implement File Instructions/node_modules/@tailwindcss/oxide-darwin-arm64
155 silly reify mark deleted [
155 silly reify   '/Users/enyata/Downloads/Implement File Instructions/node_modules/@tailwindcss/oxide-darwin-arm64'
155 silly reify ]
156 verbose reify failed optional dependency /Users/enyata/Downloads/Implement File Instructions/node_modules/@tailwindcss/oxide-android-arm64
157 silly reify mark deleted [
157 silly reify   '/Users/enyata/Downloads/Implement File Instructions/node_modules/@tailwindcss/oxide-android-arm64'
157 silly reify ]
158 verbose reify failed optional dependency /Users/enyata/Downloads/Implement File Instructions/node_modules/@rollup/rollup-win32-x64-msvc
159 silly reify mark deleted [
159 silly reify   '/Users/enyata/Downloads/Implement File Instructions/node_modules/@rollup/rollup-win32-x64-msvc'
159 silly reify ]
160 verbose reify failed optional dependency /Users/enyata/Downloads/Implement File Instructions/node_modules/@rollup/rollup-win32-x64-gnu
161 silly reify mark deleted [
161 silly reify   '/Users/enyata/Downloads/Implement File Instructions/node_modules/@rollup/rollup-win32-x64-gnu'
161 silly reify ]
162 verbose reify failed optional dependency /Users/enyata/Downloads/Implement File Instructions/node_modules/@rollup/rollup-win32-ia32-msvc
163 silly reify mark deleted [
163 silly reify   '/Users/enyata/Downloads/Implement File Instructions/node_modules/@rollup/rollup-win32-ia32-msvc'
163 silly reify ]
164 verbose reify failed optional dependency /Users/enyata/Downloads/Implement File Instructions/node_modules/@rollup/rollup-win32-arm64-msvc
165 silly reify mark deleted [
165 silly reify   '/Users/enyata/Downloads/Implement File Instructions/node_modules/@rollup/rollup-win32-arm64-msvc'
165 silly reify ]
166 verbose reify failed optional dependency /Users/enyata/Downloads/Implement File Instructions/node_modules/@rollup/rollup-openharmony-arm64
167 silly reify mark deleted [
167 silly reify   '/Users/enyata/Downloads/Implement File Instructions/node_modules/@rollup/rollup-openharmony-arm64'
167 silly reify ]
168 verbose reify failed optional dependency /Users/enyata/Downloads/Implement File Instructions/node_modules/@rollup/rollup-openbsd-x64
169 silly reify mark deleted [
169 silly reify   '/Users/enyata/Downloads/Implement File Instructions/node_modules/@rollup/rollup-openbsd-x64'
169 silly reify ]
170 verbose reify failed optional dependency /Users/enyata/Downloads/Implement File Instructions/node_modules/@rollup/rollup-linux-x64-musl
171 silly reify mark deleted [
171 silly reify   '/Users/enyata/Downloads/Implement File Instructions/node_modules/@rollup/rollup-linux-x64-musl'
171 silly reify ]
172 verbose reify failed optional dependency /Users/enyata/Downloads/Implement File Instructions/node_modules/@rollup/rollup-linux-x64-gnu
173 silly reify mark deleted [
173 silly reify   '/Users/enyata/Downloads/Implement File Instructions/node_modules/@rollup/rollup-linux-x64-gnu'
173 silly reify ]
174 verbose reify failed optional dependency /Users/enyata/Downloads/Implement File Instructions/node_modules/@rollup/rollup-linux-s390x-gnu
175 silly reify mark deleted [
175 silly reify   '/Users/enyata/Downloads/Implement File Instructions/node_modules/@rollup/rollup-linux-s390x-gnu'
175 silly reify ]
176 verbose reify failed optional dependency /Users/enyata/Downloads/Implement File Instructions/node_modules/@rollup/rollup-linux-riscv64-musl
177 silly reify mark deleted [
177 silly reify   '/Users/enyata/Downloads/Implement File Instructions/node_modules/@rollup/rollup-linux-riscv64-musl'
177 silly reify ]
178 verbose reify failed optional dependency /Users/enyata/Downloads/Implement File Instructions/node_modules/@rollup/rollup-linux-riscv64-gnu
179 silly reify mark deleted [
179 silly reify   '/Users/enyata/Downloads/Implement File Instructions/node_modules/@rollup/rollup-linux-riscv64-gnu'
179 silly reify ]
180 verbose reify failed optional dependency /Users/enyata/Downloads/Implement File Instructions/node_modules/@rollup/rollup-linux-ppc64-musl
181 silly reify mark deleted [
181 silly reify   '/Users/enyata/Downloads/Implement File Instructions/node_modules/@rollup/rollup-linux-ppc64-musl'
181 silly reify ]
182 verbose reify failed optional dependency /Users/enyata/Downloads/Implement File Instructions/node_modules/@rollup/rollup-linux-ppc64-gnu
183 silly reify mark deleted [
183 silly reify   '/Users/enyata/Downloads/Implement File Instructions/node_modules/@rollup/rollup-linux-ppc64-gnu'
183 silly reify ]
184 verbose reify failed optional dependency /Users/enyata/Downloads/Implement File Instructions/node_modules/@rollup/rollup-linux-loong64-musl
185 silly reify mark deleted [
185 silly reify   '/Users/enyata/Downloads/Implement File Instructions/node_modules/@rollup/rollup-linux-loong64-musl'
185 silly reify ]
186 verbose reify failed optional dependency /Users/enyata/Downloads/Implement File Instructions/node_modules/@rollup/rollup-linux-loong64-gnu
187 silly reify mark deleted [
187 silly reify   '/Users/enyata/Downloads/Implement File Instructions/node_modules/@rollup/rollup-linux-loong64-gnu'
187 silly reify ]
188 verbose reify failed optional dependency /Users/enyata/Downloads/Implement File Instructions/node_modules/@rollup/rollup-linux-arm64-musl
189 silly reify mark deleted [
189 silly reify   '/Users/enyata/Downloads/Implement File Instructions/node_modules/@rollup/rollup-linux-arm64-musl'
189 silly reify ]
190 verbose reify failed optional dependency /Users/enyata/Downloads/Implement File Instructions/node_modules/@rollup/rollup-linux-arm64-gnu
191 silly reify mark deleted [
191 silly reify   '/Users/enyata/Downloads/Implement File Instructions/node_modules/@rollup/rollup-linux-arm64-gnu'
191 silly reify ]
192 verbose reify failed optional dependency /Users/enyata/Downloads/Implement File Instructions/node_modules/@rollup/rollup-linux-arm-musleabihf
193 silly reify mark deleted [
193 silly reify   '/Users/enyata/Downloads/Implement File Instructions/node_modules/@rollup/rollup-linux-arm-musleabihf'
193 silly reify ]
194 verbose reify failed optional dependency /Users/enyata/Downloads/Implement File Instructions/node_modules/@rollup/rollup-linux-arm-gnueabihf
195 silly reify mark deleted [
195 silly reify   '/Users/enyata/Downloads/Implement File Instructions/node_modules/@rollup/rollup-linux-arm-gnueabihf'
195 silly reify ]
196 verbose reify failed optional dependency /Users/enyata/Downloads/Implement File Instructions/node_modules/@rollup/rollup-freebsd-x64
197 silly reify mark deleted [
197 silly reify   '/Users/enyata/Downloads/Implement File Instructions/node_modules/@rollup/rollup-freebsd-x64'
197 silly reify ]
198 verbose reify failed optional dependency /Users/enyata/Downloads/Implement File Instructions/node_modules/@rollup/rollup-freebsd-arm64
199 silly reify mark deleted [
199 silly reify   '/Users/enyata/Downloads/Implement File Instructions/node_modules/@rollup/rollup-freebsd-arm64'
199 silly reify ]
200 verbose reify failed optional dependency /Users/enyata/Downloads/Implement File Instructions/node_modules/@rollup/rollup-darwin-arm64
201 silly reify mark deleted [
201 silly reify   '/Users/enyata/Downloads/Implement File Instructions/node_modules/@rollup/rollup-darwin-arm64'
201 silly reify ]
202 verbose reify failed optional dependency /Users/enyata/Downloads/Implement File Instructions/node_modules/@rollup/rollup-android-arm64
203 silly reify mark deleted [
203 silly reify   '/Users/enyata/Downloads/Implement File Instructions/node_modules/@rollup/rollup-android-arm64'
203 silly reify ]
204 verbose reify failed optional dependency /Users/enyata/Downloads/Implement File Instructions/node_modules/@rollup/rollup-android-arm-eabi
205 silly reify mark deleted [
205 silly reify   '/Users/enyata/Downloads/Implement File Instructions/node_modules/@rollup/rollup-android-arm-eabi'
205 silly reify ]
206 verbose reify failed optional dependency /Users/enyata/Downloads/Implement File Instructions/node_modules/@esbuild/win32-x64
207 silly reify mark deleted [
207 silly reify   '/Users/enyata/Downloads/Implement File Instructions/node_modules/@esbuild/win32-x64'
207 silly reify ]
208 verbose reify failed optional dependency /Users/enyata/Downloads/Implement File Instructions/node_modules/@esbuild/win32-ia32
209 silly reify mark deleted [
209 silly reify   '/Users/enyata/Downloads/Implement File Instructions/node_modules/@esbuild/win32-ia32'
209 silly reify ]
210 verbose reify failed optional dependency /Users/enyata/Downloads/Implement File Instructions/node_modules/@esbuild/win32-arm64
211 silly reify mark deleted [
211 silly reify   '/Users/enyata/Downloads/Implement File Instructions/node_modules/@esbuild/win32-arm64'
211 silly reify ]
212 verbose reify failed optional dependency /Users/enyata/Downloads/Implement File Instructions/node_modules/@esbuild/sunos-x64
213 silly reify mark deleted [
213 silly reify   '/Users/enyata/Downloads/Implement File Instructions/node_modules/@esbuild/sunos-x64'
213 silly reify ]
214 verbose reify failed optional dependency /Users/enyata/Downloads/Implement File Instructions/node_modules/@esbuild/openharmony-arm64
215 silly reify mark deleted [
215 silly reify   '/Users/enyata/Downloads/Implement File Instructions/node_modules/@esbuild/openharmony-arm64'
215 silly reify ]
216 verbose reify failed optional dependency /Users/enyata/Downloads/Implement File Instructions/node_modules/@esbuild/openbsd-x64
217 silly reify mark deleted [
217 silly reify   '/Users/enyata/Downloads/Implement File Instructions/node_modules/@esbuild/openbsd-x64'
217 silly reify ]
218 verbose reify failed optional dependency /Users/enyata/Downloads/Implement File Instructions/node_modules/@esbuild/openbsd-arm64
219 silly reify mark deleted [
219 silly reify   '/Users/enyata/Downloads/Implement File Instructions/node_modules/@esbuild/openbsd-arm64'
219 silly reify ]
220 verbose reify failed optional dependency /Users/enyata/Downloads/Implement File Instructions/node_modules/@esbuild/netbsd-x64
221 silly reify mark deleted [
221 silly reify   '/Users/enyata/Downloads/Implement File Instructions/node_modules/@esbuild/netbsd-x64'
221 silly reify ]
222 verbose reify failed optional dependency /Users/enyata/Downloads/Implement File Instructions/node_modules/@esbuild/netbsd-arm64
223 silly reify mark deleted [
223 silly reify   '/Users/enyata/Downloads/Implement File Instructions/node_modules/@esbuild/netbsd-arm64'
223 silly reify ]
224 verbose reify failed optional dependency /Users/enyata/Downloads/Implement File Instructions/node_modules/@esbuild/linux-x64
225 silly reify mark deleted [
225 silly reify   '/Users/enyata/Downloads/Implement File Instructions/node_modules/@esbuild/linux-x64'
225 silly reify ]
226 verbose reify failed optional dependency /Users/enyata/Downloads/Implement File Instructions/node_modules/@esbuild/linux-s390x
227 silly reify mark deleted [
227 silly reify   '/Users/enyata/Downloads/Implement File Instructions/node_modules/@esbuild/linux-s390x'
227 silly reify ]
228 verbose reify failed optional dependency /Users/enyata/Downloads/Implement File Instructions/node_modules/@esbuild/linux-riscv64
229 silly reify mark deleted [
229 silly reify   '/Users/enyata/Downloads/Implement File Instructions/node_modules/@esbuild/linux-riscv64'
229 silly reify ]
230 verbose reify failed optional dependency /Users/enyata/Downloads/Implement File Instructions/node_modules/@esbuild/linux-ppc64
231 silly reify mark deleted [
231 silly reify   '/Users/enyata/Downloads/Implement File Instructions/node_modules/@esbuild/linux-ppc64'
231 silly reify ]
232 verbose reify failed optional dependency /Users/enyata/Downloads/Implement File Instructions/node_modules/@esbuild/linux-mips64el
233 silly reify mark deleted [
233 silly reify   '/Users/enyata/Downloads/Implement File Instructions/node_modules/@esbuild/linux-mips64el'
233 silly reify ]
234 verbose reify failed optional dependency /Users/enyata/Downloads/Implement File Instructions/node_modules/@esbuild/linux-loong64
235 silly reify mark deleted [
235 silly reify   '/Users/enyata/Downloads/Implement File Instructions/node_modules/@esbuild/linux-loong64'
235 silly reify ]
236 verbose reify failed optional dependency /Users/enyata/Downloads/Implement File Instructions/node_modules/@esbuild/linux-ia32
237 silly reify mark deleted [
237 silly reify   '/Users/enyata/Downloads/Implement File Instructions/node_modules/@esbuild/linux-ia32'
237 silly reify ]
238 verbose reify failed optional dependency /Users/enyata/Downloads/Implement File Instructions/node_modules/@esbuild/linux-arm64
239 silly reify mark deleted [
239 silly reify   '/Users/enyata/Downloads/Implement File Instructions/node_modules/@esbuild/linux-arm64'
239 silly reify ]
240 verbose reify failed optional dependency /Users/enyata/Downloads/Implement File Instructions/node_modules/@esbuild/linux-arm
241 silly reify mark deleted [
241 silly reify   '/Users/enyata/Downloads/Implement File Instructions/node_modules/@esbuild/linux-arm'
241 silly reify ]
242 verbose reify failed optional dependency /Users/enyata/Downloads/Implement File Instructions/node_modules/@esbuild/freebsd-x64
243 silly reify mark deleted [
243 silly reify   '/Users/enyata/Downloads/Implement File Instructions/node_modules/@esbuild/freebsd-x64'
243 silly reify ]
244 verbose reify failed optional dependency /Users/enyata/Downloads/Implement File Instructions/node_modules/@esbuild/freebsd-arm64
245 silly reify mark deleted [
245 silly reify   '/Users/enyata/Downloads/Implement File Instructions/node_modules/@esbuild/freebsd-arm64'
245 silly reify ]
246 verbose reify failed optional dependency /Users/enyata/Downloads/Implement File Instructions/node_modules/@esbuild/darwin-arm64
247 silly reify mark deleted [
247 silly reify   '/Users/enyata/Downloads/Implement File Instructions/node_modules/@esbuild/darwin-arm64'
247 silly reify ]
248 verbose reify failed optional dependency /Users/enyata/Downloads/Implement File Instructions/node_modules/@esbuild/android-x64
249 silly reify mark deleted [
249 silly reify   '/Users/enyata/Downloads/Implement File Instructions/node_modules/@esbuild/android-x64'
249 silly reify ]
250 verbose reify failed optional dependency /Users/enyata/Downloads/Implement File Instructions/node_modules/@esbuild/android-arm64
251 silly reify mark deleted [
251 silly reify   '/Users/enyata/Downloads/Implement File Instructions/node_modules/@esbuild/android-arm64'
251 silly reify ]
252 verbose reify failed optional dependency /Users/enyata/Downloads/Implement File Instructions/node_modules/@esbuild/android-arm
253 silly reify mark deleted [
253 silly reify   '/Users/enyata/Downloads/Implement File Instructions/node_modules/@esbuild/android-arm'
253 silly reify ]
254 verbose reify failed optional dependency /Users/enyata/Downloads/Implement File Instructions/node_modules/@esbuild/aix-ppc64
255 silly reify mark deleted [
255 silly reify   '/Users/enyata/Downloads/Implement File Instructions/node_modules/@esbuild/aix-ppc64'
255 silly reify ]
256 timing reifyNode:node_modules/lightningcss-win32-x64-msvc Completed in 18ms
257 timing reifyNode:node_modules/lightningcss-win32-arm64-msvc Completed in 18ms
258 timing reifyNode:node_modules/lightningcss-linux-x64-musl Completed in 18ms
259 timing reifyNode:node_modules/lightningcss-linux-x64-gnu Completed in 18ms
260 timing reifyNode:node_modules/lightningcss-linux-arm64-musl Completed in 18ms
261 timing reifyNode:node_modules/lightningcss-linux-arm64-gnu Completed in 18ms
262 timing reifyNode:node_modules/lightningcss-linux-arm-gnueabihf Completed in 18ms
263 timing reifyNode:node_modules/lightningcss-freebsd-x64 Completed in 19ms
264 timing reifyNode:node_modules/lightningcss-darwin-arm64 Completed in 19ms
265 timing reifyNode:node_modules/@tailwindcss/oxide-win32-x64-msvc Completed in 19ms
266 timing reifyNode:node_modules/@tailwindcss/oxide-win32-arm64-msvc Completed in 19ms
267 timing reifyNode:node_modules/@tailwindcss/oxide-linux-x64-musl Completed in 18ms
268 timing reifyNode:node_modules/@tailwindcss/oxide-linux-x64-gnu Completed in 18ms
269 timing reifyNode:node_modules/@tailwindcss/oxide-linux-arm64-musl Completed in 18ms
270 timing reifyNode:node_modules/@tailwindcss/oxide-linux-arm64-gnu Completed in 18ms
271 timing reifyNode:node_modules/@tailwindcss/oxide-linux-arm-gnueabihf Completed in 18ms
272 timing reifyNode:node_modules/@tailwindcss/oxide-freebsd-x64 Completed in 19ms
273 timing reifyNode:node_modules/@tailwindcss/oxide-darwin-arm64 Completed in 19ms
274 timing reifyNode:node_modules/@tailwindcss/oxide-android-arm64 Completed in 19ms
275 timing reifyNode:node_modules/@rollup/rollup-win32-x64-msvc Completed in 19ms
276 timing reifyNode:node_modules/@rollup/rollup-win32-x64-gnu Completed in 19ms
277 timing reifyNode:node_modules/@rollup/rollup-win32-ia32-msvc Completed in 19ms
278 timing reifyNode:node_modules/@rollup/rollup-win32-arm64-msvc Completed in 19ms
279 timing reifyNode:node_modules/@rollup/rollup-openharmony-arm64 Completed in 19ms
280 timing reifyNode:node_modules/@rollup/rollup-openbsd-x64 Completed in 19ms
281 timing reifyNode:node_modules/@rollup/rollup-linux-x64-musl Completed in 19ms
282 timing reifyNode:node_modules/@rollup/rollup-linux-x64-gnu Completed in 18ms
283 timing reifyNode:node_modules/@rollup/rollup-linux-s390x-gnu Completed in 18ms
284 timing reifyNode:node_modules/@rollup/rollup-linux-riscv64-musl Completed in 18ms
285 timing reifyNode:node_modules/@rollup/rollup-linux-riscv64-gnu Completed in 19ms
286 timing reifyNode:node_modules/@rollup/rollup-linux-ppc64-musl Completed in 19ms
287 timing reifyNode:node_modules/@rollup/rollup-linux-ppc64-gnu Completed in 19ms
288 timing reifyNode:node_modules/@rollup/rollup-linux-loong64-musl Completed in 19ms
289 timing reifyNode:node_modules/@rollup/rollup-linux-loong64-gnu Completed in 19ms
290 timing reifyNode:node_modules/@rollup/rollup-linux-arm64-musl Completed in 19ms
291 timing reifyNode:node_modules/@rollup/rollup-linux-arm64-gnu Completed in 19ms
292 timing reifyNode:node_modules/@rollup/rollup-linux-arm-musleabihf Completed in 19ms
293 timing reifyNode:node_modules/@rollup/rollup-linux-arm-gnueabihf Completed in 19ms
294 timing reifyNode:node_modules/@rollup/rollup-freebsd-x64 Completed in 19ms
295 timing reifyNode:node_modules/@rollup/rollup-freebsd-arm64 Completed in 19ms
296 timing reifyNode:node_modules/@rollup/rollup-darwin-arm64 Completed in 19ms
297 timing reifyNode:node_modules/@rollup/rollup-android-arm64 Completed in 18ms
298 timing reifyNode:node_modules/@rollup/rollup-android-arm-eabi Completed in 18ms
299 timing reifyNode:node_modules/@esbuild/win32-x64 Completed in 18ms
300 timing reifyNode:node_modules/@esbuild/win32-ia32 Completed in 18ms
301 timing reifyNode:node_modules/@esbuild/win32-arm64 Completed in 19ms
302 timing reifyNode:node_modules/@esbuild/sunos-x64 Completed in 19ms
303 timing reifyNode:node_modules/@esbuild/openharmony-arm64 Completed in 19ms
304 timing reifyNode:node_modules/@esbuild/openbsd-x64 Completed in 19ms
305 timing reifyNode:node_modules/@esbuild/openbsd-arm64 Completed in 18ms
306 timing reifyNode:node_modules/@esbuild/netbsd-x64 Completed in 18ms
307 timing reifyNode:node_modules/@esbuild/netbsd-arm64 Completed in 18ms
308 timing reifyNode:node_modules/@esbuild/linux-x64 Completed in 18ms
309 timing reifyNode:node_modules/@esbuild/linux-s390x Completed in 19ms
310 timing reifyNode:node_modules/@esbuild/linux-riscv64 Completed in 19ms
311 timing reifyNode:node_modules/@esbuild/linux-ppc64 Completed in 19ms
312 timing reifyNode:node_modules/@esbuild/linux-mips64el Completed in 19ms
313 timing reifyNode:node_modules/@esbuild/linux-loong64 Completed in 19ms
314 timing reifyNode:node_modules/@esbuild/linux-ia32 Completed in 19ms
315 timing reifyNode:node_modules/@esbuild/linux-arm64 Completed in 19ms
316 timing reifyNode:node_modules/@esbuild/linux-arm Completed in 19ms
317 timing reifyNode:node_modules/@esbuild/freebsd-x64 Completed in 18ms
318 timing reifyNode:node_modules/@esbuild/freebsd-arm64 Completed in 18ms
319 timing reifyNode:node_modules/@esbuild/darwin-arm64 Completed in 18ms
320 timing reifyNode:node_modules/@esbuild/android-x64 Completed in 19ms
321 timing reifyNode:node_modules/@esbuild/android-arm64 Completed in 19ms
322 timing reifyNode:node_modules/@esbuild/android-arm Completed in 19ms
323 timing reifyNode:node_modules/@esbuild/aix-ppc64 Completed in 19ms
324 silly tarball no local data for word@https://registry.npmjs.org/word/-/word-0.3.0.tgz. Extracting by manifest.
325 silly tarball no local data for crc-32@https://registry.npmjs.org/crc-32/-/crc-32-1.2.2.tgz. Extracting by manifest.
326 silly tarball no local data for codepage@https://registry.npmjs.org/codepage/-/codepage-1.15.0.tgz. Extracting by manifest.
327 silly tarball no local data for cfb@https://registry.npmjs.org/cfb/-/cfb-1.2.2.tgz. Extracting by manifest.
328 silly tarball no local data for adler-32@https://registry.npmjs.org/adler-32/-/adler-32-1.3.1.tgz. Extracting by manifest.
329 silly tarball no local data for xlsx@https://registry.npmjs.org/xlsx/-/xlsx-0.18.5.tgz. Extracting by manifest.
330 silly tarball no local data for react-router-dom@https://registry.npmjs.org/react-router-dom/-/react-router-dom-7.14.0.tgz. Extracting by manifest.
331 silly tarball no local data for ssf@https://registry.npmjs.org/ssf/-/ssf-0.11.2.tgz. Extracting by manifest.
332 silly tarball no local data for react-router@https://registry.npmjs.org/react-router/-/react-router-7.14.0.tgz. Extracting by manifest.
333 silly tarball no local data for wmf@https://registry.npmjs.org/wmf/-/wmf-1.0.2.tgz. Extracting by manifest.
334 silly tarball no local data for frac@https://registry.npmjs.org/frac/-/frac-1.1.2.tgz. Extracting by manifest.
335 http fetch GET 200 https://registry.npmjs.org/word/-/word-0.3.0.tgz 210ms (cache miss)
336 timing reifyNode:node_modules/word Completed in 250ms
337 http fetch GET 200 https://registry.npmjs.org/crc-32/-/crc-32-1.2.2.tgz 237ms (cache miss)
338 timing reifyNode:node_modules/crc-32 Completed in 281ms
339 http fetch GET 200 https://registry.npmjs.org/react-router-dom/-/react-router-dom-7.14.0.tgz 229ms (cache miss)
340 timing reifyNode:node_modules/react-router-dom Completed in 276ms
341 http fetch GET 200 https://registry.npmjs.org/adler-32/-/adler-32-1.3.1.tgz 233ms (cache miss)
342 timing reifyNode:node_modules/adler-32 Completed in 284ms
343 http fetch POST 200 https://registry.npmjs.org/-/npm/v1/security/advisories/bulk 582ms
344 timing auditReport:getReport Completed in 586ms
345 silly audit report {
345 silly audit report   vite: [
345 silly audit report     {
345 silly audit report       id: 1107324,
345 silly audit report       url: 'https://github.com/advisories/GHSA-g4jq-h2w9-997c',
345 silly audit report       title: 'Vite middleware may serve files starting with the same name with the public directory',
345 silly audit report       severity: 'low',
345 silly audit report       vulnerable_versions: '>=6.0.0 <=6.3.5',
345 silly audit report       cwe: [Array],
345 silly audit report       cvss: [Object]
345 silly audit report     },
345 silly audit report     {
345 silly audit report       id: 1107328,
345 silly audit report       url: 'https://github.com/advisories/GHSA-jqfw-vq24-v9c3',
345 silly audit report       title: "Vite's `server.fs` settings were not applied to HTML files",
345 silly audit report       severity: 'low',
345 silly audit report       vulnerable_versions: '>=6.0.0 <=6.3.5',
345 silly audit report       cwe: [Array],
345 silly audit report       cvss: [Object]
345 silly audit report     },
345 silly audit report     {
345 silly audit report       id: 1109135,
345 silly audit report       url: 'https://github.com/advisories/GHSA-93m4-6634-74q7',
345 silly audit report       title: 'vite allows server.fs.deny bypass via backslash on Windows',
345 silly audit report       severity: 'moderate',
345 silly audit report       vulnerable_versions: '>=6.0.0 <=6.4.0',
345 silly audit report       cwe: [Array],
345 silly audit report       cvss: [Object]
345 silly audit report     },
345 silly audit report     {
345 silly audit report       id: 1116229,
345 silly audit report       url: 'https://github.com/advisories/GHSA-4w7w-66w2-5vf9',
345 silly audit report       title: 'Vite Vulnerable to Path Traversal in Optimized Deps `.map` Handling',
345 silly audit report       severity: 'moderate',
345 silly audit report       vulnerable_versions: '<=6.4.1',
345 silly audit report       cwe: [Array],
345 silly audit report       cvss: [Object]
345 silly audit report     },
345 silly audit report     {
345 silly audit report       id: 1116234,
345 silly audit report       url: 'https://github.com/advisories/GHSA-p9ff-h696-f583',
345 silly audit report       title: 'Vite Vulnerable to Arbitrary File Read via Vite Dev Server WebSocket',
345 silly audit report       severity: 'high',
345 silly audit report       vulnerable_versions: '>=6.0.0 <=6.4.1',
345 silly audit report       cwe: [Array],
345 silly audit report       cvss: [Object]
345 silly audit report     }
345 silly audit report   ],
345 silly audit report   xlsx: [
345 silly audit report     {
345 silly audit report       id: 1108110,
345 silly audit report       url: 'https://github.com/advisories/GHSA-4r6h-8v6p-xvw6',
345 silly audit report       title: 'Prototype Pollution in sheetJS',
345 silly audit report       severity: 'high',
345 silly audit report       vulnerable_versions: '<0.19.3',
345 silly audit report       cwe: [Array],
345 silly audit report       cvss: [Object]
345 silly audit report     },
345 silly audit report     {
345 silly audit report       id: 1108111,
345 silly audit report       url: 'https://github.com/advisories/GHSA-5pgg-2g8v-p4x9',
345 silly audit report       title: 'SheetJS Regular Expression Denial of Service (ReDoS)',
345 silly audit report       severity: 'high',
345 silly audit report       vulnerable_versions: '<0.20.2',
345 silly audit report       cwe: [Array],
345 silly audit report       cvss: [Object]
345 silly audit report     }
345 silly audit report   ]
345 silly audit report }
346 timing metavuln:packument:xlsx Completed in 0ms
347 timing metavuln:cache:get:security-advisory:xlsx:swOxmZADZpt7eHfn64Mi1dWv/TgPtf/jP8wYjroBAL7VARwb4IxiG3QjP82lizsySczW06PmrC02c1NL6qfAzQ== Completed in 1ms
348 timing metavuln:load:security-advisory:xlsx:1108110 Completed in 4ms
349 timing metavuln:cache:get:security-advisory:xlsx:Vu58ogjFbCN4Q9DesKCH1iyvqHHd3/98MmWqkGo00tnXQgkenwl3+dfcbbqZqjpDVdvuVn0DxQ1UNghJIRKmqw== Completed in 7ms
350 timing metavuln:load:security-advisory:xlsx:1108111 Completed in 3ms
351 timing metavuln:cache:get:security-advisory:vite:Tg1igN5ImUILB7iL3lCsdCfvryCmdwXKQoLrV9oZh5qkz8tTcdwqqtt4Gpb4Z+ybfbkRa+CBnUNY2uVy1+5EAA== Completed in 19ms
352 timing metavuln:cache:get:security-advisory:vite:0uerD0bg2wLpA2p8gFFFUIFeutSBDzFl98dN45i4u1EYj3EvJW03UyjO7tQ7Nk8yLBSi8rbvxI4k8C+oCGWubg== Completed in 18ms
353 timing metavuln:cache:get:security-advisory:vite:lhMAfW6KGSgCoRssD7e9LUKdutS+l4nPk6asDknTsbkWI2UMyL0z8LPAXleuo5qPagcVjQxgCtMH3fz1kzkSYA== Completed in 18ms
354 timing metavuln:cache:get:security-advisory:vite:I1BdsVrQ8+F0Nz5pjiEY7gYSFBzvKNwOR8nQyg9euOprN34SC4VipJH1GMc8WCRl+e0xZWGr2QiYwiNwqO4gag== Completed in 18ms
355 timing metavuln:cache:get:security-advisory:vite:NrX8Kp1+Hvd4wvEsS+lQHlOeCmhHudEeMSpjy9BuW2CaPgMCcTb+azDYWI3SEwQXj582+iuKbuJSaWmAaLYLNw== Completed in 19ms
356 timing metavuln:cache:put:security-advisory:xlsx:swOxmZADZpt7eHfn64Mi1dWv/TgPtf/jP8wYjroBAL7VARwb4IxiG3QjP82lizsySczW06PmrC02c1NL6qfAzQ== Completed in 17ms
357 timing metavuln:calculate:security-advisory:xlsx:1108110 Completed in 25ms
358 timing metavuln:cache:put:security-advisory:xlsx:Vu58ogjFbCN4Q9DesKCH1iyvqHHd3/98MmWqkGo00tnXQgkenwl3+dfcbbqZqjpDVdvuVn0DxQ1UNghJIRKmqw== Completed in 14ms
359 timing metavuln:calculate:security-advisory:xlsx:1108111 Completed in 24ms
360 http fetch GET 200 https://registry.npmjs.org/cfb/-/cfb-1.2.2.tgz 941ms (cache miss)
361 timing reifyNode:node_modules/cfb Completed in 989ms
362 http fetch GET 200 https://registry.npmjs.org/ssf/-/ssf-0.11.2.tgz 946ms (cache miss)
363 timing reifyNode:node_modules/ssf Completed in 1005ms
364 http fetch GET 200 https://registry.npmjs.org/wmf/-/wmf-1.0.2.tgz 1147ms (cache miss)
365 timing reifyNode:node_modules/wmf Completed in 1215ms
366 http fetch GET 200 https://registry.npmjs.org/frac/-/frac-1.1.2.tgz 1263ms (cache miss)
367 timing reifyNode:node_modules/frac Completed in 1329ms
368 http fetch GET 200 https://registry.npmjs.org/vite 1487ms (cache updated)
369 timing metavuln:packument:vite Completed in 1507ms
370 timing metavuln:load:security-advisory:vite:1107324 Completed in 11ms
371 timing metavuln:load:security-advisory:vite:1107328 Completed in 4ms
372 timing metavuln:load:security-advisory:vite:1109135 Completed in 4ms
373 timing metavuln:load:security-advisory:vite:1116229 Completed in 6ms
374 timing metavuln:load:security-advisory:vite:1116234 Completed in 10ms
375 timing metavuln:cache:put:security-advisory:vite:Tg1igN5ImUILB7iL3lCsdCfvryCmdwXKQoLrV9oZh5qkz8tTcdwqqtt4Gpb4Z+ybfbkRa+CBnUNY2uVy1+5EAA== Completed in 85ms
376 timing metavuln:calculate:security-advisory:vite:1107324 Completed in 1612ms
377 timing metavuln:cache:put:security-advisory:vite:NrX8Kp1+Hvd4wvEsS+lQHlOeCmhHudEeMSpjy9BuW2CaPgMCcTb+azDYWI3SEwQXj582+iuKbuJSaWmAaLYLNw== Completed in 66ms
378 timing metavuln:calculate:security-advisory:vite:1116234 Completed in 1612ms
379 timing metavuln:cache:put:security-advisory:vite:0uerD0bg2wLpA2p8gFFFUIFeutSBDzFl98dN45i4u1EYj3EvJW03UyjO7tQ7Nk8yLBSi8rbvxI4k8C+oCGWubg== Completed in 88ms
380 timing metavuln:calculate:security-advisory:vite:1107328 Completed in 1612ms
381 timing metavuln:cache:put:security-advisory:vite:lhMAfW6KGSgCoRssD7e9LUKdutS+l4nPk6asDknTsbkWI2UMyL0z8LPAXleuo5qPagcVjQxgCtMH3fz1kzkSYA== Completed in 87ms
382 timing metavuln:calculate:security-advisory:vite:1109135 Completed in 1616ms
383 timing metavuln:cache:put:security-advisory:vite:I1BdsVrQ8+F0Nz5pjiEY7gYSFBzvKNwOR8nQyg9euOprN34SC4VipJH1GMc8WCRl+e0xZWGr2QiYwiNwqO4gag== Completed in 81ms
384 timing metavuln:calculate:security-advisory:vite:1116229 Completed in 1616ms
385 timing metavuln:cache:get:security-advisory:@vitejs/plugin-react:MVOGFBRHsZgBtr/ZmFfXJcrR1ECgniAAy3KSuhgUZ+LEJG4qmAPN6myIG8bhDb8tzwGkH+59oesT9j+BIxrDcw== Completed in 15ms
386 timing metavuln:cache:get:security-advisory:@tailwindcss/vite:1ztbvYzRBkHmt5RcSQRGJ3aXfyWEowu+TER58Z1iRDCVy7Kfa7oGb8l9g+2fMUJ0YJUvLwOCAJVtHIkIK/RhYw== Completed in 17ms
387 http fetch GET 200 https://registry.npmjs.org/@vitejs%2fplugin-react 691ms (cache revalidated)
388 timing metavuln:packument:@vitejs/plugin-react Completed in 692ms
389 timing metavuln:load:security-advisory:@vitejs/plugin-react:Tg1igN5ImUILB7iL3lCsdCfvryCmdwXKQoLrV9oZh5qkz8tTcdwqqtt4Gpb4Z+ybfbkRa+CBnUNY2uVy1+5EAA== Completed in 48ms
390 http fetch GET 200 https://registry.npmjs.org/@tailwindcss%2fvite 758ms (cache revalidated)
391 timing metavuln:packument:@tailwindcss/vite Completed in 781ms
392 timing metavuln:load:security-advisory:@tailwindcss/vite:Tg1igN5ImUILB7iL3lCsdCfvryCmdwXKQoLrV9oZh5qkz8tTcdwqqtt4Gpb4Z+ybfbkRa+CBnUNY2uVy1+5EAA== Completed in 40ms
393 timing metavuln:cache:put:security-advisory:@tailwindcss/vite:1ztbvYzRBkHmt5RcSQRGJ3aXfyWEowu+TER58Z1iRDCVy7Kfa7oGb8l9g+2fMUJ0YJUvLwOCAJVtHIkIK/RhYw== Completed in 8ms
394 timing metavuln:calculate:security-advisory:@tailwindcss/vite:Tg1igN5ImUILB7iL3lCsdCfvryCmdwXKQoLrV9oZh5qkz8tTcdwqqtt4Gpb4Z+ybfbkRa+CBnUNY2uVy1+5EAA== Completed in 829ms
395 timing metavuln:cache:put:security-advisory:@vitejs/plugin-react:MVOGFBRHsZgBtr/ZmFfXJcrR1ECgniAAy3KSuhgUZ+LEJG4qmAPN6myIG8bhDb8tzwGkH+59oesT9j+BIxrDcw== Completed in 73ms
396 timing metavuln:calculate:security-advisory:@vitejs/plugin-react:Tg1igN5ImUILB7iL3lCsdCfvryCmdwXKQoLrV9oZh5qkz8tTcdwqqtt4Gpb4Z+ybfbkRa+CBnUNY2uVy1+5EAA== Completed in 828ms
397 timing auditReport:init Completed in 2454ms
398 timing reify:audit Completed in 3041ms
399 http fetch GET 200 https://registry.npmjs.org/codepage/-/codepage-1.15.0.tgz 4246ms (cache miss)
400 timing reifyNode:node_modules/codepage Completed in 4292ms
401 http fetch GET 200 https://registry.npmjs.org/react-router/-/react-router-7.14.0.tgz 4233ms (cache miss)
402 timing reifyNode:node_modules/react-router-dom/node_modules/react-router Completed in 4289ms
403 http fetch GET 200 https://registry.npmjs.org/xlsx/-/xlsx-0.18.5.tgz 7019ms (cache miss)
404 timing reifyNode:node_modules/xlsx Completed in 7069ms
405 timing reify:unpack Completed in 7071ms
406 timing reify:unretire Completed in 0ms
407 timing build:queue Completed in 2ms
408 timing build:link:node_modules/xlsx Completed in 2ms
409 timing build:link:node_modules/crc-32 Completed in 2ms
410 timing build:link Completed in 2ms
411 timing build:deps Completed in 5ms
412 timing build Completed in 5ms
413 timing reify:build Completed in 7ms
414 timing reify:trash Completed in 9ms
415 timing command:install Completed in 13424ms
416 verbose stack Error: EACCES: permission denied, open '/Users/enyata/Downloads/Implement File Instructions/package-lock.json'
417 verbose cwd /Users/enyata/Downloads/Implement File Instructions
418 verbose Darwin 23.6.0
419 verbose node v16.20.0
420 verbose npm  v8.19.4
421 error code EACCES
422 error syscall open
423 error path /Users/enyata/Downloads/Implement File Instructions/package-lock.json
424 error errno -13
425 error [Error: EACCES: permission denied, open '/Users/enyata/Downloads/Implement File Instructions/package-lock.json'] {
425 error   errno: -13,
425 error   code: 'EACCES',
425 error   syscall: 'open',
425 error   path: '/Users/enyata/Downloads/Implement File Instructions/package-lock.json'
425 error }
426 error
426 error The operation was rejected by your operating system.
426 error It is likely you do not have the permissions to access this file as the current user
426 error
426 error If you believe this might be a permissions issue, please double-check the
426 error permissions of the file and its containing directories, or try running
426 error the command again as root/Administrator.
427 verbose exit -13
428 timing npm Completed in 13575ms
429 verbose unfinished npm timer reify 1775918063916
430 verbose unfinished npm timer reify:save 1775918077268
431 verbose code -13
432 error A complete log of this run can be found in:
432 error     /Users/enyata/Downloads/Implement File Instructions/.npm-cache/_logs/2026-04-11T14_34_23_765Z-debug-0.log
