0 verbose cli /usr/local/bin/node /usr/local/bin/npm
1 info using npm@8.19.4
2 info using node@v16.20.0
3 timing npm:load:whichnode Completed in 0ms
4 timing config:load:defaults Completed in 2ms
5 timing config:load:file:/usr/local/lib/node_modules/npm/npmrc Completed in 1ms
6 timing config:load:builtin Completed in 1ms
7 timing config:load:cli Completed in 2ms
8 timing config:load:env Completed in 0ms
9 timing config:load:file:/Users/enyata/Downloads/Implement File Instructions/.npmrc Completed in 1ms
10 timing config:load:project Completed in 3ms
11 timing config:load:file:/Users/enyata/.npmrc Completed in 1ms
12 timing config:load:user Completed in 2ms
13 timing config:load:file:/usr/local/etc/npmrc Completed in 0ms
14 timing config:load:global Completed in 0ms
15 timing config:load:validate Completed in 0ms
16 timing config:load:credentials Completed in 1ms
17 timing config:load:setEnvs Completed in 1ms
18 timing config:load Completed in 12ms
19 timing npm:load:configload Completed in 12ms
20 timing npm:load:mkdirpcache Completed in 4ms
21 timing npm:load:mkdirplogs Completed in 0ms
22 verbose title npm ls
23 verbose argv "ls" "--all" "--json"
24 timing npm:load:setTitle Completed in 22ms
25 timing config:load:flatten Completed in 2ms
26 timing npm:load:display Completed in 4ms
27 verbose logfile logs-max:10 dir:/Users/enyata/Downloads/Implement File Instructions/.npm-cache/_logs
28 verbose logfile /Users/enyata/Downloads/Implement File Instructions/.npm-cache/_logs/2026-04-13T22_09_05_308Z-debug-0.log
29 timing npm:load:logFile Completed in 4ms
30 timing npm:load:timers Completed in 0ms
31 timing npm:load:configScope Completed in 0ms
32 timing npm:load Completed in 47ms
33 timing arborist:ctor Completed in 0ms
34 silly logfile done cleaning log files
35 verbose shrinkwrap failed to load node_modules/.package-lock.json out of date, updated: node_modules
36 timing command:ls Completed in 365ms
37 verbose stack Error: invalid: react-router@7.13.0 /Users/enyata/Downloads/Implement File Instructions/node_modules/react-router
37 verbose stack     at LS.exec (/usr/local/lib/node_modules/npm/lib/commands/ls.js:205:9)
37 verbose stack     at processTicksAndRejections (node:internal/process/task_queues:96:5)
37 verbose stack     at async module.exports (/usr/local/lib/node_modules/npm/lib/cli.js:78:5)
38 verbose cwd /Users/enyata/Downloads/Implement File Instructions
39 verbose Darwin 23.6.0
40 verbose node v16.20.0
41 verbose npm  v8.19.4
42 error code ELSPROBLEMS
43 error invalid: react-router@7.13.0 /Users/enyata/Downloads/Implement File Instructions/node_modules/react-router
44 verbose exit 1
45 timing npm Completed in 528ms
46 verbose code 1
47 error A complete log of this run can be found in:
47 error     /Users/enyata/Downloads/Implement File Instructions/.npm-cache/_logs/2026-04-13T22_09_05_308Z-debug-0.log
